Archive member included to satisfy reference by file (symbol)

/mnt/c/Users/usman/Documents/GitHub/Marguerite/DaisyExamples/libDaisy/build/libdaisy.a(daisy_field.o)
                              build/main.o (daisy::DaisyField::Init())
/mnt/c/Users/usman/Documents/GitHub/Marguerite/DaisyExamples/libDaisy/build/libdaisy.a(daisy_seed.o)
                              /mnt/c/Users/usman/Documents/GitHub/Marguerite/DaisyExamples/libDaisy/build/libdaisy.a(daisy_field.o) (daisy::DaisySeed::Configure())
/mnt/c/Users/usman/Documents/GitHub/Marguerite/DaisyExamples/libDaisy/build/libdaisy.a(codec_ak4556.o)
                              /mnt/c/Users/usman/Documents/GitHub/Marguerite/DaisyExamples/libDaisy/build/libdaisy.a(daisy_seed.o) (codec_ak4556_init)
/mnt/c/Users/usman/Documents/GitHub/Marguerite/DaisyExamples/libDaisy/build/libdaisy.a(sdram.o)
                              /mnt/c/Users/usman/Documents/GitHub/Marguerite/DaisyExamples/libDaisy/build/libdaisy.a(daisy_seed.o) (dsy_sdram_init)
/mnt/c/Users/usman/Documents/GitHub/Marguerite/DaisyExamples/libDaisy/build/libdaisy.a(sr_4021.o)
                              /mnt/c/Users/usman/Documents/GitHub/Marguerite/DaisyExamples/libDaisy/build/libdaisy.a(daisy_field.o) (dsy_sr_4021_init)
/mnt/c/Users/usman/Documents/GitHub/Marguerite/DaisyExamples/libDaisy/build/libdaisy.a(audio.o)
                              /mnt/c/Users/usman/Documents/GitHub/Marguerite/DaisyExamples/libDaisy/build/libdaisy.a(daisy_seed.o) (daisy::AudioHandle::Init(daisy::AudioHandle::Config const&, daisy::SaiHandle))
/mnt/c/Users/usman/Documents/GitHub/Marguerite/DaisyExamples/libDaisy/build/libdaisy.a(ctrl.o)
                              /mnt/c/Users/usman/Documents/GitHub/Marguerite/DaisyExamples/libDaisy/build/libdaisy.a(daisy_field.o) (daisy::AnalogControl::Init(unsigned short*, float, bool, bool, float))
/mnt/c/Users/usman/Documents/GitHub/Marguerite/DaisyExamples/libDaisy/build/libdaisy.a(gatein.o)
                              /mnt/c/Users/usman/Documents/GitHub/Marguerite/DaisyExamples/libDaisy/build/libdaisy.a(daisy_field.o) (daisy::GateIn::Init(dsy_gpio_pin*))
/mnt/c/Users/usman/Documents/GitHub/Marguerite/DaisyExamples/libDaisy/build/libdaisy.a(oled_display.o)
                              /mnt/c/Users/usman/Documents/GitHub/Marguerite/DaisyExamples/libDaisy/build/libdaisy.a(daisy_field.o) (daisy::OledDisplay::Fill(bool))
/mnt/c/Users/usman/Documents/GitHub/Marguerite/DaisyExamples/libDaisy/build/libdaisy.a(switch.o)
                              /mnt/c/Users/usman/Documents/GitHub/Marguerite/DaisyExamples/libDaisy/build/libdaisy.a(daisy_field.o) (daisy::Switch::Init(dsy_gpio_pin, float))
/mnt/c/Users/usman/Documents/GitHub/Marguerite/DaisyExamples/libDaisy/build/libdaisy.a(adc.o)
                              /mnt/c/Users/usman/Documents/GitHub/Marguerite/DaisyExamples/libDaisy/build/libdaisy.a(daisy_field.o) (daisy::AdcChannelConfig::InitSingle(dsy_gpio_pin))
/mnt/c/Users/usman/Documents/GitHub/Marguerite/DaisyExamples/libDaisy/build/libdaisy.a(dac.o)
                              /mnt/c/Users/usman/Documents/GitHub/Marguerite/DaisyExamples/libDaisy/build/libdaisy.a(daisy_field.o) (dsy_dac_init)
/mnt/c/Users/usman/Documents/GitHub/Marguerite/DaisyExamples/libDaisy/build/libdaisy.a(gpio.o)
                              /mnt/c/Users/usman/Documents/GitHub/Marguerite/DaisyExamples/libDaisy/build/libdaisy.a(daisy_field.o) (dsy_gpio_init)
/mnt/c/Users/usman/Documents/GitHub/Marguerite/DaisyExamples/libDaisy/build/libdaisy.a(i2c.o)
                              build/main.o (daisy::I2CHandle::Init(daisy::I2CHandle::Config const&))
/mnt/c/Users/usman/Documents/GitHub/Marguerite/DaisyExamples/libDaisy/build/libdaisy.a(qspi.o)
                              /mnt/c/Users/usman/Documents/GitHub/Marguerite/DaisyExamples/libDaisy/build/libdaisy.a(daisy_seed.o) (dsy_qspi_init)
/mnt/c/Users/usman/Documents/GitHub/Marguerite/DaisyExamples/libDaisy/build/libdaisy.a(sai.o)
                              /mnt/c/Users/usman/Documents/GitHub/Marguerite/DaisyExamples/libDaisy/build/libdaisy.a(daisy_seed.o) (daisy::SaiHandle::Init(daisy::SaiHandle::Config const&))
/mnt/c/Users/usman/Documents/GitHub/Marguerite/DaisyExamples/libDaisy/build/libdaisy.a(spi.o)
                              /mnt/c/Users/usman/Documents/GitHub/Marguerite/DaisyExamples/libDaisy/build/libdaisy.a(oled_display.o) (daisy::SpiHandle::Init())
/mnt/c/Users/usman/Documents/GitHub/Marguerite/DaisyExamples/libDaisy/build/libdaisy.a(tim.o)
                              /mnt/c/Users/usman/Documents/GitHub/Marguerite/DaisyExamples/libDaisy/build/libdaisy.a(daisy_seed.o) (dsy_tim_init)
/mnt/c/Users/usman/Documents/GitHub/Marguerite/DaisyExamples/libDaisy/build/libdaisy.a(system.o)
                              /mnt/c/Users/usman/Documents/GitHub/Marguerite/DaisyExamples/libDaisy/build/libdaisy.a(daisy_seed.o) (dsy_system_init)
/mnt/c/Users/usman/Documents/GitHub/Marguerite/DaisyExamples/libDaisy/build/libdaisy.a(hal_map.o)
[...]
Memory Configuration

Name             Origin             Length             Attributes
FLASH            0x0000000008000000 0x0000000000020000 xr
DTCMRAM          0x0000000020000000 0x0000000000020000 xrw
SRAM             0x0000000024000000 0x0000000000080000 xrw
RAM_D2           0x0000000030000000 0x0000000000048000 xrw
RAM_D3           0x0000000038000000 0x0000000000010000 xrw
ITCMRAM          0x0000000000000000 0x0000000000010000 xrw
SDRAM            0x00000000c0000000 0x0000000004000000 xrw
QSPIFLASH        0x0000000090000000 0x0000000000800000 xr
*default*        0x0000000000000000 0xffffffffffffffff

Linker script and memory map

LOAD /home/ujamil/development/gcc-arm-none-eabi-9-2020-q2-update/bin/../lib/gcc/arm-none-eabi/9.3.1/thumb/v7e-m+dp/hard/crti.o
LOAD /home/ujamil/development/gcc-arm-none-eabi-9-2020-q2-update/bin/../lib/gcc/arm-none-eabi/9.3.1/thumb/v7e-m+dp/hard/crtbegin.o
LOAD /home/ujamil/development/gcc-arm-none-eabi-9-2020-q2-update/bin/../lib/gcc/arm-none-eabi/9.3.1/../../../../arm-none-eabi/lib/thumb/v7e-m+dp/hard/crt0.o
LOAD build/system_stm32h7xx.o
LOAD build/startup_stm32h750xx.o
LOAD build/main.o
LOAD /mnt/c/Users/usman/Documents/GitHub/Marguerite/DaisyExamples/libDaisy/build/libdaisy.a
LOAD /home/ujamil/development/gcc-arm-none-eabi-9-2020-q2-update/bin/../lib/gcc/arm-none-eabi/9.3.1/../../../../arm-none-eabi/lib/thumb/v7e-m+dp/hard/libnosys.a
LOAD /mnt/c/Users/usman/Documents/GitHub/Marguerite/DaisyExamples/DaisySP/build/libdaisysp.a
LOAD /home/ujamil/development/gcc-arm-none-eabi-9-2020-q2-update/bin/../lib/gcc/arm-none-eabi/9.3.1/../../../../arm-none-eabi/lib/thumb/v7e-m+dp/hard/libstdc++_nano.a
LOAD /home/ujamil/development/gcc-arm-none-eabi-9-2020-q2-update/bin/../lib/gcc/arm-none-eabi/9.3.1/../../../../arm-none-eabi/lib/thumb/v7e-m+dp/hard/libm.a
LOAD /home/ujamil/development/gcc-arm-none-eabi-9-2020-q2-update/bin/../lib/gcc/arm-none-eabi/9.3.1/../../../../arm-none-eabi/lib/thumb/v7e-m+dp/hard/libc_nano.a
START GROUP
LOAD /home/ujamil/development/gcc-arm-none-eabi-9-2020-q2-update/bin/../lib/gcc/arm-none-eabi/9.3.1/thumb/v7e-m+dp/hard/libgcc.a
LOAD /home/ujamil/development/gcc-arm-none-eabi-9-2020-q2-update/bin/../lib/gcc/arm-none-eabi/9.3.1/../../../../arm-none-eabi/lib/thumb/v7e-m+dp/hard/libc_nano.a
END GROUP
START GROUP
LOAD /home/ujamil/development/gcc-arm-none-eabi-9-2020-q2-update/bin/../lib/gcc/arm-none-eabi/9.3.1/thumb/v7e-m+dp/hard/libgcc.a
LOAD /home/ujamil/development/gcc-arm-none-eabi-9-2020-q2-update/bin/../lib/gcc/arm-none-eabi/9.3.1/../../../../arm-none-eabi/lib/thumb/v7e-m+dp/hard/libc_nano.a
LOAD /home/ujamil/development/gcc-arm-none-eabi-9-2020-q2-update/bin/../lib/gcc/arm-none-eabi/9.3.1/../../../../arm-none-eabi/lib/thumb/v7e-m+dp/hard/libnosys.a
END GROUP
START GROUP
LOAD /home/ujamil/development/gcc-arm-none-eabi-9-2020-q2-update/bin/../lib/gcc/arm-none-eabi/9.3.1/thumb/v7e-m+dp/hard/libgcc.a
LOAD /home/ujamil/development/gcc-arm-none-eabi-9-2020-q2-update/bin/../lib/gcc/arm-none-eabi/9.3.1/../../../../arm-none-eabi/lib/thumb/v7e-m+dp/hard/libc_nano.a
LOAD /home/ujamil/development/gcc-arm-none-eabi-9-2020-q2-update/bin/../lib/gcc/arm-none-eabi/9.3.1/../../../../arm-none-eabi/lib/thumb/v7e-m+dp/hard/libnosys.a
END GROUP
LOAD /home/ujamil/development/gcc-arm-none-eabi-9-2020-q2-update/bin/../lib/gcc/arm-none-eabi/9.3.1/thumb/v7e-m+dp/hard/crtend.o
LOAD /home/ujamil/development/gcc-arm-none-eabi-9-2020-q2-update/bin/../lib/gcc/arm-none-eabi/9.3.1/thumb/v7e-m+dp/hard/crtn.o
                0x0000000020020000                _estack = 0x20020000

.isr_vector     0x0000000008000000      0x298
                0x0000000008000000                . = ALIGN (0x4)
 *(.isr_vector)
 .isr_vector    0x0000000008000000      0x298 build/startup_stm32h750xx.o
                0x0000000008000000                g_pfnVectors
                0x0000000008000298                . = ALIGN (0x4)

.text           0x0000000008000298     0xb6e8
                0x0000000008000298                . = ALIGN (0x4)
                0x0000000008000298                _stext = .
 *(.text)
 .text          0x0000000008000298       0x40 /home/ujamil/development/gcc-arm-none-eabi-9-2020-q2-update/bin/../lib/gcc/arm-none-eabi/9.3.1/thumb/v7e-m+dp/hard/crtbegin.o
 *(.text*)
 .text.SystemInit
                0x00000000080002d8       0x80 build/system_stm32h7xx.o
                0x00000000080002d8                SystemInit
 .text.Default_Handler
                0x0000000008000358        0x4 build/startup_stm32h750xx.o
                0x0000000008000358                RTC_Alarm_IRQHandler
                0x0000000008000358                HASH_RNG_IRQHandler
                0x0000000008000358                EXTI2_IRQHandler
                0x0000000008000358                TIM8_CC_IRQHandler
                0x0000000008000358                HRTIM1_Master_IRQHandler
                0x0000000008000358                DebugMon_Handler
                0x0000000008000358                UART8_IRQHandler
                0x0000000008000358                SPI4_IRQHandler
                0x0000000008000358                TIM1_CC_IRQHandler
                0x0000000008000358                BDMA_Channel6_IRQHandler
                0x0000000008000358                DMA2_Stream5_IRQHandler
                0x0000000008000358                HRTIM1_FLT_IRQHandler
                0x0000000008000358                JPEG_IRQHandler
                0x0000000008000358                DMA1_Stream5_IRQHandler
                0x0000000008000358                BDMA_Channel1_IRQHandler
                0x0000000008000358                HRTIM1_TIMD_IRQHandler
                0x0000000008000358                TAMP_STAMP_IRQHandler
                0x0000000008000358                PendSV_Handler
                0x0000000008000358                NMI_Handler
                0x0000000008000358                EXTI3_IRQHandler
                0x0000000008000358                LPTIM4_IRQHandler
                0x0000000008000358                TIM8_TRG_COM_TIM14_IRQHandler
                0x0000000008000358                LPTIM2_IRQHandler
                0x0000000008000358                DFSDM1_FLT1_IRQHandler
                0x0000000008000358                DMAMUX2_OVR_IRQHandler
                0x0000000008000358                TIM8_UP_TIM13_IRQHandler
                0x0000000008000358                I2C3_ER_IRQHandler
                0x0000000008000358                DFSDM1_FLT2_IRQHandler
                0x0000000008000358                MDMA_IRQHandler
                0x0000000008000358                LPTIM3_IRQHandler
                0x0000000008000358                HSEM1_IRQHandler
                0x0000000008000358                EXTI0_IRQHandler
                0x0000000008000358                FPU_IRQHandler
                0x0000000008000358                OTG_HS_WKUP_IRQHandler
                0x0000000008000358                FDCAN1_IT1_IRQHandler
                0x0000000008000358                UsageFault_Handler
                0x0000000008000358                LTDC_ER_IRQHandler
                0x0000000008000358                DMA2_Stream2_IRQHandler
                0x0000000008000358                HRTIM1_TIME_IRQHandler
                0x0000000008000358                SPI1_IRQHandler
                0x0000000008000358                TIM6_DAC_IRQHandler
                0x0000000008000358                DCMI_IRQHandler
                0x0000000008000358                HRTIM1_TIMC_IRQHandler
                0x0000000008000358                DMA2_Stream3_IRQHandler
                0x0000000008000358                SAI2_IRQHandler
                0x0000000008000358                DFSDM1_FLT3_IRQHandler
                0x0000000008000358                USART6_IRQHandler
                0x0000000008000358                TIM17_IRQHandler
                0x0000000008000358                USART3_IRQHandler
                0x0000000008000358                CRYP_IRQHandler
                0x0000000008000358                BDMA_Channel7_IRQHandler
                0x0000000008000358                LPTIM5_IRQHandler
                0x0000000008000358                UART5_IRQHandler
                0x0000000008000358                ADC3_IRQHandler
                0x0000000008000358                DMA2_Stream0_IRQHandler
                0x0000000008000358                TIM4_IRQHandler
                0x0000000008000358                BDMA_Channel2_IRQHandler
                0x0000000008000358                DMAMUX1_OVR_IRQHandler
                0x0000000008000358                TIM16_IRQHandler
                0x0000000008000358                UART4_IRQHandler
                0x0000000008000358                BDMA_Channel5_IRQHandler
                0x0000000008000358                TIM3_IRQHandler
                0x0000000008000358                RCC_IRQHandler
                0x0000000008000358                TIM8_BRK_TIM12_IRQHandler
                0x0000000008000358                TIM1_TRG_COM_IRQHandler
                0x0000000008000358                Default_Handler
                0x0000000008000358                ECC_IRQHandler
                0x0000000008000358                CEC_IRQHandler
                0x0000000008000358                EXTI15_10_IRQHandler
                0x0000000008000358                BDMA_Channel0_IRQHandler
                0x0000000008000358                ADC_IRQHandler
                0x0000000008000358                DMA1_Stream7_IRQHandler
                0x0000000008000358                HRTIM1_TIMA_IRQHandler
                0x0000000008000358                SPI5_IRQHandler
                0x0000000008000358                TIM7_IRQHandler
                0x0000000008000358                SDMMC1_IRQHandler
                0x0000000008000358                TIM5_IRQHandler
                0x0000000008000358                DMA2_Stream7_IRQHandler
                0x0000000008000358                TIM15_IRQHandler
                0x0000000008000358                PVD_AVD_IRQHandler
                0x0000000008000358                EXTI9_5_IRQHandler
                0x0000000008000358                RTC_WKUP_IRQHandler
                0x0000000008000358                LTDC_IRQHandler
                0x0000000008000358                SAI3_IRQHandler
                0x0000000008000358                ETH_WKUP_IRQHandler
                0x0000000008000358                SPDIF_RX_IRQHandler
                0x0000000008000358                SPI2_IRQHandler
                0x0000000008000358                OTG_HS_EP1_IN_IRQHandler
                0x0000000008000358                MemManage_Handler
                0x0000000008000358                SVC_Handler
                0x0000000008000358                CRS_IRQHandler
                0x0000000008000358                EXTI4_IRQHandler
                0x0000000008000358                HRTIM1_TIMB_IRQHandler
                0x0000000008000358                FDCAN2_IT1_IRQHandler
                0x0000000008000358                ETH_IRQHandler
                0x0000000008000358                TIM1_UP_IRQHandler
                0x0000000008000358                BDMA_Channel4_IRQHandler
                0x0000000008000358                OTG_HS_EP1_OUT_IRQHandler
                0x0000000008000358                WWDG_IRQHandler
                0x0000000008000358                SPI6_IRQHandler
                0x0000000008000358                I2C4_EV_IRQHandler
                0x0000000008000358                MDIOS_IRQHandler
                0x0000000008000358                FDCAN2_IT0_IRQHandler
                0x0000000008000358                LPUART1_IRQHandler
                0x0000000008000358                FDCAN1_IT0_IRQHandler
                0x0000000008000358                TIM2_IRQHandler
                0x0000000008000358                OTG_FS_WKUP_IRQHandler
                0x0000000008000358                OTG_HS_IRQHandler
                0x0000000008000358                DMA2D_IRQHandler
                0x0000000008000358                TIM1_BRK_IRQHandler
                0x0000000008000358                EXTI1_IRQHandler
                0x0000000008000358                SDMMC2_IRQHandler
                0x0000000008000358                OTG_FS_EP1_OUT_IRQHandler
                0x0000000008000358                BDMA_Channel3_IRQHandler
                0x0000000008000358                UART7_IRQHandler
                0x0000000008000358                MDIOS_WKUP_IRQHandler
                0x0000000008000358                USART2_IRQHandler
                0x0000000008000358                DFSDM1_FLT0_IRQHandler
                0x0000000008000358                SAI4_IRQHandler
                0x0000000008000358                I2C2_ER_IRQHandler
                0x0000000008000358                DMA2_Stream1_IRQHandler
                0x0000000008000358                FLASH_IRQHandler
                0x0000000008000358                DMA2_Stream4_IRQHandler
                0x0000000008000358                BusFault_Handler
                0x0000000008000358                USART1_IRQHandler
                0x0000000008000358                OTG_FS_IRQHandler
                0x0000000008000358                SPI3_IRQHandler
                0x0000000008000358                WAKEUP_PIN_IRQHandler
                0x0000000008000358                OTG_FS_EP1_IN_IRQHandler
                0x0000000008000358                I2C1_ER_IRQHandler
                0x0000000008000358                FMC_IRQHandler
                0x0000000008000358                FDCAN_CAL_IRQHandler
                0x0000000008000358                SWPMI1_IRQHandler
                0x0000000008000358                COMP1_IRQHandler
                0x0000000008000358                LPTIM1_IRQHandler
                0x0000000008000358                I2C4_ER_IRQHandler
                0x0000000008000358                DMA2_Stream6_IRQHandler
                0x0000000008000358                SAI1_IRQHandler
 .text.Reset_Handler
                0x000000000800035c       0x4c build/startup_stm32h750xx.o
                0x000000000800035c                Reset_Handler
 .text._ZN5daisy10DaisyFieldD2Ev
                0x00000000080003a8        0x4 build/main.o
                0x00000000080003a8                daisy::DaisyField::~DaisyField()
                0x00000000080003a8                daisy::DaisyField::~DaisyField()
 .text._ZN5daisy16LedDriverPca9685ILi2ELb1EE14TxCpltCallbackEPvNS_9I2CHandle6ResultE
                0x00000000080003ac       0x54 build/main.o
                0x00000000080003ac                daisy::LedDriverPca9685<2, true>::TxCpltCallback(void*, daisy::I2CHandle::Result)
 .text._Z8softClipf
                0x0000000008000400       0x2c build/main.o
                0x0000000008000400                softClip(float)
 *fill*         0x000000000800042c        0x4 
 .text._ZL13AudioCallbackPPfS0_j
                0x0000000008000430      0x228 build/main.o
 .text.startup.main
                0x0000000008000658      0x1ac build/main.o
                0x0000000008000658                main
 .text.startup._GLOBAL__sub_I_hw
                0x0000000008000804       0x38 build/main.o
 .text._ZN5daisy10DaisyField4InitEv
                0x000000000800083c      0x34c /mnt/c/Users/usman/Documents/GitHub/Marguerite/DaisyExamples/libDaisy/build/libdaisy.a(daisy_field.o)
                0x000000000800083c                daisy::DaisyField::Init()
 .text._ZN5daisy10DaisyField10StartAudioEPFvPPfS2_jE
                0x0000000008000b88        0x4 /mnt/c/Users/usman/Documents/GitHub/Marguerite/DaisyExamples/libDaisy/build/libdaisy.a(daisy_field.o)
                0x0000000008000b88                daisy::DaisyField::StartAudio(void (*)(float**, float**, unsigned int))
 .text._ZN5daisy10DaisyField15AudioSampleRateEv
                0x0000000008000b8c        0x4 /mnt/c/Users/usman/Documents/GitHub/Marguerite/DaisyExamples/libDaisy/build/libdaisy.a(daisy_field.o)
                0x0000000008000b8c                daisy::DaisyField::AudioSampleRate()
 .text.startup._GLOBAL__sub_I__ZN5daisy10DaisyField4InitEv
                0x0000000008000b90       0x18 /mnt/c/Users/usman/Documents/GitHub/Marguerite/DaisyExamples/libDaisy/build/libdaisy.a(daisy_field.o)
 .text._ZN5daisy9DaisySeed9ConfigureEv
                0x0000000008000ba8       0x50 /mnt/c/Users/usman/Documents/GitHub/Marguerite/DaisyExamples/libDaisy/build/libdaisy.a(daisy_seed.o)
                0x0000000008000ba8                daisy::DaisySeed::Configure()
 .text._ZN5daisy9DaisySeed6GetPinEh
                0x0000000008000bf8       0x2c /mnt/c/Users/usman/Documents/GitHub/Marguerite/DaisyExamples/libDaisy/build/libdaisy.a(daisy_seed.o)
                0x0000000008000bf8                daisy::DaisySeed::GetPin(unsigned char)
 .text._ZN5daisy9DaisySeed10StartAudioEPFvPPfS2_jE
                0x0000000008000c24        0x8 /mnt/c/Users/usman/Documents/GitHub/Marguerite/DaisyExamples/libDaisy/build/libdaisy.a(daisy_seed.o)
                0x0000000008000c24                daisy::DaisySeed::StartAudio(void (*)(float**, float**, unsigned int))
 .text._ZN5daisy9DaisySeed15AudioSampleRateEv
                0x0000000008000c2c        0x8 /mnt/c/Users/usman/Documents/GitHub/Marguerite/DaisyExamples/libDaisy/build/libdaisy.a(daisy_seed.o)
                0x0000000008000c2c                daisy::DaisySeed::AudioSampleRate()
 .text._ZN5daisy9DaisySeed17SetAudioBlockSizeEj
                0x0000000008000c34       0x38 /mnt/c/Users/usman/Documents/GitHub/Marguerite/DaisyExamples/libDaisy/build/libdaisy.a(daisy_seed.o)
                0x0000000008000c34                daisy::DaisySeed::SetAudioBlockSize(unsigned int)
 .text._ZNK5daisy9DaisySeed17AudioCallbackRateEv
                0x0000000008000c6c        0x8 /mnt/c/Users/usman/Documents/GitHub/Marguerite/DaisyExamples/libDaisy/build/libdaisy.a(daisy_seed.o)
                0x0000000008000c6c                daisy::DaisySeed::AudioCallbackRate() const
 .text._ZN5daisy9DaisySeed14ConfigureAudioEv
                0x0000000008000c74       0x70 /mnt/c/Users/usman/Documents/GitHub/Marguerite/DaisyExamples/libDaisy/build/libdaisy.a(daisy_seed.o)
                0x0000000008000c74                daisy::DaisySeed::ConfigureAudio()
 .text._ZN5daisy9DaisySeed4InitEv
                0x0000000008000ce4       0x60 /mnt/c/Users/usman/Documents/GitHub/Marguerite/DaisyExamples/libDaisy/build/libdaisy.a(daisy_seed.o)
                0x0000000008000ce4                daisy::DaisySeed::Init()
 .text.codec_ak4556_init
                0x0000000008000d44       0x44 /mnt/c/Users/usman/Documents/GitHub/Marguerite/DaisyExamples/libDaisy/build/libdaisy.a(codec_ak4556.o)
                0x0000000008000d44                codec_ak4556_init
 .text.dsy_sdram_init
                0x0000000008000d88      0x120 /mnt/c/Users/usman/Documents/GitHub/Marguerite/DaisyExamples/libDaisy/build/libdaisy.a(sdram.o)
                0x0000000008000d88                dsy_sdram_init
 .text.HAL_SDRAM_MspInit
                0x0000000008000ea8      0x1cc /mnt/c/Users/usman/Documents/GitHub/Marguerite/DaisyExamples/libDaisy/build/libdaisy.a(sdram.o)
                0x0000000008000ea8                HAL_SDRAM_MspInit
 .text.dsy_sr_4021_init
                0x0000000008001074       0x64 /mnt/c/Users/usman/Documents/GitHub/Marguerite/DaisyExamples/libDaisy/build/libdaisy.a(sr_4021.o)
                0x0000000008001074                dsy_sr_4021_init
 .text.dsy_sr_4021_update
                0x00000000080010d8       0xa0 /mnt/c/Users/usman/Documents/GitHub/Marguerite/DaisyExamples/libDaisy/build/libdaisy.a(sr_4021.o)
                0x00000000080010d8                dsy_sr_4021_update
 .text.dsy_sr_4021_state
                0x0000000008001178       0x18 /mnt/c/Users/usman/Documents/GitHub/Marguerite/DaisyExamples/libDaisy/build/libdaisy.a(sr_4021.o)
                0x0000000008001178                dsy_sr_4021_state
 .text._ZN5daisy11AudioHandle4Impl16InternalCallbackEPlS2_j
                0x0000000008001190      0xc68 /mnt/c/Users/usman/Documents/GitHub/Marguerite/DaisyExamples/libDaisy/build/libdaisy.a(audio.o)
                0x0000000008001190                daisy::AudioHandle::Impl::InternalCallback(long*, long*, unsigned int)
 .text._ZN5daisy11AudioHandle4InitERKNS0_6ConfigENS_9SaiHandleE
                0x0000000008001df8       0x68 /mnt/c/Users/usman/Documents/GitHub/Marguerite/DaisyExamples/libDaisy/build/libdaisy.a(audio.o)
                0x0000000008001df8                daisy::AudioHandle::Init(daisy::AudioHandle::Config const&, daisy::SaiHandle)
 .text._ZNK5daisy11AudioHandle9GetConfigEv
                0x0000000008001e60        0x8 /mnt/c/Users/usman/Documents/GitHub/Marguerite/DaisyExamples/libDaisy/build/libdaisy.a(audio.o)
                0x0000000008001e60                daisy::AudioHandle::GetConfig() const
 .text._ZN5daisy11AudioHandle12SetBlockSizeEj
                0x0000000008001e68       0x1c /mnt/c/Users/usman/Documents/GitHub/Marguerite/DaisyExamples/libDaisy/build/libdaisy.a(audio.o)
                0x0000000008001e68                daisy::AudioHandle::SetBlockSize(unsigned int)
 .text._ZN5daisy11AudioHandle13GetSampleRateEv
                0x0000000008001e84        0x8 /mnt/c/Users/usman/Documents/GitHub/Marguerite/DaisyExamples/libDaisy/build/libdaisy.a(audio.o)
                0x0000000008001e84                daisy::AudioHandle::GetSampleRate()
 .text._ZN5daisy11AudioHandle5StartEPFvPPfS2_jE
                0x0000000008001e8c       0x44 /mnt/c/Users/usman/Documents/GitHub/Marguerite/DaisyExamples/libDaisy/build/libdaisy.a(audio.o)
                0x0000000008001e8c                daisy::AudioHandle::Start(void (*)(float**, float**, unsigned int))
 .text.startup._GLOBAL__sub_I__ZN5daisy11AudioHandle4Impl4InitENS0_6ConfigENS_9SaiHandleE
                0x0000000008001ed0       0x10 /mnt/c/Users/usman/Documents/GitHub/Marguerite/DaisyExamples/libDaisy/build/libdaisy.a(audio.o)
 .text._ZN5daisy13AnalogControl4InitEPtfbbf
                0x0000000008001ee0       0x34 /mnt/c/Users/usman/Documents/GitHub/Marguerite/DaisyExamples/libDaisy/build/libdaisy.a(ctrl.o)
                0x0000000008001ee0                daisy::AnalogControl::Init(unsigned short*, float, bool, bool, float)
 .text._ZN5daisy13AnalogControl13InitBipolarCvEPtf
                0x0000000008001f14       0x44 /mnt/c/Users/usman/Documents/GitHub/Marguerite/DaisyExamples/libDaisy/build/libdaisy.a(ctrl.o)
                0x0000000008001f14                daisy::AnalogControl::InitBipolarCv(unsigned short*, float)
 .text._ZN5daisy13AnalogControl7ProcessEv
                0x0000000008001f58       0x48 /mnt/c/Users/usman/Documents/GitHub/Marguerite/DaisyExamples/libDaisy/build/libdaisy.a(ctrl.o)
                0x0000000008001f58                daisy::AnalogControl::Process()
 .text._ZN5daisy6GateIn4InitEP12dsy_gpio_pin
                0x0000000008001fa0       0x10 /mnt/c/Users/usman/Documents/GitHub/Marguerite/DaisyExamples/libDaisy/build/libdaisy.a(gatein.o)
                0x0000000008001fa0                daisy::GateIn::Init(dsy_gpio_pin*)
 .text._ZN5daisy6GateIn4TrigEv
                0x0000000008001fb0       0x28 /mnt/c/Users/usman/Documents/GitHub/Marguerite/DaisyExamples/libDaisy/build/libdaisy.a(gatein.o)
                0x0000000008001fb0                daisy::GateIn::Trig()
 .text._ZN5daisy9SpiHandleD2Ev
                0x0000000008001fd8        0x4 /mnt/c/Users/usman/Documents/GitHub/Marguerite/DaisyExamples/libDaisy/build/libdaisy.a(oled_display.o)
                0x0000000008001fd8                daisy::SpiHandle::~SpiHandle()
                0x0000000008001fd8                daisy::SpiHandle::~SpiHandle()
 .text._ZN5daisy11OledDisplay6UpdateEv
                0x0000000008001fdc       0x8c /mnt/c/Users/usman/Documents/GitHub/Marguerite/DaisyExamples/libDaisy/build/libdaisy.a(oled_display.o)
                0x0000000008001fdc                daisy::OledDisplay::Update()
 .text._ZN5daisy11OledDisplay4InitEP12dsy_gpio_pin
                0x0000000008002068      0x328 /mnt/c/Users/usman/Documents/GitHub/Marguerite/DaisyExamples/libDaisy/build/libdaisy.a(oled_display.o)
                0x0000000008002068                daisy::OledDisplay::Init(dsy_gpio_pin*)
 .text.startup._GLOBAL__sub_I__ZN5daisy11OledDisplay4InitEP12dsy_gpio_pin
                0x0000000008002390       0x18 /mnt/c/Users/usman/Documents/GitHub/Marguerite/DaisyExamples/libDaisy/build/libdaisy.a(oled_display.o)
 .text._ZN5daisy6Switch4InitE12dsy_gpio_pinf
                0x00000000080023a8       0x38 /mnt/c/Users/usman/Documents/GitHub/Marguerite/DaisyExamples/libDaisy/build/libdaisy.a(switch.o)
                0x00000000080023a8                daisy::Switch::Init(dsy_gpio_pin, float)
 .text._ZN5daisy6Switch8DebounceEv
                0x00000000080023e0       0x4c /mnt/c/Users/usman/Documents/GitHub/Marguerite/DaisyExamples/libDaisy/build/libdaisy.a(switch.o)
                0x00000000080023e0                daisy::Switch::Debounce()
 .text._ZN5daisy16AdcChannelConfig10InitSingleE12dsy_gpio_pin
                0x000000000800242c       0x1c /mnt/c/Users/usman/Documents/GitHub/Marguerite/DaisyExamples/libDaisy/build/libdaisy.a(adc.o)
                0x000000000800242c                daisy::AdcChannelConfig::InitSingle(dsy_gpio_pin)
 .text._ZN5daisy16AdcChannelConfig7InitMuxE12dsy_gpio_pinjS1_S1_S1_
                0x0000000008002448       0x74 /mnt/c/Users/usman/Documents/GitHub/Marguerite/DaisyExamples/libDaisy/build/libdaisy.a(adc.o)
                0x0000000008002448                daisy::AdcChannelConfig::InitMux(dsy_gpio_pin, unsigned int, dsy_gpio_pin, dsy_gpio_pin, dsy_gpio_pin)
 .text._ZN5daisy9AdcHandle4InitEPNS_16AdcChannelConfigEjNS0_12OverSamplingE
                0x00000000080024bc      0x5f8 /mnt/c/Users/usman/Documents/GitHub/Marguerite/DaisyExamples/libDaisy/build/libdaisy.a(adc.o)
                0x00000000080024bc                daisy::AdcHandle::Init(daisy::AdcChannelConfig*, unsigned int, daisy::AdcHandle::OverSampling)
 .text._ZN5daisy9AdcHandle5StartEv
                0x0000000008002ab4       0x38 /mnt/c/Users/usman/Documents/GitHub/Marguerite/DaisyExamples/libDaisy/build/libdaisy.a(adc.o)
                0x0000000008002ab4                daisy::AdcHandle::Start()
 .text._ZNK5daisy9AdcHandle6GetPtrEh
                0x0000000008002aec       0x14 /mnt/c/Users/usman/Documents/GitHub/Marguerite/DaisyExamples/libDaisy/build/libdaisy.a(adc.o)
                0x0000000008002aec                daisy::AdcHandle::GetPtr(unsigned char) const
 .text._ZNK5daisy9AdcHandle9GetMuxPtrEhh
                0x0000000008002b00       0x18 /mnt/c/Users/usman/Documents/GitHub/Marguerite/DaisyExamples/libDaisy/build/libdaisy.a(adc.o)
                0x0000000008002b00                daisy::AdcHandle::GetMuxPtr(unsigned char, unsigned char) const
 .text.HAL_ADC_MspInit
                0x0000000008002b18       0x8c /mnt/c/Users/usman/Documents/GitHub/Marguerite/DaisyExamples/libDaisy/build/libdaisy.a(adc.o)
                0x0000000008002b18                HAL_ADC_MspInit
 .text.DMA1_Stream2_IRQHandler
                0x0000000008002ba4        0xc /mnt/c/Users/usman/Documents/GitHub/Marguerite/DaisyExamples/libDaisy/build/libdaisy.a(adc.o)
                0x0000000008002ba4                DMA1_Stream2_IRQHandler
 .text.HAL_ADC_ConvHalfCpltCallback
                0x0000000008002bb0       0xb4 /mnt/c/Users/usman/Documents/GitHub/Marguerite/DaisyExamples/libDaisy/build/libdaisy.a(adc.o)
                0x0000000008002bb0                HAL_ADC_ConvHalfCpltCallback
 .text.dsy_dac_init
                0x0000000008002c64       0x6c /mnt/c/Users/usman/Documents/GitHub/Marguerite/DaisyExamples/libDaisy/build/libdaisy.a(dac.o)
                0x0000000008002c64                dsy_dac_init
 .text.HAL_DAC_MspInit
                0x0000000008002cd0       0xb0 /mnt/c/Users/usman/Documents/GitHub/Marguerite/DaisyExamples/libDaisy/build/libdaisy.a(dac.o)
                0x0000000008002cd0                HAL_DAC_MspInit
 .text.dsy_gpio_init
                0x0000000008002d80      0x1b8 /mnt/c/Users/usman/Documents/GitHub/Marguerite/DaisyExamples/libDaisy/build/libdaisy.a(gpio.o)
                0x0000000008002d80                dsy_gpio_init
 .text.dsy_gpio_read
                0x0000000008002f38       0x1c /mnt/c/Users/usman/Documents/GitHub/Marguerite/DaisyExamples/libDaisy/build/libdaisy.a(gpio.o)
                0x0000000008002f38                dsy_gpio_read
 .text.dsy_gpio_write
                0x0000000008002f54       0x24 /mnt/c/Users/usman/Documents/GitHub/Marguerite/DaisyExamples/libDaisy/build/libdaisy.a(gpio.o)
                0x0000000008002f54                dsy_gpio_write
 .text._ZN5daisy9I2CHandle4Impl16StartDmaTransferEtPhtPFvPvNS0_6ResultEES3_
                0x0000000008002f78       0xc0 /mnt/c/Users/usman/Documents/GitHub/Marguerite/DaisyExamples/libDaisy/build/libdaisy.a(i2c.o)
                0x0000000008002f78                daisy::I2CHandle::Impl::StartDmaTransfer(unsigned short, unsigned char*, unsigned short, void (*)(void*, daisy::I2CHandle::Result), void*)
 .text._ZN5daisy9I2CHandle4Impl8InitPinsEv
                0x0000000008003038       0x58 /mnt/c/Users/usman/Documents/GitHub/Marguerite/DaisyExamples/libDaisy/build/libdaisy.a(i2c.o)
                0x0000000008003038                daisy::I2CHandle::Impl::InitPins()
 .text.HAL_I2C_MspInit
                0x0000000008003090      0x1b4 /mnt/c/Users/usman/Documents/GitHub/Marguerite/DaisyExamples/libDaisy/build/libdaisy.a(i2c.o)
                0x0000000008003090                HAL_I2C_MspInit
 .text.dsy_i2c_global_init
                0x0000000008003244       0x70 /mnt/c/Users/usman/Documents/GitHub/Marguerite/DaisyExamples/libDaisy/build/libdaisy.a(i2c.o)
                0x0000000008003244                dsy_i2c_global_init
 .text.DMA1_Stream6_IRQHandler
                0x00000000080032b4       0x24 /mnt/c/Users/usman/Documents/GitHub/Marguerite/DaisyExamples/libDaisy/build/libdaisy.a(i2c.o)
                0x00000000080032b4                DMA1_Stream6_IRQHandler
 .text.I2C1_EV_IRQHandler
                0x00000000080032d8        0xc /mnt/c/Users/usman/Documents/GitHub/Marguerite/DaisyExamples/libDaisy/build/libdaisy.a(i2c.o)
                0x00000000080032d8                I2C1_EV_IRQHandler
 .text.I2C2_EV_IRQHandler
                0x00000000080032e4        0xc /mnt/c/Users/usman/Documents/GitHub/Marguerite/DaisyExamples/libDaisy/build/libdaisy.a(i2c.o)
                0x00000000080032e4                I2C2_EV_IRQHandler
 .text.I2C3_EV_IRQHandler
                0x00000000080032f0        0xc /mnt/c/Users/usman/Documents/GitHub/Marguerite/DaisyExamples/libDaisy/build/libdaisy.a(i2c.o)
                0x00000000080032f0                I2C3_EV_IRQHandler
 .text.HAL_I2C_MasterTxCpltCallback
                0x00000000080032fc       0x64 /mnt/c/Users/usman/Documents/GitHub/Marguerite/DaisyExamples/libDaisy/build/libdaisy.a(i2c.o)
                0x00000000080032fc                HAL_I2C_MasterTxCpltCallback
 .text.HAL_I2C_ErrorCallback
                0x0000000008003360       0x6c /mnt/c/Users/usman/Documents/GitHub/Marguerite/DaisyExamples/libDaisy/build/libdaisy.a(i2c.o)
                0x0000000008003360                HAL_I2C_ErrorCallback
 .text._ZN5daisy9I2CHandle4InitERKNS0_6ConfigE
                0x00000000080033cc       0xbc /mnt/c/Users/usman/Documents/GitHub/Marguerite/DaisyExamples/libDaisy/build/libdaisy.a(i2c.o)
                0x00000000080033cc                daisy::I2CHandle::Init(daisy::I2CHandle::Config const&)
 .text._ZNK5daisy9I2CHandle9GetConfigEv
                0x0000000008003488        0x4 /mnt/c/Users/usman/Documents/GitHub/Marguerite/DaisyExamples/libDaisy/build/libdaisy.a(i2c.o)
                0x0000000008003488                daisy::I2CHandle::GetConfig() const
 .text._ZN5daisy9I2CHandle16TransmitBlockingEtPhtm
                0x000000000800348c       0x34 /mnt/c/Users/usman/Documents/GitHub/Marguerite/DaisyExamples/libDaisy/build/libdaisy.a(i2c.o)
                0x000000000800348c                daisy::I2CHandle::TransmitBlocking(unsigned short, unsigned char*, unsigned short, unsigned long)
 .text._ZN5daisy9I2CHandle11TransmitDmaEtPhtPFvPvNS0_6ResultEES2_
                0x00000000080034c0       0x70 /mnt/c/Users/usman/Documents/GitHub/Marguerite/DaisyExamples/libDaisy/build/libdaisy.a(i2c.o)
                0x00000000080034c0                daisy::I2CHandle::TransmitDma(unsigned short, unsigned char*, unsigned short, void (*)(void*, daisy::I2CHandle::Result), void*)
 .text.dsy_qspi_init
                0x0000000008003530      0x390 /mnt/c/Users/usman/Documents/GitHub/Marguerite/DaisyExamples/libDaisy/build/libdaisy.a(qspi.o)
                0x0000000008003530                dsy_qspi_init
 .text.HAL_QSPI_MspInit
                0x00000000080038c0      0x10c /mnt/c/Users/usman/Documents/GitHub/Marguerite/DaisyExamples/libDaisy/build/libdaisy.a(qspi.o)
                0x00000000080038c0                HAL_QSPI_MspInit
 .text.HAL_QSPI_MspDeInit
                0x00000000080039cc       0x58 /mnt/c/Users/usman/Documents/GitHub/Marguerite/DaisyExamples/libDaisy/build/libdaisy.a(qspi.o)
                0x00000000080039cc                HAL_QSPI_MspDeInit
 .text.QUADSPI_IRQHandler
                0x0000000008003a24        0xc /mnt/c/Users/usman/Documents/GitHub/Marguerite/DaisyExamples/libDaisy/build/libdaisy.a(qspi.o)
                0x0000000008003a24                QUADSPI_IRQHandler
 .text._ZN5daisy9SaiHandle4Impl7InitDmaENS1_15PeripheralBlockE
                0x0000000008003a30       0xa0 /mnt/c/Users/usman/Documents/GitHub/Marguerite/DaisyExamples/libDaisy/build/libdaisy.a(sai.o)
                0x0000000008003a30                daisy::SaiHandle::Impl::InitDma(daisy::SaiHandle::Impl::PeripheralBlock)
 .text._ZN5daisy9SaiHandle4Impl8InitPinsEv
                0x0000000008003ad0       0xa8 /mnt/c/Users/usman/Documents/GitHub/Marguerite/DaisyExamples/libDaisy/build/libdaisy.a(sai.o)
                0x0000000008003ad0                daisy::SaiHandle::Impl::InitPins()
 .text.HAL_SAI_MspInit
                0x0000000008003b78      0x134 /mnt/c/Users/usman/Documents/GitHub/Marguerite/DaisyExamples/libDaisy/build/libdaisy.a(sai.o)
                0x0000000008003b78                HAL_SAI_MspInit
 .text.DMA1_Stream0_IRQHandler
                0x0000000008003cac        0xc /mnt/c/Users/usman/Documents/GitHub/Marguerite/DaisyExamples/libDaisy/build/libdaisy.a(sai.o)
                0x0000000008003cac                DMA1_Stream0_IRQHandler
 .text.DMA1_Stream1_IRQHandler
                0x0000000008003cb8        0xc /mnt/c/Users/usman/Documents/GitHub/Marguerite/DaisyExamples/libDaisy/build/libdaisy.a(sai.o)
                0x0000000008003cb8                DMA1_Stream1_IRQHandler
 .text.DMA1_Stream3_IRQHandler
                0x0000000008003cc4        0xc /mnt/c/Users/usman/Documents/GitHub/Marguerite/DaisyExamples/libDaisy/build/libdaisy.a(sai.o)
                0x0000000008003cc4                DMA1_Stream3_IRQHandler
 .text.DMA1_Stream4_IRQHandler
                0x0000000008003cd0        0xc /mnt/c/Users/usman/Documents/GitHub/Marguerite/DaisyExamples/libDaisy/build/libdaisy.a(sai.o)
                0x0000000008003cd0                DMA1_Stream4_IRQHandler
 .text.HAL_SAI_RxHalfCpltCallback
                0x0000000008003cdc       0x78 /mnt/c/Users/usman/Documents/GitHub/Marguerite/DaisyExamples/libDaisy/build/libdaisy.a(sai.o)
                0x0000000008003cdc                HAL_SAI_RxHalfCpltCallback
 .text.HAL_SAI_RxCpltCallback
                0x0000000008003d54       0x70 /mnt/c/Users/usman/Documents/GitHub/Marguerite/DaisyExamples/libDaisy/build/libdaisy.a(sai.o)
                0x0000000008003d54                HAL_SAI_RxCpltCallback
 *fill*         0x0000000008003dc4        0x4 
 .text._ZN5daisy9SaiHandle4InitERKNS0_6ConfigE
                0x0000000008003dc8      0x1e0 /mnt/c/Users/usman/Documents/GitHub/Marguerite/DaisyExamples/libDaisy/build/libdaisy.a(sai.o)
                0x0000000008003dc8                daisy::SaiHandle::Init(daisy::SaiHandle::Config const&)
 .text._ZNK5daisy9SaiHandle9GetConfigEv
                0x0000000008003fa8        0x4 /mnt/c/Users/usman/Documents/GitHub/Marguerite/DaisyExamples/libDaisy/build/libdaisy.a(sai.o)
                0x0000000008003fa8                daisy::SaiHandle::GetConfig() const
 .text._ZN5daisy9SaiHandle8StartDmaEPlS1_jPFvS1_S1_jE
                0x0000000008003fac       0x68 /mnt/c/Users/usman/Documents/GitHub/Marguerite/DaisyExamples/libDaisy/build/libdaisy.a(sai.o)
                0x0000000008003fac                daisy::SaiHandle::StartDma(long*, long*, unsigned int, void (*)(long*, long*, unsigned int))
 .text._ZN5daisy9SaiHandle13GetSampleRateEv
                0x0000000008004014       0x24 /mnt/c/Users/usman/Documents/GitHub/Marguerite/DaisyExamples/libDaisy/build/libdaisy.a(sai.o)
                0x0000000008004014                daisy::SaiHandle::GetSampleRate()
 .text._ZNK5daisy9SaiHandle9GetOffsetEv
                0x0000000008004038        0x8 /mnt/c/Users/usman/Documents/GitHub/Marguerite/DaisyExamples/libDaisy/build/libdaisy.a(sai.o)
                0x0000000008004038                daisy::SaiHandle::GetOffset() const
 .text._ZN5daisy9SpiHandle4InitEv
                0x0000000008004040       0x58 /mnt/c/Users/usman/Documents/GitHub/Marguerite/DaisyExamples/libDaisy/build/libdaisy.a(spi.o)
                0x0000000008004040                daisy::SpiHandle::Init()
 .text._ZN5daisy9SpiHandle16BlockingTransmitEPhj
                0x0000000008004098       0x10 /mnt/c/Users/usman/Documents/GitHub/Marguerite/DaisyExamples/libDaisy/build/libdaisy.a(spi.o)
                0x0000000008004098                daisy::SpiHandle::BlockingTransmit(unsigned char*, unsigned int)
 .text.HAL_SPI_MspInit
                0x00000000080040a8       0xdc /mnt/c/Users/usman/Documents/GitHub/Marguerite/DaisyExamples/libDaisy/build/libdaisy.a(spi.o)
                0x00000000080040a8                HAL_SPI_MspInit
 .text.dsy_tim_init
                0x0000000008004184       0x70 /mnt/c/Users/usman/Documents/GitHub/Marguerite/DaisyExamples/libDaisy/build/libdaisy.a(tim.o)
                0x0000000008004184                dsy_tim_init
 .text.dsy_tim_start
                0x00000000080041f4        0xc /mnt/c/Users/usman/Documents/GitHub/Marguerite/DaisyExamples/libDaisy/build/libdaisy.a(tim.o)
                0x00000000080041f4                dsy_tim_start
 .text.dsy_tim_delay_tick
                0x0000000008004200       0x14 /mnt/c/Users/usman/Documents/GitHub/Marguerite/DaisyExamples/libDaisy/build/libdaisy.a(tim.o)
                0x0000000008004200                dsy_tim_delay_tick
 .text.dsy_tim_delay_ms
                0x0000000008004214       0x1c /mnt/c/Users/usman/Documents/GitHub/Marguerite/DaisyExamples/libDaisy/build/libdaisy.a(tim.o)
                0x0000000008004214                dsy_tim_delay_ms
 .text.HAL_TIM_Base_MspInit
                0x0000000008004230       0x30 /mnt/c/Users/usman/Documents/GitHub/Marguerite/DaisyExamples/libDaisy/build/libdaisy.a(tim.o)
                0x0000000008004230                HAL_TIM_Base_MspInit
 .text.SystemClock_Config
                0x0000000008004260      0x17c /mnt/c/Users/usman/Documents/GitHub/Marguerite/DaisyExamples/libDaisy/build/libdaisy.a(system.o)
 .text.SysTick_Handler
                0x00000000080043dc       0x10 /mnt/c/Users/usman/Documents/GitHub/Marguerite/DaisyExamples/libDaisy/build/libdaisy.a(system.o)
                0x00000000080043dc                SysTick_Handler
 .text.HardFault_Handler
                0x00000000080043ec        0x4 /mnt/c/Users/usman/Documents/GitHub/Marguerite/DaisyExamples/libDaisy/build/libdaisy.a(system.o)
                0x00000000080043ec                HardFault_Handler
 .text.dsy_system_init
                0x00000000080043f0       0xe0 /mnt/c/Users/usman/Documents/GitHub/Marguerite/DaisyExamples/libDaisy/build/libdaisy.a(system.o)
                0x00000000080043f0                dsy_system_init
 .text.dsy_system_delay
                0x00000000080044d0        0x4 /mnt/c/Users/usman/Documents/GitHub/Marguerite/DaisyExamples/libDaisy/build/libdaisy.a(system.o)
                0x00000000080044d0                dsy_system_delay
 .text.dsy_hal_map_get_port
                0x00000000080044d4       0x10 /mnt/c/Users/usman/Documents/GitHub/Marguerite/DaisyExamples/libDaisy/build/libdaisy.a(hal_map.o)
                0x00000000080044d4                dsy_hal_map_get_port
 .text.dsy_hal_map_get_pin
                0x00000000080044e4       0x10 /mnt/c/Users/usman/Documents/GitHub/Marguerite/DaisyExamples/libDaisy/build/libdaisy.a(hal_map.o)
                0x00000000080044e4                dsy_hal_map_get_pin
 .text.HAL_MspInit
                0x00000000080044f4        0x4 /mnt/c/Users/usman/Documents/GitHub/Marguerite/DaisyExamples/libDaisy/build/libdaisy.a(stm32h7xx_hal.o)
                0x00000000080044f4                HAL_MspInit
 .text.HAL_InitTick
                0x00000000080044f8       0x4c /mnt/c/Users/usman/Documents/GitHub/Marguerite/DaisyExamples/libDaisy/build/libdaisy.a(stm32h7xx_hal.o)
                0x00000000080044f8                HAL_InitTick
 .text.HAL_Init
                0x0000000008004544       0x5c /mnt/c/Users/usman/Documents/GitHub/Marguerite/DaisyExamples/libDaisy/build/libdaisy.a(stm32h7xx_hal.o)
                0x0000000008004544                HAL_Init
 .text.HAL_IncTick
                0x00000000080045a0       0x18 /mnt/c/Users/usman/Documents/GitHub/Marguerite/DaisyExamples/libDaisy/build/libdaisy.a(stm32h7xx_hal.o)
                0x00000000080045a0                HAL_IncTick
 .text.HAL_GetTick
                0x00000000080045b8        0xc /mnt/c/Users/usman/Documents/GitHub/Marguerite/DaisyExamples/libDaisy/build/libdaisy.a(stm32h7xx_hal.o)
                0x00000000080045b8                HAL_GetTick
 .text.HAL_Delay
                0x00000000080045c4       0x24 /mnt/c/Users/usman/Documents/GitHub/Marguerite/DaisyExamples/libDaisy/build/libdaisy.a(stm32h7xx_hal.o)
                0x00000000080045c4                HAL_Delay
 .text.HAL_GetREVID
                0x00000000080045e8        0xc /mnt/c/Users/usman/Documents/GitHub/Marguerite/DaisyExamples/libDaisy/build/libdaisy.a(stm32h7xx_hal.o)
                0x00000000080045e8                HAL_GetREVID
 .text.HAL_ADC_ConvCpltCallback
                0x00000000080045f4        0x4 /mnt/c/Users/usman/Documents/GitHub/Marguerite/DaisyExamples/libDaisy/build/libdaisy.a(stm32h7xx_hal_adc.o)
                0x00000000080045f4                HAL_ADC_ConvCpltCallback
 .text.ADC_DMAHalfConvCplt
                0x00000000080045f8        0xc /mnt/c/Users/usman/Documents/GitHub/Marguerite/DaisyExamples/libDaisy/build/libdaisy.a(stm32h7xx_hal_adc.o)
                0x00000000080045f8                ADC_DMAHalfConvCplt
 .text.HAL_ADC_ErrorCallback
                0x0000000008004604        0x4 /mnt/c/Users/usman/Documents/GitHub/Marguerite/DaisyExamples/libDaisy/build/libdaisy.a(stm32h7xx_hal_adc.o)
                0x0000000008004604                HAL_ADC_ErrorCallback
 .text.ADC_DMAConvCplt
                0x0000000008004608       0x6c /mnt/c/Users/usman/Documents/GitHub/Marguerite/DaisyExamples/libDaisy/build/libdaisy.a(stm32h7xx_hal_adc.o)
                0x0000000008004608                ADC_DMAConvCplt
 .text.ADC_DMAError
                0x0000000008004674       0x1c /mnt/c/Users/usman/Documents/GitHub/Marguerite/DaisyExamples/libDaisy/build/libdaisy.a(stm32h7xx_hal_adc.o)
                0x0000000008004674                ADC_DMAError
 .text.HAL_ADC_ConfigChannel
                0x0000000008004690      0x3fc /mnt/c/Users/usman/Documents/GitHub/Marguerite/DaisyExamples/libDaisy/build/libdaisy.a(stm32h7xx_hal_adc.o)
                0x0000000008004690                HAL_ADC_ConfigChannel
 .text.ADC_Enable
                0x0000000008004a8c       0xac /mnt/c/Users/usman/Documents/GitHub/Marguerite/DaisyExamples/libDaisy/build/libdaisy.a(stm32h7xx_hal_adc.o)
                0x0000000008004a8c                ADC_Enable
 .text.HAL_ADC_Start_DMA
                0x0000000008004b38      0x118 /mnt/c/Users/usman/Documents/GitHub/Marguerite/DaisyExamples/libDaisy/build/libdaisy.a(stm32h7xx_hal_adc.o)
                0x0000000008004b38                HAL_ADC_Start_DMA
 .text.ADC_Disable
                0x0000000008004c50       0x68 /mnt/c/Users/usman/Documents/GitHub/Marguerite/DaisyExamples/libDaisy/build/libdaisy.a(stm32h7xx_hal_adc.o)
                0x0000000008004c50                ADC_Disable
 .text.ADC_ConfigureBoostMode
                0x0000000008004cb8      0x190 /mnt/c/Users/usman/Documents/GitHub/Marguerite/DaisyExamples/libDaisy/build/libdaisy.a(stm32h7xx_hal_adc.o)
                0x0000000008004cb8                ADC_ConfigureBoostMode
 .text.HAL_ADC_Init
                0x0000000008004e48      0x214 /mnt/c/Users/usman/Documents/GitHub/Marguerite/DaisyExamples/libDaisy/build/libdaisy.a(stm32h7xx_hal_adc.o)
                0x0000000008004e48                HAL_ADC_Init
 .text.HAL_ADCEx_Calibration_Start
                0x000000000800505c       0xa4 /mnt/c/Users/usman/Documents/GitHub/Marguerite/DaisyExamples/libDaisy/build/libdaisy.a(stm32h7xx_hal_adc_ex.o)
                0x000000000800505c                HAL_ADCEx_Calibration_Start
 .text.HAL_ADCEx_MultiModeConfigChannel
                0x0000000008005100       0xc4 /mnt/c/Users/usman/Documents/GitHub/Marguerite/DaisyExamples/libDaisy/build/libdaisy.a(stm32h7xx_hal_adc_ex.o)
                0x0000000008005100                HAL_ADCEx_MultiModeConfigChannel
 .text.HAL_NVIC_SetPriorityGrouping
                0x00000000080051c4       0x28 /mnt/c/Users/usman/Documents/GitHub/Marguerite/DaisyExamples/libDaisy/build/libdaisy.a(stm32h7xx_hal_cortex.o)
                0x00000000080051c4                HAL_NVIC_SetPriorityGrouping
 .text.HAL_NVIC_SetPriority
                0x00000000080051ec       0x74 /mnt/c/Users/usman/Documents/GitHub/Marguerite/DaisyExamples/libDaisy/build/libdaisy.a(stm32h7xx_hal_cortex.o)
                0x00000000080051ec                HAL_NVIC_SetPriority
 .text.HAL_NVIC_EnableIRQ
                0x0000000008005260       0x1c /mnt/c/Users/usman/Documents/GitHub/Marguerite/DaisyExamples/libDaisy/build/libdaisy.a(stm32h7xx_hal_cortex.o)
                0x0000000008005260                HAL_NVIC_EnableIRQ
 .text.HAL_NVIC_DisableIRQ
                0x000000000800527c       0x28 /mnt/c/Users/usman/Documents/GitHub/Marguerite/DaisyExamples/libDaisy/build/libdaisy.a(stm32h7xx_hal_cortex.o)
                0x000000000800527c                HAL_NVIC_DisableIRQ
 .text.HAL_SYSTICK_Config
                0x00000000080052a4       0x30 /mnt/c/Users/usman/Documents/GitHub/Marguerite/DaisyExamples/libDaisy/build/libdaisy.a(stm32h7xx_hal_cortex.o)
                0x00000000080052a4                HAL_SYSTICK_Config
 .text.HAL_MPU_Disable
                0x00000000080052d4       0x20 /mnt/c/Users/usman/Documents/GitHub/Marguerite/DaisyExamples/libDaisy/build/libdaisy.a(stm32h7xx_hal_cortex.o)
                0x00000000080052d4                HAL_MPU_Disable
 .text.HAL_MPU_Enable
                0x00000000080052f4       0x24 /mnt/c/Users/usman/Documents/GitHub/Marguerite/DaisyExamples/libDaisy/build/libdaisy.a(stm32h7xx_hal_cortex.o)
                0x00000000080052f4                HAL_MPU_Enable
 .text.HAL_MPU_ConfigRegion
                0x0000000008005318       0x50 /mnt/c/Users/usman/Documents/GitHub/Marguerite/DaisyExamples/libDaisy/build/libdaisy.a(stm32h7xx_hal_cortex.o)
                0x0000000008005318                HAL_MPU_ConfigRegion
 .text.HAL_SYSTICK_Callback
                0x0000000008005368        0x4 /mnt/c/Users/usman/Documents/GitHub/Marguerite/DaisyExamples/libDaisy/build/libdaisy.a(stm32h7xx_hal_cortex.o)
                0x0000000008005368                HAL_SYSTICK_Callback
 .text.HAL_SYSTICK_IRQHandler
                0x000000000800536c        0x8 /mnt/c/Users/usman/Documents/GitHub/Marguerite/DaisyExamples/libDaisy/build/libdaisy.a(stm32h7xx_hal_cortex.o)
                0x000000000800536c                HAL_SYSTICK_IRQHandler
 .text.HAL_DAC_Init
                0x0000000008005374       0x2c /mnt/c/Users/usman/Documents/GitHub/Marguerite/DaisyExamples/libDaisy/build/libdaisy.a(stm32h7xx_hal_dac.o)
                0x0000000008005374                HAL_DAC_Init
 .text.HAL_DAC_ConfigChannel
                0x00000000080053a0      0x140 /mnt/c/Users/usman/Documents/GitHub/Marguerite/DaisyExamples/libDaisy/build/libdaisy.a(stm32h7xx_hal_dac.o)
                0x00000000080053a0                HAL_DAC_ConfigChannel
 .text.DMA_CalcBaseAndBitshift
                0x00000000080054e0       0xf8 /mnt/c/Users/usman/Documents/GitHub/Marguerite/DaisyExamples/libDaisy/build/libdaisy.a(stm32h7xx_hal_dma.o)
 .text.DMA_CalcDMAMUXChannelBaseAndMask
                0x00000000080055d8       0xd8 /mnt/c/Users/usman/Documents/GitHub/Marguerite/DaisyExamples/libDaisy/build/libdaisy.a(stm32h7xx_hal_dma.o)
 .text.HAL_DMA_Init
                0x00000000080056b0      0x394 /mnt/c/Users/usman/Documents/GitHub/Marguerite/DaisyExamples/libDaisy/build/libdaisy.a(stm32h7xx_hal_dma.o)
                0x00000000080056b0                HAL_DMA_Init
 .text.HAL_DMA_Start_IT
                0x0000000008005a44      0x250 /mnt/c/Users/usman/Documents/GitHub/Marguerite/DaisyExamples/libDaisy/build/libdaisy.a(stm32h7xx_hal_dma.o)
                0x0000000008005a44                HAL_DMA_Start_IT
 .text.HAL_DMA_Abort_IT
                0x0000000008005c94      0x13c /mnt/c/Users/usman/Documents/GitHub/Marguerite/DaisyExamples/libDaisy/build/libdaisy.a(stm32h7xx_hal_dma.o)
                0x0000000008005c94                HAL_DMA_Abort_IT
 .text.HAL_DMA_IRQHandler
                0x0000000008005dd0      0x6bc /mnt/c/Users/usman/Documents/GitHub/Marguerite/DaisyExamples/libDaisy/build/libdaisy.a(stm32h7xx_hal_dma.o)
                0x0000000008005dd0                HAL_DMA_IRQHandler
 .text.HAL_DMA_GetError
                0x000000000800648c        0x4 /mnt/c/Users/usman/Documents/GitHub/Marguerite/DaisyExamples/libDaisy/build/libdaisy.a(stm32h7xx_hal_dma.o)
                0x000000000800648c                HAL_DMA_GetError
 .text.HAL_GPIO_Init
                0x0000000008006490      0x248 /mnt/c/Users/usman/Documents/GitHub/Marguerite/DaisyExamples/libDaisy/build/libdaisy.a(stm32h7xx_hal_gpio.o)
                0x0000000008006490                HAL_GPIO_Init
 .text.HAL_GPIO_DeInit
                0x00000000080066d8      0x19c /mnt/c/Users/usman/Documents/GitHub/Marguerite/DaisyExamples/libDaisy/build/libdaisy.a(stm32h7xx_hal_gpio.o)
                0x00000000080066d8                HAL_GPIO_DeInit
 .text.HAL_GPIO_ReadPin
                0x0000000008006874        0xc /mnt/c/Users/usman/Documents/GitHub/Marguerite/DaisyExamples/libDaisy/build/libdaisy.a(stm32h7xx_hal_gpio.o)
                0x0000000008006874                HAL_GPIO_ReadPin
 .text.HAL_GPIO_WritePin
                0x0000000008006880        0x8 /mnt/c/Users/usman/Documents/GitHub/Marguerite/DaisyExamples/libDaisy/build/libdaisy.a(stm32h7xx_hal_gpio.o)
                0x0000000008006880                HAL_GPIO_WritePin
 .text.I2C_WaitOnTXISFlagUntilTimeout
                0x0000000008006888       0xb8 /mnt/c/Users/usman/Documents/GitHub/Marguerite/DaisyExamples/libDaisy/build/libdaisy.a(stm32h7xx_hal_i2c.o)
 .text.I2C_WaitOnSTOPFlagUntilTimeout
                0x0000000008006940       0xac /mnt/c/Users/usman/Documents/GitHub/Marguerite/DaisyExamples/libDaisy/build/libdaisy.a(stm32h7xx_hal_i2c.o)
 .text.HAL_I2C_Init
                0x00000000080069ec       0xa8 /mnt/c/Users/usman/Documents/GitHub/Marguerite/DaisyExamples/libDaisy/build/libdaisy.a(stm32h7xx_hal_i2c.o)
                0x00000000080069ec                HAL_I2C_Init
 .text.HAL_I2C_Master_Transmit
                0x0000000008006a94      0x1b4 /mnt/c/Users/usman/Documents/GitHub/Marguerite/DaisyExamples/libDaisy/build/libdaisy.a(stm32h7xx_hal_i2c.o)
                0x0000000008006a94                HAL_I2C_Master_Transmit
 .text.HAL_I2C_Master_Transmit_DMA
                0x0000000008006c48      0x174 /mnt/c/Users/usman/Documents/GitHub/Marguerite/DaisyExamples/libDaisy/build/libdaisy.a(stm32h7xx_hal_i2c.o)
                0x0000000008006c48                HAL_I2C_Master_Transmit_DMA
 .text.HAL_I2C_EV_IRQHandler
                0x0000000008006dbc       0x10 /mnt/c/Users/usman/Documents/GitHub/Marguerite/DaisyExamples/libDaisy/build/libdaisy.a(stm32h7xx_hal_i2c.o)
                0x0000000008006dbc                HAL_I2C_EV_IRQHandler
 .text.HAL_I2C_MasterRxCpltCallback
                0x0000000008006dcc        0x4 /mnt/c/Users/usman/Documents/GitHub/Marguerite/DaisyExamples/libDaisy/build/libdaisy.a(stm32h7xx_hal_i2c.o)
                0x0000000008006dcc                HAL_I2C_MasterRxCpltCallback
 .text.I2C_ITMasterSeqCplt
                0x0000000008006dd0       0x74 /mnt/c/Users/usman/Documents/GitHub/Marguerite/DaisyExamples/libDaisy/build/libdaisy.a(stm32h7xx_hal_i2c.o)
 .text.HAL_I2C_SlaveTxCpltCallback
                0x0000000008006e44        0x4 /mnt/c/Users/usman/Documents/GitHub/Marguerite/DaisyExamples/libDaisy/build/libdaisy.a(stm32h7xx_hal_i2c.o)
                0x0000000008006e44                HAL_I2C_SlaveTxCpltCallback
 .text.HAL_I2C_SlaveRxCpltCallback
                0x0000000008006e48        0x4 /mnt/c/Users/usman/Documents/GitHub/Marguerite/DaisyExamples/libDaisy/build/libdaisy.a(stm32h7xx_hal_i2c.o)
                0x0000000008006e48                HAL_I2C_SlaveRxCpltCallback
 .text.I2C_ITSlaveSeqCplt
                0x0000000008006e4c       0x7c /mnt/c/Users/usman/Documents/GitHub/Marguerite/DaisyExamples/libDaisy/build/libdaisy.a(stm32h7xx_hal_i2c.o)
 .text.HAL_I2C_AddrCallback
                0x0000000008006ec8        0x4 /mnt/c/Users/usman/Documents/GitHub/Marguerite/DaisyExamples/libDaisy/build/libdaisy.a(stm32h7xx_hal_i2c.o)
                0x0000000008006ec8                HAL_I2C_AddrCallback
 .text.I2C_ITAddrCplt.isra.0.part.0
                0x0000000008006ecc       0x78 /mnt/c/Users/usman/Documents/GitHub/Marguerite/DaisyExamples/libDaisy/build/libdaisy.a(stm32h7xx_hal_i2c.o)
 .text.HAL_I2C_ListenCpltCallback
                0x0000000008006f44        0x4 /mnt/c/Users/usman/Documents/GitHub/Marguerite/DaisyExamples/libDaisy/build/libdaisy.a(stm32h7xx_hal_i2c.o)
                0x0000000008006f44                HAL_I2C_ListenCpltCallback
 .text.I2C_ITListenCplt
                0x0000000008006f48       0x68 /mnt/c/Users/usman/Documents/GitHub/Marguerite/DaisyExamples/libDaisy/build/libdaisy.a(stm32h7xx_hal_i2c.o)
 .text.HAL_I2C_MemTxCpltCallback
                0x0000000008006fb0        0x4 /mnt/c/Users/usman/Documents/GitHub/Marguerite/DaisyExamples/libDaisy/build/libdaisy.a(stm32h7xx_hal_i2c.o)
                0x0000000008006fb0                HAL_I2C_MemTxCpltCallback
 .text.HAL_I2C_MemRxCpltCallback
                0x0000000008006fb4        0x4 /mnt/c/Users/usman/Documents/GitHub/Marguerite/DaisyExamples/libDaisy/build/libdaisy.a(stm32h7xx_hal_i2c.o)
                0x0000000008006fb4                HAL_I2C_MemRxCpltCallback
 .text.HAL_I2C_AbortCpltCallback
                0x0000000008006fb8        0x4 /mnt/c/Users/usman/Documents/GitHub/Marguerite/DaisyExamples/libDaisy/build/libdaisy.a(stm32h7xx_hal_i2c.o)
                0x0000000008006fb8                HAL_I2C_AbortCpltCallback
 .text.I2C_ITError
                0x0000000008006fbc      0x110 /mnt/c/Users/usman/Documents/GitHub/Marguerite/DaisyExamples/libDaisy/build/libdaisy.a(stm32h7xx_hal_i2c.o)
 .text.I2C_ITSlaveCplt
                0x00000000080070cc      0x10c /mnt/c/Users/usman/Documents/GitHub/Marguerite/DaisyExamples/libDaisy/build/libdaisy.a(stm32h7xx_hal_i2c.o)
 .text.I2C_Slave_ISR_IT
                0x00000000080071d8      0x14c /mnt/c/Users/usman/Documents/GitHub/Marguerite/DaisyExamples/libDaisy/build/libdaisy.a(stm32h7xx_hal_i2c.o)
 .text.I2C_ITMasterCplt
                0x0000000008007324       0xec /mnt/c/Users/usman/Documents/GitHub/Marguerite/DaisyExamples/libDaisy/build/libdaisy.a(stm32h7xx_hal_i2c.o)
 .text.I2C_Master_ISR_IT
                0x0000000008007410      0x188 /mnt/c/Users/usman/Documents/GitHub/Marguerite/DaisyExamples/libDaisy/build/libdaisy.a(stm32h7xx_hal_i2c.o)
 .text.I2C_Slave_ISR_DMA
                0x0000000008007598      0x118 /mnt/c/Users/usman/Documents/GitHub/Marguerite/DaisyExamples/libDaisy/build/libdaisy.a(stm32h7xx_hal_i2c.o)
 .text.I2C_Master_ISR_DMA
                0x00000000080076b0      0x144 /mnt/c/Users/usman/Documents/GitHub/Marguerite/DaisyExamples/libDaisy/build/libdaisy.a(stm32h7xx_hal_i2c.o)
 .text.I2C_DMAError
                0x00000000080077f4       0x50 /mnt/c/Users/usman/Documents/GitHub/Marguerite/DaisyExamples/libDaisy/build/libdaisy.a(stm32h7xx_hal_i2c.o)
 .text.I2C_DMAMasterTransmitCplt
                0x0000000008007844       0x90 /mnt/c/Users/usman/Documents/GitHub/Marguerite/DaisyExamples/libDaisy/build/libdaisy.a(stm32h7xx_hal_i2c.o)
 .text.I2C_DMAAbort
                0x00000000080078d4       0x28 /mnt/c/Users/usman/Documents/GitHub/Marguerite/DaisyExamples/libDaisy/build/libdaisy.a(stm32h7xx_hal_i2c.o)
 .text.HAL_I2C_GetState
                0x00000000080078fc        0x8 /mnt/c/Users/usman/Documents/GitHub/Marguerite/DaisyExamples/libDaisy/build/libdaisy.a(stm32h7xx_hal_i2c.o)
                0x00000000080078fc                HAL_I2C_GetState
 .text.HAL_I2CEx_ConfigAnalogFilter
                0x0000000008007904       0x58 /mnt/c/Users/usman/Documents/GitHub/Marguerite/DaisyExamples/libDaisy/build/libdaisy.a(stm32h7xx_hal_i2c_ex.o)
                0x0000000008007904                HAL_I2CEx_ConfigAnalogFilter
 .text.HAL_I2CEx_ConfigDigitalFilter
                0x000000000800795c       0x54 /mnt/c/Users/usman/Documents/GitHub/Marguerite/DaisyExamples/libDaisy/build/libdaisy.a(stm32h7xx_hal_i2c_ex.o)
                0x000000000800795c                HAL_I2CEx_ConfigDigitalFilter
 .text.HAL_PWREx_ConfigSupply
                0x00000000080079b0       0x4c /mnt/c/Users/usman/Documents/GitHub/Marguerite/DaisyExamples/libDaisy/build/libdaisy.a(stm32h7xx_hal_pwr_ex.o)
                0x00000000080079b0                HAL_PWREx_ConfigSupply
 .text.HAL_PWREx_EnableUSBVoltageDetector
                0x00000000080079fc       0x10 /mnt/c/Users/usman/Documents/GitHub/Marguerite/DaisyExamples/libDaisy/build/libdaisy.a(stm32h7xx_hal_pwr_ex.o)
                0x00000000080079fc                HAL_PWREx_EnableUSBVoltageDetector
 .text.QSPI_Config
                0x0000000008007a0c      0x1d4 /mnt/c/Users/usman/Documents/GitHub/Marguerite/DaisyExamples/libDaisy/build/libdaisy.a(stm32h7xx_hal_qspi.o)
 .text.HAL_QSPI_Init
                0x0000000008007be0       0xd8 /mnt/c/Users/usman/Documents/GitHub/Marguerite/DaisyExamples/libDaisy/build/libdaisy.a(stm32h7xx_hal_qspi.o)
                0x0000000008007be0                HAL_QSPI_Init
 .text.HAL_QSPI_DeInit
                0x0000000008007cb8       0x3c /mnt/c/Users/usman/Documents/GitHub/Marguerite/DaisyExamples/libDaisy/build/libdaisy.a(stm32h7xx_hal_qspi.o)
                0x0000000008007cb8                HAL_QSPI_DeInit
 .text.HAL_QSPI_Command
                0x0000000008007cf4       0xd4 /mnt/c/Users/usman/Documents/GitHub/Marguerite/DaisyExamples/libDaisy/build/libdaisy.a(stm32h7xx_hal_qspi.o)
                0x0000000008007cf4                HAL_QSPI_Command
 .text.HAL_QSPI_Transmit
                0x0000000008007dc8       0xfc /mnt/c/Users/usman/Documents/GitHub/Marguerite/DaisyExamples/libDaisy/build/libdaisy.a(stm32h7xx_hal_qspi.o)
                0x0000000008007dc8                HAL_QSPI_Transmit
 .text.HAL_QSPI_Receive
                0x0000000008007ec4      0x108 /mnt/c/Users/usman/Documents/GitHub/Marguerite/DaisyExamples/libDaisy/build/libdaisy.a(stm32h7xx_hal_qspi.o)
                0x0000000008007ec4                HAL_QSPI_Receive
 .text.HAL_QSPI_AutoPolling
                0x0000000008007fcc       0xe8 /mnt/c/Users/usman/Documents/GitHub/Marguerite/DaisyExamples/libDaisy/build/libdaisy.a(stm32h7xx_hal_qspi.o)
                0x0000000008007fcc                HAL_QSPI_AutoPolling
 .text.HAL_QSPI_MemoryMapped
                0x00000000080080b4       0xb8 /mnt/c/Users/usman/Documents/GitHub/Marguerite/DaisyExamples/libDaisy/build/libdaisy.a(stm32h7xx_hal_qspi.o)
                0x00000000080080b4                HAL_QSPI_MemoryMapped
 .text.HAL_QSPI_ErrorCallback
                0x000000000800816c        0x4 /mnt/c/Users/usman/Documents/GitHub/Marguerite/DaisyExamples/libDaisy/build/libdaisy.a(stm32h7xx_hal_qspi.o)
                0x000000000800816c                HAL_QSPI_ErrorCallback
 .text.QSPI_DMAAbortCplt
                0x0000000008008170       0x38 /mnt/c/Users/usman/Documents/GitHub/Marguerite/DaisyExamples/libDaisy/build/libdaisy.a(stm32h7xx_hal_qspi.o)
 .text.HAL_QSPI_AbortCpltCallback
                0x00000000080081a8        0x4 /mnt/c/Users/usman/Documents/GitHub/Marguerite/DaisyExamples/libDaisy/build/libdaisy.a(stm32h7xx_hal_qspi.o)
                0x00000000080081a8                HAL_QSPI_AbortCpltCallback
 .text.HAL_QSPI_CmdCpltCallback
                0x00000000080081ac        0x4 /mnt/c/Users/usman/Documents/GitHub/Marguerite/DaisyExamples/libDaisy/build/libdaisy.a(stm32h7xx_hal_qspi.o)
                0x00000000080081ac                HAL_QSPI_CmdCpltCallback
 .text.HAL_QSPI_RxCpltCallback
                0x00000000080081b0        0x4 /mnt/c/Users/usman/Documents/GitHub/Marguerite/DaisyExamples/libDaisy/build/libdaisy.a(stm32h7xx_hal_qspi.o)
                0x00000000080081b0                HAL_QSPI_RxCpltCallback
 .text.HAL_QSPI_TxCpltCallback
                0x00000000080081b4        0x4 /mnt/c/Users/usman/Documents/GitHub/Marguerite/DaisyExamples/libDaisy/build/libdaisy.a(stm32h7xx_hal_qspi.o)
                0x00000000080081b4                HAL_QSPI_TxCpltCallback
 .text.HAL_QSPI_FifoThresholdCallback
                0x00000000080081b8        0x4 /mnt/c/Users/usman/Documents/GitHub/Marguerite/DaisyExamples/libDaisy/build/libdaisy.a(stm32h7xx_hal_qspi.o)
                0x00000000080081b8                HAL_QSPI_FifoThresholdCallback
 .text.HAL_QSPI_StatusMatchCallback
                0x00000000080081bc        0x4 /mnt/c/Users/usman/Documents/GitHub/Marguerite/DaisyExamples/libDaisy/build/libdaisy.a(stm32h7xx_hal_qspi.o)
                0x00000000080081bc                HAL_QSPI_StatusMatchCallback
 .text.HAL_QSPI_TimeOutCallback
                0x00000000080081c0        0x4 /mnt/c/Users/usman/Documents/GitHub/Marguerite/DaisyExamples/libDaisy/build/libdaisy.a(stm32h7xx_hal_qspi.o)
                0x00000000080081c0                HAL_QSPI_TimeOutCallback
 .text.HAL_QSPI_IRQHandler
                0x00000000080081c4      0x210 /mnt/c/Users/usman/Documents/GitHub/Marguerite/DaisyExamples/libDaisy/build/libdaisy.a(stm32h7xx_hal_qspi.o)
                0x00000000080081c4                HAL_QSPI_IRQHandler
 .text.HAL_RCC_OscConfig
                0x00000000080083d4      0x538 /mnt/c/Users/usman/Documents/GitHub/Marguerite/DaisyExamples/libDaisy/build/libdaisy.a(stm32h7xx_hal_rcc.o)
                0x00000000080083d4                HAL_RCC_OscConfig
 .text.HAL_RCC_GetSysClockFreq
                0x000000000800890c      0x140 /mnt/c/Users/usman/Documents/GitHub/Marguerite/DaisyExamples/libDaisy/build/libdaisy.a(stm32h7xx_hal_rcc.o)
                0x000000000800890c                HAL_RCC_GetSysClockFreq
 .text.HAL_RCC_ClockConfig
                0x0000000008008a4c      0x234 /mnt/c/Users/usman/Documents/GitHub/Marguerite/DaisyExamples/libDaisy/build/libdaisy.a(stm32h7xx_hal_rcc.o)
                0x0000000008008a4c                HAL_RCC_ClockConfig
 .text.HAL_RCC_GetHCLKFreq
                0x0000000008008c80       0x2c /mnt/c/Users/usman/Documents/GitHub/Marguerite/DaisyExamples/libDaisy/build/libdaisy.a(stm32h7xx_hal_rcc.o)
                0x0000000008008c80                HAL_RCC_GetHCLKFreq
 .text.RCCEx_PLL2_Config
                0x0000000008008cac       0xf8 /mnt/c/Users/usman/Documents/GitHub/Marguerite/DaisyExamples/libDaisy/build/libdaisy.a(stm32h7xx_hal_rcc_ex.o)
 .text.RCCEx_PLL3_Config
                0x0000000008008da4       0xf8 /mnt/c/Users/usman/Documents/GitHub/Marguerite/DaisyExamples/libDaisy/build/libdaisy.a(stm32h7xx_hal_rcc_ex.o)
 .text.HAL_RCCEx_PeriphCLKConfig
                0x0000000008008e9c      0xa7c /mnt/c/Users/usman/Documents/GitHub/Marguerite/DaisyExamples/libDaisy/build/libdaisy.a(stm32h7xx_hal_rcc_ex.o)
                0x0000000008008e9c                HAL_RCCEx_PeriphCLKConfig
 .text.HAL_RCCEx_GetPLL2ClockFreq
                0x0000000008009918      0x17c /mnt/c/Users/usman/Documents/GitHub/Marguerite/DaisyExamples/libDaisy/build/libdaisy.a(stm32h7xx_hal_rcc_ex.o)
                0x0000000008009918                HAL_RCCEx_GetPLL2ClockFreq
 .text.HAL_RCCEx_GetPLL3ClockFreq
                0x0000000008009a94      0x17c /mnt/c/Users/usman/Documents/GitHub/Marguerite/DaisyExamples/libDaisy/build/libdaisy.a(stm32h7xx_hal_rcc_ex.o)
                0x0000000008009a94                HAL_RCCEx_GetPLL3ClockFreq
 .text.HAL_RCCEx_GetPLL1ClockFreq
                0x0000000008009c10      0x17c /mnt/c/Users/usman/Documents/GitHub/Marguerite/DaisyExamples/libDaisy/build/libdaisy.a(stm32h7xx_hal_rcc_ex.o)
                0x0000000008009c10                HAL_RCCEx_GetPLL1ClockFreq
 .text.HAL_RCCEx_GetPeriphCLKFreq
                0x0000000008009d8c      0x198 /mnt/c/Users/usman/Documents/GitHub/Marguerite/DaisyExamples/libDaisy/build/libdaisy.a(stm32h7xx_hal_rcc_ex.o)
                0x0000000008009d8c                HAL_RCCEx_GetPeriphCLKFreq
 .text.HAL_RCCEx_GetD1SysClockFreq
                0x0000000008009f24       0x2c /mnt/c/Users/usman/Documents/GitHub/Marguerite/DaisyExamples/libDaisy/build/libdaisy.a(stm32h7xx_hal_rcc_ex.o)
                0x0000000008009f24                HAL_RCCEx_GetD1SysClockFreq
 .text.HAL_SAI_Init.part.0
                0x0000000008009f50      0x364 /mnt/c/Users/usman/Documents/GitHub/Marguerite/DaisyExamples/libDaisy/build/libdaisy.a(stm32h7xx_hal_sai.o)
 .text.HAL_SAI_InitProtocol
                0x000000000800a2b4      0x184 /mnt/c/Users/usman/Documents/GitHub/Marguerite/DaisyExamples/libDaisy/build/libdaisy.a(stm32h7xx_hal_sai.o)
                0x000000000800a2b4                HAL_SAI_InitProtocol
 .text.HAL_SAI_Transmit_DMA
                0x000000000800a438      0x124 /mnt/c/Users/usman/Documents/GitHub/Marguerite/DaisyExamples/libDaisy/build/libdaisy.a(stm32h7xx_hal_sai.o)
                0x000000000800a438                HAL_SAI_Transmit_DMA
 .text.HAL_SAI_Receive_DMA
                0x000000000800a55c       0xcc /mnt/c/Users/usman/Documents/GitHub/Marguerite/DaisyExamples/libDaisy/build/libdaisy.a(stm32h7xx_hal_sai.o)
                0x000000000800a55c                HAL_SAI_Receive_DMA
 .text.HAL_SAI_TxCpltCallback
                0x000000000800a628        0x4 /mnt/c/Users/usman/Documents/GitHub/Marguerite/DaisyExamples/libDaisy/build/libdaisy.a(stm32h7xx_hal_sai.o)
                0x000000000800a628                HAL_SAI_TxCpltCallback
 .text.SAI_DMATxCplt
                0x000000000800a62c       0x60 /mnt/c/Users/usman/Documents/GitHub/Marguerite/DaisyExamples/libDaisy/build/libdaisy.a(stm32h7xx_hal_sai.o)
 .text.HAL_SAI_TxHalfCpltCallback
                0x000000000800a68c        0x4 /mnt/c/Users/usman/Documents/GitHub/Marguerite/DaisyExamples/libDaisy/build/libdaisy.a(stm32h7xx_hal_sai.o)
                0x000000000800a68c                HAL_SAI_TxHalfCpltCallback
 .text.SAI_DMATxHalfCplt
                0x000000000800a690        0xc /mnt/c/Users/usman/Documents/GitHub/Marguerite/DaisyExamples/libDaisy/build/libdaisy.a(stm32h7xx_hal_sai.o)
 .text.SAI_DMARxCplt
                0x000000000800a69c       0x60 /mnt/c/Users/usman/Documents/GitHub/Marguerite/DaisyExamples/libDaisy/build/libdaisy.a(stm32h7xx_hal_sai.o)
 .text.SAI_DMARxHalfCplt
                0x000000000800a6fc        0xc /mnt/c/Users/usman/Documents/GitHub/Marguerite/DaisyExamples/libDaisy/build/libdaisy.a(stm32h7xx_hal_sai.o)
 .text.HAL_SAI_ErrorCallback
                0x000000000800a708        0x4 /mnt/c/Users/usman/Documents/GitHub/Marguerite/DaisyExamples/libDaisy/build/libdaisy.a(stm32h7xx_hal_sai.o)
                0x000000000800a708                HAL_SAI_ErrorCallback
 .text.SAI_DMAError
                0x000000000800a70c       0x6c /mnt/c/Users/usman/Documents/GitHub/Marguerite/DaisyExamples/libDaisy/build/libdaisy.a(stm32h7xx_hal_sai.o)
 .text.HAL_SDRAM_Init
                0x000000000800a778       0x54 /mnt/c/Users/usman/Documents/GitHub/Marguerite/DaisyExamples/libDaisy/build/libdaisy.a(stm32h7xx_hal_sdram.o)
                0x000000000800a778                HAL_SDRAM_Init
 .text.HAL_SDRAM_SendCommand
                0x000000000800a7cc       0x40 /mnt/c/Users/usman/Documents/GitHub/Marguerite/DaisyExamples/libDaisy/build/libdaisy.a(stm32h7xx_hal_sdram.o)
                0x000000000800a7cc                HAL_SDRAM_SendCommand
 .text.HAL_SDRAM_ProgramRefreshRate
                0x000000000800a80c       0x30 /mnt/c/Users/usman/Documents/GitHub/Marguerite/DaisyExamples/libDaisy/build/libdaisy.a(stm32h7xx_hal_sdram.o)
                0x000000000800a80c                HAL_SDRAM_ProgramRefreshRate
 .text.SPI_CloseTransfer
                0x000000000800a83c       0xb8 /mnt/c/Users/usman/Documents/GitHub/Marguerite/DaisyExamples/libDaisy/build/libdaisy.a(stm32h7xx_hal_spi.o)
 .text.HAL_SPI_Init
                0x000000000800a8f4      0x168 /mnt/c/Users/usman/Documents/GitHub/Marguerite/DaisyExamples/libDaisy/build/libdaisy.a(stm32h7xx_hal_spi.o)
                0x000000000800a8f4                HAL_SPI_Init
 .text.HAL_SPI_Transmit
                0x000000000800aa5c      0x32c /mnt/c/Users/usman/Documents/GitHub/Marguerite/DaisyExamples/libDaisy/build/libdaisy.a(stm32h7xx_hal_spi.o)
                0x000000000800aa5c                HAL_SPI_Transmit
 .text.HAL_TIM_Base_Init
                0x000000000800ad88      0x130 /mnt/c/Users/usman/Documents/GitHub/Marguerite/DaisyExamples/libDaisy/build/libdaisy.a(stm32h7xx_hal_tim.o)
                0x000000000800ad88                HAL_TIM_Base_Init
 .text.HAL_TIM_Base_Start
                0x000000000800aeb8       0x38 /mnt/c/Users/usman/Documents/GitHub/Marguerite/DaisyExamples/libDaisy/build/libdaisy.a(stm32h7xx_hal_tim.o)
                0x000000000800aeb8                HAL_TIM_Base_Start
 .text.HAL_TIM_ConfigClockSource
                0x000000000800aef0      0x17c /mnt/c/Users/usman/Documents/GitHub/Marguerite/DaisyExamples/libDaisy/build/libdaisy.a(stm32h7xx_hal_tim.o)
                0x000000000800aef0                HAL_TIM_ConfigClockSource
 .text.HAL_TIMEx_MasterConfigSynchronization
                0x000000000800b06c       0x60 /mnt/c/Users/usman/Documents/GitHub/Marguerite/DaisyExamples/libDaisy/build/libdaisy.a(stm32h7xx_hal_tim_ex.o)
                0x000000000800b06c                HAL_TIMEx_MasterConfigSynchronization
 .text.FMC_SDRAM_Init
                0x000000000800b0cc       0x78 /mnt/c/Users/usman/Documents/GitHub/Marguerite/DaisyExamples/libDaisy/build/libdaisy.a(stm32h7xx_ll_fmc.o)
                0x000000000800b0cc                FMC_SDRAM_Init
 .text.FMC_SDRAM_Timing_Init
                0x000000000800b144       0x98 /mnt/c/Users/usman/Documents/GitHub/Marguerite/DaisyExamples/libDaisy/build/libdaisy.a(stm32h7xx_ll_fmc.o)
                0x000000000800b144                FMC_SDRAM_Timing_Init
 .text.FMC_SDRAM_SendCommand
                0x000000000800b1dc       0x24 /mnt/c/Users/usman/Documents/GitHub/Marguerite/DaisyExamples/libDaisy/build/libdaisy.a(stm32h7xx_ll_fmc.o)
                0x000000000800b1dc                FMC_SDRAM_SendCommand
 .text.FMC_SDRAM_ProgramRefreshRate
                0x000000000800b200       0x1c /mnt/c/Users/usman/Documents/GitHub/Marguerite/DaisyExamples/libDaisy/build/libdaisy.a(stm32h7xx_ll_fmc.o)
                0x000000000800b200                FMC_SDRAM_ProgramRefreshRate
 .text.dsy_dma_init
                0x000000000800b21c       0x98 /mnt/c/Users/usman/Documents/GitHub/Marguerite/DaisyExamples/libDaisy/build/libdaisy.a(dma.o)
                0x000000000800b21c                dsy_dma_init
 .text.HAL_MDMA_Abort_IT
                0x000000000800b2b4       0x2c /mnt/c/Users/usman/Documents/GitHub/Marguerite/DaisyExamples/libDaisy/build/libdaisy.a(stm32h7xx_hal_mdma.o)
                0x000000000800b2b4                HAL_MDMA_Abort_IT
 .text.__aeabi_atexit
                0x000000000800b2e0        0xa /home/ujamil/development/gcc-arm-none-eabi-9-2020-q2-update/bin/../lib/gcc/arm-none-eabi/9.3.1/../../../../arm-none-eabi/lib/thumb/v7e-m+dp/hard/libstdc++_nano.a(atexit_arm.o)
                0x000000000800b2e0                __aeabi_atexit
 *fill*         0x000000000800b2ea        0x2 
 .text.expf     0x000000000800b2ec       0xe4 /home/ujamil/development/gcc-arm-none-eabi-9-2020-q2-update/bin/../lib/gcc/arm-none-eabi/9.3.1/../../../../arm-none-eabi/lib/thumb/v7e-m+dp/hard/libm.a(lib_a-sf_exp.o)
                0x000000000800b2ec                expf
 .text.with_errnof
                0x000000000800b3d0       0x18 /home/ujamil/development/gcc-arm-none-eabi-9-2020-q2-update/bin/../lib/gcc/arm-none-eabi/9.3.1/../../../../arm-none-eabi/lib/thumb/v7e-m+dp/hard/libm.a(lib_a-math_errf.o)
 .text.xflowf   0x000000000800b3e8       0x20 /home/ujamil/development/gcc-arm-none-eabi-9-2020-q2-update/bin/../lib/gcc/arm-none-eabi/9.3.1/../../../../arm-none-eabi/lib/thumb/v7e-m+dp/hard/libm.a(lib_a-math_errf.o)
 .text.__math_uflowf
                0x000000000800b408        0xc /home/ujamil/development/gcc-arm-none-eabi-9-2020-q2-update/bin/../lib/gcc/arm-none-eabi/9.3.1/../../../../arm-none-eabi/lib/thumb/v7e-m+dp/hard/libm.a(lib_a-math_errf.o)
                0x000000000800b408                __math_uflowf
 .text.__math_may_uflowf
                0x000000000800b414        0xc /home/ujamil/development/gcc-arm-none-eabi-9-2020-q2-update/bin/../lib/gcc/arm-none-eabi/9.3.1/../../../../arm-none-eabi/lib/thumb/v7e-m+dp/hard/libm.a(lib_a-math_errf.o)
                0x000000000800b414                __math_may_uflowf
 .text.__math_oflowf
                0x000000000800b420        0xc /home/ujamil/development/gcc-arm-none-eabi-9-2020-q2-update/bin/../lib/gcc/arm-none-eabi/9.3.1/../../../../arm-none-eabi/lib/thumb/v7e-m+dp/hard/libm.a(lib_a-math_errf.o)
                0x000000000800b420                __math_oflowf
 .text.__cxa_atexit
                0x000000000800b42c       0x1c /home/ujamil/development/gcc-arm-none-eabi-9-2020-q2-update/bin/../lib/gcc/arm-none-eabi/9.3.1/../../../../arm-none-eabi/lib/thumb/v7e-m+dp/hard/libc_nano.a(lib_a-cxa_atexit.o)
                0x000000000800b42c                __cxa_atexit
 .text.__errno  0x000000000800b448        0xc /home/ujamil/development/gcc-arm-none-eabi-9-2020-q2-update/bin/../lib/gcc/arm-none-eabi/9.3.1/../../../../arm-none-eabi/lib/thumb/v7e-m+dp/hard/libc_nano.a(lib_a-errno.o)
                0x000000000800b448                __errno
 .text.__libc_init_array
                0x000000000800b454       0x48 /home/ujamil/development/gcc-arm-none-eabi-9-2020-q2-update/bin/../lib/gcc/arm-none-eabi/9.3.1/../../../../arm-none-eabi/lib/thumb/v7e-m+dp/hard/libc_nano.a(lib_a-init.o)
                0x000000000800b454                __libc_init_array
 .text.memcpy   0x000000000800b49c       0x1c /home/ujamil/development/gcc-arm-none-eabi-9-2020-q2-update/bin/../lib/gcc/arm-none-eabi/9.3.1/../../../../arm-none-eabi/lib/thumb/v7e-m+dp/hard/libc_nano.a(lib_a-memcpy-stub.o)
                0x000000000800b49c                memcpy
 .text.memset   0x000000000800b4b8       0x10 /home/ujamil/development/gcc-arm-none-eabi-9-2020-q2-update/bin/../lib/gcc/arm-none-eabi/9.3.1/../../../../arm-none-eabi/lib/thumb/v7e-m+dp/hard/libc_nano.a(lib_a-memset.o)
                0x000000000800b4b8                memset
 *(.rodata)
 .rodata        0x000000000800b4c8      0x200 build/main.o
 .rodata        0x000000000800b6c8       0x20 /mnt/c/Users/usman/Documents/GitHub/Marguerite/DaisyExamples/libDaisy/build/libdaisy.a(daisy_field.o)
 .rodata        0x000000000800b6e8       0x10 /mnt/c/Users/usman/Documents/GitHub/Marguerite/DaisyExamples/libDaisy/build/libdaisy.a(i2c.o)
 *(.rodata*)
 .rodata.D1CorePrescTable
                0x000000000800b6f8       0x10 build/system_stm32h7xx.o
                0x000000000800b6f8                D1CorePrescTable
 .rodata._ZN5daisy10DaisyField4InitEv.str1.4
                0x000000000800b708        0x6 /mnt/c/Users/usman/Documents/GitHub/Marguerite/DaisyExamples/libDaisy/build/libdaisy.a(daisy_field.o)
 *fill*         0x000000000800b70e        0x2 
 .rodata._ZL20field_led_i2c_config
                0x000000000800b710        0xc /mnt/c/Users/usman/Documents/GitHub/Marguerite/DaisyExamples/libDaisy/build/libdaisy.a(daisy_field.o)
 .rodata._ZL8seedgpio
                0x000000000800b71c       0x3e /mnt/c/Users/usman/Documents/GitHub/Marguerite/DaisyExamples/libDaisy/build/libdaisy.a(daisy_seed.o)
 *fill*         0x000000000800b75a        0x2 
 .rodata._ZL16dsy_adc_rank_map
                0x000000000800b75c       0x40 /mnt/c/Users/usman/Documents/GitHub/Marguerite/DaisyExamples/libDaisy/build/libdaisy.a(adc.o)
 .rodata.HAL_QSPI_MspInit.str1.4
                0x000000000800b79c        0x7 /mnt/c/Users/usman/Documents/GitHub/Marguerite/DaisyExamples/libDaisy/build/libdaisy.a(qspi.o)
 *fill*         0x000000000800b7a3        0x1 
 .rodata.CSWTCH.31
                0x000000000800b7a4        0x3 /mnt/c/Users/usman/Documents/GitHub/Marguerite/DaisyExamples/libDaisy/build/libdaisy.a(sai.o)
 *fill*         0x000000000800b7a7        0x1 
 .rodata.CSWTCH.32
                0x000000000800b7a8        0xc /mnt/c/Users/usman/Documents/GitHub/Marguerite/DaisyExamples/libDaisy/build/libdaisy.a(sai.o)
 .rodata.CSWTCH.39
                0x000000000800b7b4       0x14 /mnt/c/Users/usman/Documents/GitHub/Marguerite/DaisyExamples/libDaisy/build/libdaisy.a(sai.o)
 .rodata.gpio_hal_pin_map
                0x000000000800b7c8       0x20 /mnt/c/Users/usman/Documents/GitHub/Marguerite/DaisyExamples/libDaisy/build/libdaisy.a(hal_map.o)
 .rodata.gpio_hal_port_map
                0x000000000800b7e8       0x30 /mnt/c/Users/usman/Documents/GitHub/Marguerite/DaisyExamples/libDaisy/build/libdaisy.a(hal_map.o)
 .rodata.flagBitshiftOffset.17888
                0x000000000800b818        0x8 /mnt/c/Users/usman/Documents/GitHub/Marguerite/DaisyExamples/libDaisy/build/libdaisy.a(stm32h7xx_hal_dma.o)
 .rodata.__exp2f_data
                0x000000000800b820      0x148 /home/ujamil/development/gcc-arm-none-eabi-9-2020-q2-update/bin/../lib/gcc/arm-none-eabi/9.3.1/../../../../arm-none-eabi/lib/thumb/v7e-m+dp/hard/libm.a(lib_a-sf_exp2_data.o)
                0x000000000800b820                __exp2f_data
 *(.glue_7)
 .glue_7        0x000000000800b968        0x0 linker stubs
 *(.glue_7t)
 .glue_7t       0x000000000800b968        0x0 linker stubs
 *(.init)
 .init          0x000000000800b968        0x4 /home/ujamil/development/gcc-arm-none-eabi-9-2020-q2-update/bin/../lib/gcc/arm-none-eabi/9.3.1/thumb/v7e-m+dp/hard/crti.o
                0x000000000800b968                _init
 .init          0x000000000800b96c        0x8 /home/ujamil/development/gcc-arm-none-eabi-9-2020-q2-update/bin/../lib/gcc/arm-none-eabi/9.3.1/thumb/v7e-m+dp/hard/crtn.o
 *(.fini)
 .fini          0x000000000800b974        0x4 /home/ujamil/development/gcc-arm-none-eabi-9-2020-q2-update/bin/../lib/gcc/arm-none-eabi/9.3.1/thumb/v7e-m+dp/hard/crti.o
                0x000000000800b974                _fini
 .fini          0x000000000800b978        0x8 /home/ujamil/development/gcc-arm-none-eabi-9-2020-q2-update/bin/../lib/gcc/arm-none-eabi/9.3.1/thumb/v7e-m+dp/hard/crtn.o
                0x000000000800b980                . = ALIGN (0x4)
                0x000000000800b980                _etext = .

.eh_frame       0x000000000800b980        0x0
 .eh_frame      0x000000000800b980        0x0 /home/ujamil/development/gcc-arm-none-eabi-9-2020-q2-update/bin/../lib/gcc/arm-none-eabi/9.3.1/thumb/v7e-m+dp/hard/crtbegin.o

.vfp11_veneer   0x000000000800b980        0x0
 .vfp11_veneer  0x000000000800b980        0x0 linker stubs

.v4_bx          0x000000000800b980        0x0
 .v4_bx         0x000000000800b980        0x0 linker stubs

.iplt           0x000000000800b980        0x0
 .iplt          0x000000000800b980        0x0 /home/ujamil/development/gcc-arm-none-eabi-9-2020-q2-update/bin/../lib/gcc/arm-none-eabi/9.3.1/thumb/v7e-m+dp/hard/crtbegin.o

.rel.dyn        0x000000000800b980        0x0
 .rel.iplt      0x000000000800b980        0x0 /home/ujamil/development/gcc-arm-none-eabi-9-2020-q2-update/bin/../lib/gcc/arm-none-eabi/9.3.1/thumb/v7e-m+dp/hard/crtbegin.o

.ARM.extab      0x000000000800b980        0x0
                0x000000000800b980                . = ALIGN (0x4)
 *(.ARM.extab)
 *(.gnu.linkonce.armextab.*)
                0x000000000800b980                . = ALIGN (0x4)

.exidx          0x000000000800b980        0x0
                0x000000000800b980                . = ALIGN (0x4)
                [!provide]                        PROVIDE (__exidx_start = .)
 *(.ARM.exidx*)
                0x000000000800b980                . = ALIGN (0x4)
                [!provide]                        PROVIDE (__exidx_end = .)

.ARM.attributes
                0x000000000800b980       0x2e
 *(.ARM.attributes)
 .ARM.attributes
                0x000000000800b980       0x1e /home/ujamil/development/gcc-arm-none-eabi-9-2020-q2-update/bin/../lib/gcc/arm-none-eabi/9.3.1/thumb/v7e-m+dp/hard/crti.o
 .ARM.attributes
                0x000000000800b99e       0x32 /home/ujamil/development/gcc-arm-none-eabi-9-2020-q2-update/bin/../lib/gcc/arm-none-eabi/9.3.1/thumb/v7e-m+dp/hard/crtbegin.o
 .ARM.attributes
                0x000000000800b9d0       0x32 build/system_stm32h7xx.o
 .ARM.attributes
                0x000000000800ba02       0x32 build/startup_stm32h750xx.o
 .ARM.attributes
                0x000000000800ba34       0x32 build/main.o
 .ARM.attributes
                0x000000000800ba66       0x32 /mnt/c/Users/usman/Documents/GitHub/Marguerite/DaisyExamples/libDaisy/build/libdaisy.a(daisy_field.o)
 .ARM.attributes
                0x000000000800ba98       0x32 /mnt/c/Users/usman/Documents/GitHub/Marguerite/DaisyExamples/libDaisy/build/libdaisy.a(daisy_seed.o)
 .ARM.attributes
                0x000000000800baca       0x32 /mnt/c/Users/usman/Documents/GitHub/Marguerite/DaisyExamples/libDaisy/build/libdaisy.a(codec_ak4556.o)
 .ARM.attributes
                0x000000000800bafc       0x32 /mnt/c/Users/usman/Documents/GitHub/Marguerite/DaisyExamples/libDaisy/build/libdaisy.a(sdram.o)
 .ARM.attributes
                0x000000000800bb2e       0x32 /mnt/c/Users/usman/Documents/GitHub/Marguerite/DaisyExamples/libDaisy/build/libdaisy.a(sr_4021.o)
 .ARM.attributes
                0x000000000800bb60       0x32 /mnt/c/Users/usman/Documents/GitHub/Marguerite/DaisyExamples/libDaisy/build/libdaisy.a(audio.o)
 .ARM.attributes
                0x000000000800bb92       0x32 /mnt/c/Users/usman/Documents/GitHub/Marguerite/DaisyExamples/libDaisy/build/libdaisy.a(ctrl.o)
 .ARM.attributes
                0x000000000800bbc4       0x32 /mnt/c/Users/usman/Documents/GitHub/Marguerite/DaisyExamples/libDaisy/build/libdaisy.a(gatein.o)
 .ARM.attributes
                0x000000000800bbf6       0x32 /mnt/c/Users/usman/Documents/GitHub/Marguerite/DaisyExamples/libDaisy/build/libdaisy.a(oled_display.o)
 .ARM.attributes
                0x000000000800bc28       0x32 /mnt/c/Users/usman/Documents/GitHub/Marguerite/DaisyExamples/libDaisy/build/libdaisy.a(switch.o)
 .ARM.attributes
                0x000000000800bc5a       0x32 /mnt/c/Users/usman/Documents/GitHub/Marguerite/DaisyExamples/libDaisy/build/libdaisy.a(adc.o)
 .ARM.attributes
                0x000000000800bc8c       0x32 /mnt/c/Users/usman/Documents/GitHub/Marguerite/DaisyExamples/libDaisy/build/libdaisy.a(dac.o)
 .ARM.attributes
                0x000000000800bcbe       0x32 /mnt/c/Users/usman/Documents/GitHub/Marguerite/DaisyExamples/libDaisy/build/libdaisy.a(gpio.o)
 .ARM.attributes
                0x000000000800bcf0       0x32 /mnt/c/Users/usman/Documents/GitHub/Marguerite/DaisyExamples/libDaisy/build/libdaisy.a(i2c.o)
 .ARM.attributes
                0x000000000800bd22       0x32 /mnt/c/Users/usman/Documents/GitHub/Marguerite/DaisyExamples/libDaisy/build/libdaisy.a(qspi.o)
 .ARM.attributes
                0x000000000800bd54       0x32 /mnt/c/Users/usman/Documents/GitHub/Marguerite/DaisyExamples/libDaisy/build/libdaisy.a(sai.o)
 .ARM.attributes
                0x000000000800bd86       0x32 /mnt/c/Users/usman/Documents/GitHub/Marguerite/DaisyExamples/libDaisy/build/libdaisy.a(spi.o)
 .ARM.attributes
                0x000000000800bdb8       0x32 /mnt/c/Users/usman/Documents/GitHub/Marguerite/DaisyExamples/libDaisy/build/libdaisy.a(tim.o)
 .ARM.attributes
                0x000000000800bdea       0x32 /mnt/c/Users/usman/Documents/GitHub/Marguerite/DaisyExamples/libDaisy/build/libdaisy.a(system.o)
 .ARM.attributes
                0x000000000800be1c       0x32 /mnt/c/Users/usman/Documents/GitHub/Marguerite/DaisyExamples/libDaisy/build/libdaisy.a(hal_map.o)
 .ARM.attributes
                0x000000000800be4e       0x32 /mnt/c/Users/usman/Documents/GitHub/Marguerite/DaisyExamples/libDaisy/build/libdaisy.a(stm32h7xx_hal.o)
 .ARM.attributes
                0x000000000800be80       0x32 /mnt/c/Users/usman/Documents/GitHub/Marguerite/DaisyExamples/libDaisy/build/libdaisy.a(stm32h7xx_hal_adc.o)
 .ARM.attributes
                0x000000000800beb2       0x32 /mnt/c/Users/usman/Documents/GitHub/Marguerite/DaisyExamples/libDaisy/build/libdaisy.a(stm32h7xx_hal_adc_ex.o)
 .ARM.attributes
                0x000000000800bee4       0x32 /mnt/c/Users/usman/Documents/GitHub/Marguerite/DaisyExamples/libDaisy/build/libdaisy.a(stm32h7xx_hal_cortex.o)
 .ARM.attributes
                0x000000000800bf16       0x32 /mnt/c/Users/usman/Documents/GitHub/Marguerite/DaisyExamples/libDaisy/build/libdaisy.a(stm32h7xx_hal_dac.o)
 .ARM.attributes
                0x000000000800bf48       0x32 /mnt/c/Users/usman/Documents/GitHub/Marguerite/DaisyExamples/libDaisy/build/libdaisy.a(stm32h7xx_hal_dma.o)
 .ARM.attributes
                0x000000000800bf7a       0x32 /mnt/c/Users/usman/Documents/GitHub/Marguerite/DaisyExamples/libDaisy/build/libdaisy.a(stm32h7xx_hal_gpio.o)
 .ARM.attributes
                0x000000000800bfac       0x32 /mnt/c/Users/usman/Documents/GitHub/Marguerite/DaisyExamples/libDaisy/build/libdaisy.a(stm32h7xx_hal_i2c.o)
 .ARM.attributes
                0x000000000800bfde       0x32 /mnt/c/Users/usman/Documents/GitHub/Marguerite/DaisyExamples/libDaisy/build/libdaisy.a(stm32h7xx_hal_i2c_ex.o)
 .ARM.attributes
                0x000000000800c010       0x32 /mnt/c/Users/usman/Documents/GitHub/Marguerite/DaisyExamples/libDaisy/build/libdaisy.a(stm32h7xx_hal_pwr_ex.o)
 .ARM.attributes
                0x000000000800c042       0x32 /mnt/c/Users/usman/Documents/GitHub/Marguerite/DaisyExamples/libDaisy/build/libdaisy.a(stm32h7xx_hal_qspi.o)
 .ARM.attributes
                0x000000000800c074       0x32 /mnt/c/Users/usman/Documents/GitHub/Marguerite/DaisyExamples/libDaisy/build/libdaisy.a(stm32h7xx_hal_rcc.o)
 .ARM.attributes
                0x000000000800c0a6       0x32 /mnt/c/Users/usman/Documents/GitHub/Marguerite/DaisyExamples/libDaisy/build/libdaisy.a(stm32h7xx_hal_rcc_ex.o)
 .ARM.attributes
                0x000000000800c0d8       0x32 /mnt/c/Users/usman/Documents/GitHub/Marguerite/DaisyExamples/libDaisy/build/libdaisy.a(stm32h7xx_hal_sai.o)
 .ARM.attributes
                0x000000000800c10a       0x32 /mnt/c/Users/usman/Documents/GitHub/Marguerite/DaisyExamples/libDaisy/build/libdaisy.a(stm32h7xx_hal_sdram.o)
 .ARM.attributes
                0x000000000800c13c       0x32 /mnt/c/Users/usman/Documents/GitHub/Marguerite/DaisyExamples/libDaisy/build/libdaisy.a(stm32h7xx_hal_spi.o)
 .ARM.attributes
                0x000000000800c16e       0x32 /mnt/c/Users/usman/Documents/GitHub/Marguerite/DaisyExamples/libDaisy/build/libdaisy.a(stm32h7xx_hal_tim.o)
 .ARM.attributes
                0x000000000800c1a0       0x32 /mnt/c/Users/usman/Documents/GitHub/Marguerite/DaisyExamples/libDaisy/build/libdaisy.a(stm32h7xx_hal_tim_ex.o)
 .ARM.attributes
                0x000000000800c1d2       0x32 /mnt/c/Users/usman/Documents/GitHub/Marguerite/DaisyExamples/libDaisy/build/libdaisy.a(stm32h7xx_ll_fmc.o)
 .ARM.attributes
                0x000000000800c204       0x32 /mnt/c/Users/usman/Documents/GitHub/Marguerite/DaisyExamples/libDaisy/build/libdaisy.a(dma.o)
 .ARM.attributes
                0x000000000800c236       0x32 /mnt/c/Users/usman/Documents/GitHub/Marguerite/DaisyExamples/libDaisy/build/libdaisy.a(stm32h7xx_hal_mdma.o)
 .ARM.attributes
                0x000000000800c268       0x32 /home/ujamil/development/gcc-arm-none-eabi-9-2020-q2-update/bin/../lib/gcc/arm-none-eabi/9.3.1/../../../../arm-none-eabi/lib/thumb/v7e-m+dp/hard/libstdc++_nano.a(atexit_arm.o)
 .ARM.attributes
                0x000000000800c29a       0x32 /home/ujamil/development/gcc-arm-none-eabi-9-2020-q2-update/bin/../lib/gcc/arm-none-eabi/9.3.1/../../../../arm-none-eabi/lib/thumb/v7e-m+dp/hard/libm.a(lib_a-sf_exp.o)
 .ARM.attributes
                0x000000000800c2cc       0x30 /home/ujamil/development/gcc-arm-none-eabi-9-2020-q2-update/bin/../lib/gcc/arm-none-eabi/9.3.1/../../../../arm-none-eabi/lib/thumb/v7e-m+dp/hard/libm.a(lib_a-sf_exp2_data.o)
 .ARM.attributes
                0x000000000800c2fc       0x32 /home/ujamil/development/gcc-arm-none-eabi-9-2020-q2-update/bin/../lib/gcc/arm-none-eabi/9.3.1/../../../../arm-none-eabi/lib/thumb/v7e-m+dp/hard/libm.a(lib_a-math_errf.o)
 .ARM.attributes
                0x000000000800c32e       0x32 /home/ujamil/development/gcc-arm-none-eabi-9-2020-q2-update/bin/../lib/gcc/arm-none-eabi/9.3.1/../../../../arm-none-eabi/lib/thumb/v7e-m+dp/hard/libc_nano.a(lib_a-cxa_atexit.o)
 .ARM.attributes
                0x000000000800c360       0x32 /home/ujamil/development/gcc-arm-none-eabi-9-2020-q2-update/bin/../lib/gcc/arm-none-eabi/9.3.1/../../../../arm-none-eabi/lib/thumb/v7e-m+dp/hard/libc_nano.a(lib_a-errno.o)
 .ARM.attributes
                0x000000000800c392       0x30 /home/ujamil/development/gcc-arm-none-eabi-9-2020-q2-update/bin/../lib/gcc/arm-none-eabi/9.3.1/../../../../arm-none-eabi/lib/thumb/v7e-m+dp/hard/libc_nano.a(lib_a-impure.o)
 .ARM.attributes
                0x000000000800c3c2       0x32 /home/ujamil/development/gcc-arm-none-eabi-9-2020-q2-update/bin/../lib/gcc/arm-none-eabi/9.3.1/../../../../arm-none-eabi/lib/thumb/v7e-m+dp/hard/libc_nano.a(lib_a-init.o)
 .ARM.attributes
                0x000000000800c3f4       0x32 /home/ujamil/development/gcc-arm-none-eabi-9-2020-q2-update/bin/../lib/gcc/arm-none-eabi/9.3.1/../../../../arm-none-eabi/lib/thumb/v7e-m+dp/hard/libc_nano.a(lib_a-memcpy-stub.o)
 .ARM.attributes
                0x000000000800c426       0x32 /home/ujamil/development/gcc-arm-none-eabi-9-2020-q2-update/bin/../lib/gcc/arm-none-eabi/9.3.1/../../../../arm-none-eabi/lib/thumb/v7e-m+dp/hard/libc_nano.a(lib_a-memset.o)
 .ARM.attributes
                0x000000000800c458       0x1e /home/ujamil/development/gcc-arm-none-eabi-9-2020-q2-update/bin/../lib/gcc/arm-none-eabi/9.3.1/thumb/v7e-m+dp/hard/crtn.o

.preinit_array  0x000000000800b980        0x0
                0x000000000800b980                PROVIDE (__preinit_array_start = .)
 *(.preinit_array*)
                0x000000000800b980                PROVIDE (__preinit_array_end = .)

.init_array     0x000000000800b980       0x14
                0x000000000800b980                PROVIDE (__init_array_start = .)
 *(SORT_BY_NAME(.init_array.*))
 *(.init_array*)
 .init_array    0x000000000800b980        0x4 /home/ujamil/development/gcc-arm-none-eabi-9-2020-q2-update/bin/../lib/gcc/arm-none-eabi/9.3.1/thumb/v7e-m+dp/hard/crtbegin.o
 .init_array    0x000000000800b984        0x4 build/main.o
 .init_array    0x000000000800b988        0x4 /mnt/c/Users/usman/Documents/GitHub/Marguerite/DaisyExamples/libDaisy/build/libdaisy.a(daisy_field.o)
 .init_array    0x000000000800b98c        0x4 /mnt/c/Users/usman/Documents/GitHub/Marguerite/DaisyExamples/libDaisy/build/libdaisy.a(audio.o)
 .init_array    0x000000000800b990        0x4 /mnt/c/Users/usman/Documents/GitHub/Marguerite/DaisyExamples/libDaisy/build/libdaisy.a(oled_display.o)
                0x000000000800b994                PROVIDE (__init_array_end = .)

.fini_array     0x000000000800b994        0x4
                [!provide]                        PROVIDE (__fini_array_start = .)
 *(.fini_array*)
 .fini_array    0x000000000800b994        0x4 /home/ujamil/development/gcc-arm-none-eabi-9-2020-q2-update/bin/../lib/gcc/arm-none-eabi/9.3.1/thumb/v7e-m+dp/hard/crtbegin.o
 *(SORT_BY_NAME(.fini_array.*))
                [!provide]                        PROVIDE (__fini_array_end = .)

.data           0x0000000024000000       0x78 load address 0x000000000800b998
                0x0000000024000000                . = ALIGN (0x4)
                0x0000000024000000                _sdata = .
                [!provide]                        PROVIDE (__data_start__ = _sdata)
 *(.data)
 .data          0x0000000024000000        0x4 /home/ujamil/development/gcc-arm-none-eabi-9-2020-q2-update/bin/../lib/gcc/arm-none-eabi/9.3.1/thumb/v7e-m+dp/hard/crtbegin.o
                0x0000000024000000                __dso_handle
 *(.data*)
 .data.SystemCoreClock
                0x0000000024000004        0x4 build/system_stm32h7xx.o
                0x0000000024000004                SystemCoreClock
 .data.SystemD2Clock
                0x0000000024000008        0x4 build/system_stm32h7xx.o
                0x0000000024000008                SystemD2Clock
 .data.uwTickFreq
                0x000000002400000c        0x1 /mnt/c/Users/usman/Documents/GitHub/Marguerite/DaisyExamples/libDaisy/build/libdaisy.a(stm32h7xx_hal.o)
 *fill*         0x000000002400000d        0x3 
 .data.uwTickPrio
                0x0000000024000010        0x4 /mnt/c/Users/usman/Documents/GitHub/Marguerite/DaisyExamples/libDaisy/build/libdaisy.a(stm32h7xx_hal.o)
 .data._impure_ptr
                0x0000000024000014        0x4 /home/ujamil/development/gcc-arm-none-eabi-9-2020-q2-update/bin/../lib/gcc/arm-none-eabi/9.3.1/../../../../arm-none-eabi/lib/thumb/v7e-m+dp/hard/libc_nano.a(lib_a-impure.o)
                0x0000000024000014                _impure_ptr
 .data.impure_data