Archive member included to satisfy reference by file (symbol)

/mnt/c/Users/usman/Documents/GitHub/Marguerite/DaisyExamples/libDaisy/build/libdaisy.a(daisy_field.o)
                              build/main.o (daisy::DaisyField::Init())
/mnt/c/Users/usman/Documents/GitHub/Marguerite/DaisyExamples/libDaisy/build/libdaisy.a(daisy_seed.o)
                              /mnt/c/Users/usman/Documents/GitHub/Marguerite/DaisyExamples/libDaisy/build/libdaisy.a(daisy_field.o) (daisy::DaisySeed::Configure())
/mnt/c/Users/usman/Documents/GitHub/Marguerite/DaisyExamples/libDaisy/build/libdaisy.a(codec_ak4556.o)
                              /mnt/c/Users/usman/Documents/GitHub/Marguerite/DaisyExamples/libDaisy/build/libdaisy.a(daisy_seed.o) (codec_ak4556_init)
/mnt/c/Users/usman/Documents/GitHub/Marguerite/DaisyExamples/libDaisy/build/libdaisy.a(sdram.o)
                              /mnt/c/Users/usman/Documents/GitHub/Marguerite/DaisyExamples/libDaisy/build/libdaisy.a(daisy_seed.o) (dsy_sdram_init)
/mnt/c/Users/usman/Documents/GitHub/Marguerite/DaisyExamples/libDaisy/build/libdaisy.a(sr_4021.o)
                              /mnt/c/Users/usman/Documents/GitHub/Marguerite/DaisyExamples/libDaisy/build/libdaisy.a(daisy_field.o) (dsy_sr_4021_init)
/mnt/c/Users/usman/Documents/GitHub/Marguerite/DaisyExamples/libDaisy/build/libdaisy.a(audio.o)
                              /mnt/c/Users/usman/Documents/GitHub/Marguerite/DaisyExamples/libDaisy/build/libdaisy.a(daisy_seed.o) (daisy::AudioHandle::Init(daisy::AudioHandle::Config const&, daisy::SaiHandle))
/mnt/c/Users/usman/Documents/GitHub/Marguerite/DaisyExamples/libDaisy/build/libdaisy.a(ctrl.o)
                              /mnt/c/Users/usman/Documents/GitHub/Marguerite/DaisyExamples/libDaisy/build/libdaisy.a(daisy_field.o) (daisy::AnalogControl::Init(unsigned short*, float, bool, bool, float))
/mnt/c/Users/usman/Documents/GitHub/Marguerite/DaisyExamples/libDaisy/build/libdaisy.a(gatein.o)
                              /mnt/c/Users/usman/Documents/GitHub/Marguerite/DaisyExamples/libDaisy/build/libdaisy.a(daisy_field.o) (daisy::GateIn::Init(dsy_gpio_pin*))
/mnt/c/Users/usman/Documents/GitHub/Marguerite/DaisyExamples/libDaisy/build/libdaisy.a(oled_display.o)
                              /mnt/c/Users/usman/Documents/GitHub/Marguerite/DaisyExamples/libDaisy/build/libdaisy.a(daisy_field.o) (daisy::OledDisplay::Fill(bool))
/mnt/c/Users/usman/Documents/GitHub/Marguerite/DaisyExamples/libDaisy/build/libdaisy.a(switch.o)
                              /mnt/c/Users/usman/Documents/GitHub/Marguerite/DaisyExamples/libDaisy/build/libdaisy.a(daisy_field.o) (daisy::Switch::Init(dsy_gpio_pin, float))
/mnt/c/Users/usman/Documents/GitHub/Marguerite/DaisyExamples/libDaisy/build/libdaisy.a(adc.o)
                              /mnt/c/Users/usman/Documents/GitHub/Marguerite/DaisyExamples/libDaisy/build/libdaisy.a(daisy_field.o) (daisy::AdcChannelConfig::InitSingle(dsy_gpio_pin))
/mnt/c/Users/usman/Documents/GitHub/Marguerite/DaisyExamples/libDaisy/build/libdaisy.a(dac.o)
                              /mnt/c/Users/usman/Documents/GitHub/Marguerite/DaisyExamples/libDaisy/build/libdaisy.a(daisy_field.o) (dsy_dac_init)
/mnt/c/Users/usman/Documents/GitHub/Marguerite/DaisyExamples/libDaisy/build/libdaisy.a(gpio.o)
                              /mnt/c/Users/usman/Documents/GitHub/Marguerite/DaisyExamples/libDaisy/build/libdaisy.a(daisy_field.o) (dsy_gpio_init)
/mnt/c/Users/usman/Documents/GitHub/Marguerite/DaisyExamples/libDaisy/build/libdaisy.a(i2c.o)
                              /mnt/c/Users/usman/Documents/GitHub/Marguerite/DaisyExamples/libDaisy/build/libdaisy.a(daisy_field.o) (daisy::I2CHandle::Init(daisy::I2CHandle::Config const&))
/mnt/c/Users/usman/Documents/GitHub/Marguerite/DaisyExamples/libDaisy/build/libdaisy.a(qspi.o)
                              /mnt/c/Users/usman/Documents/GitHub/Marguerite/DaisyExamples/libDaisy/build/libdaisy.a(daisy_seed.o) (dsy_qspi_init)
/mnt/c/Users/usman/Documents/GitHub/Marguerite/DaisyExamples/libDaisy/build/libdaisy.a(sai.o)
                              /mnt/c/Users/usman/Documents/GitHub/Marguerite/DaisyExamples/libDaisy/build/libdaisy.a(daisy_seed.o) (daisy::SaiHandle::Init(daisy::SaiHandle::Config const&))
/mnt/c/Users/usman/Documents/GitHub/Marguerite/DaisyExamples/libDaisy/build/libdaisy.a(spi.o)
                              /mnt/c/Users/usman/Documents/GitHub/Marguerite/DaisyExamples/libDaisy/build/libdaisy.a(oled_display.o) (daisy::SpiHandle::Init())
/mnt/c/Users/usman/Documents/GitHub/Marguerite/DaisyExamples/libDaisy/build/libdaisy.a(tim.o)
                              /mnt/c/Users/usman/Documents/GitHub/Marguerite/DaisyExamples/libDaisy/build/libdaisy.a(daisy_seed.o) (dsy_tim_init)
/mnt/c/Users/usman/Documents/GitHub/Marguerite/DaisyExamples/libDaisy/build/libdaisy.a(system.o)
                              /mnt/c/Users/usman/Documents/GitHub/Marguerite/DaisyExamples/libDaisy/build/libdaisy.a(daisy_seed.o) (dsy_system_init)
[...]
Memory Configuration

Name             Origin             Length             Attributes
FLASH            0x0000000008000000 0x0000000000020000 xr
DTCMRAM          0x0000000020000000 0x0000000000020000 xrw
SRAM             0x0000000024000000 0x0000000000080000 xrw
RAM_D2           0x0000000030000000 0x0000000000048000 xrw
RAM_D3           0x0000000038000000 0x0000000000010000 xrw
ITCMRAM          0x0000000000000000 0x0000000000010000 xrw
SDRAM            0x00000000c0000000 0x0000000004000000 xrw
QSPIFLASH        0x0000000090000000 0x0000000000800000 xr
*default*        0x0000000000000000 0xffffffffffffffff

Linker script and memory map

LOAD /home/ujamil/development/gcc-arm-none-eabi-9-2020-q2-update/bin/../lib/gcc/arm-none-eabi/9.3.1/thumb/v7e-m+dp/hard/crti.o
LOAD /home/ujamil/development/gcc-arm-none-eabi-9-2020-q2-update/bin/../lib/gcc/arm-none-eabi/9.3.1/thumb/v7e-m+dp/hard/crtbegin.o
LOAD /home/ujamil/development/gcc-arm-none-eabi-9-2020-q2-update/bin/../lib/gcc/arm-none-eabi/9.3.1/../../../../arm-none-eabi/lib/thumb/v7e-m+dp/hard/crt0.o
LOAD build/system_stm32h7xx.o
LOAD build/startup_stm32h750xx.o
LOAD build/main.o
LOAD /mnt/c/Users/usman/Documents/GitHub/Marguerite/DaisyExamples/libDaisy/build/libdaisy.a
LOAD /home/ujamil/development/gcc-arm-none-eabi-9-2020-q2-update/bin/../lib/gcc/arm-none-eabi/9.3.1/../../../../arm-none-eabi/lib/thumb/v7e-m+dp/hard/libnosys.a
LOAD /mnt/c/Users/usman/Documents/GitHub/Marguerite/DaisyExamples/DaisySP/build/libdaisysp.a
LOAD /home/ujamil/development/gcc-arm-none-eabi-9-2020-q2-update/bin/../lib/gcc/arm-none-eabi/9.3.1/../../../../arm-none-eabi/lib/thumb/v7e-m+dp/hard/libstdc++_nano.a
LOAD /home/ujamil/development/gcc-arm-none-eabi-9-2020-q2-update/bin/../lib/gcc/arm-none-eabi/9.3.1/../../../../arm-none-eabi/lib/thumb/v7e-m+dp/hard/libm.a
LOAD /home/ujamil/development/gcc-arm-none-eabi-9-2020-q2-update/bin/../lib/gcc/arm-none-eabi/9.3.1/../../../../arm-none-eabi/lib/thumb/v7e-m+dp/hard/libc_nano.a
START GROUP
LOAD /home/ujamil/development/gcc-arm-none-eabi-9-2020-q2-update/bin/../lib/gcc/arm-none-eabi/9.3.1/thumb/v7e-m+dp/hard/libgcc.a
LOAD /home/ujamil/development/gcc-arm-none-eabi-9-2020-q2-update/bin/../lib/gcc/arm-none-eabi/9.3.1/../../../../arm-none-eabi/lib/thumb/v7e-m+dp/hard/libc_nano.a
END GROUP
START GROUP
LOAD /home/ujamil/development/gcc-arm-none-eabi-9-2020-q2-update/bin/../lib/gcc/arm-none-eabi/9.3.1/thumb/v7e-m+dp/hard/libgcc.a
LOAD /home/ujamil/development/gcc-arm-none-eabi-9-2020-q2-update/bin/../lib/gcc/arm-none-eabi/9.3.1/../../../../arm-none-eabi/lib/thumb/v7e-m+dp/hard/libc_nano.a
LOAD /home/ujamil/development/gcc-arm-none-eabi-9-2020-q2-update/bin/../lib/gcc/arm-none-eabi/9.3.1/../../../../arm-none-eabi/lib/thumb/v7e-m+dp/hard/libnosys.a
END GROUP
START GROUP
LOAD /home/ujamil/development/gcc-arm-none-eabi-9-2020-q2-update/bin/../lib/gcc/arm-none-eabi/9.3.1/thumb/v7e-m+dp/hard/libgcc.a
LOAD /home/ujamil/development/gcc-arm-none-eabi-9-2020-q2-update/bin/../lib/gcc/arm-none-eabi/9.3.1/../../../../arm-none-eabi/lib/thumb/v7e-m+dp/hard/libc_nano.a
LOAD /home/ujamil/development/gcc-arm-none-eabi-9-2020-q2-update/bin/../lib/gcc/arm-none-eabi/9.3.1/../../../../arm-none-eabi/lib/thumb/v7e-m+dp/hard/libnosys.a
END GROUP
LOAD /home/ujamil/development/gcc-arm-none-eabi-9-2020-q2-update/bin/../lib/gcc/arm-none-eabi/9.3.1/thumb/v7e-m+dp/hard/crtend.o
LOAD /home/ujamil/development/gcc-arm-none-eabi-9-2020-q2-update/bin/../lib/gcc/arm-none-eabi/9.3.1/thumb/v7e-m+dp/hard/crtn.o
                0x0000000020020000                _estack = 0x20020000

.isr_vector     0x0000000008000000      0x298
                0x0000000008000000                . = ALIGN (0x4)
 *(.isr_vector)
 .isr_vector    0x0000000008000000      0x298 build/startup_stm32h750xx.o
                0x0000000008000000                g_pfnVectors
                0x0000000008000298                . = ALIGN (0x4)

.text           0x0000000008000298     0xac58
                0x0000000008000298                . = ALIGN (0x4)
                0x0000000008000298                _stext = .
 *(.text)
 .text          0x0000000008000298       0x40 /home/ujamil/development/gcc-arm-none-eabi-9-2020-q2-update/bin/../lib/gcc/arm-none-eabi/9.3.1/thumb/v7e-m+dp/hard/crtbegin.o
 .text          0x00000000080002d8      0x378 /home/ujamil/development/gcc-arm-none-eabi-9-2020-q2-update/bin/../lib/gcc/arm-none-eabi/9.3.1/thumb/v7e-m+dp/hard/libgcc.a(_arm_addsubdf3.o)
                0x00000000080002d8                __aeabi_drsub
                0x00000000080002e0                __aeabi_dsub
                0x00000000080002e0                __subdf3
                0x00000000080002e4                __adddf3
                0x00000000080002e4                __aeabi_dadd
                0x000000000800055c                __aeabi_ui2d
                0x000000000800055c                __floatunsidf
                0x000000000800057c                __floatsidf
                0x000000000800057c                __aeabi_i2d
                0x00000000080005a0                __extendsfdf2
                0x00000000080005a0                __aeabi_f2d
                0x00000000080005e4                __aeabi_ul2d
                0x00000000080005e4                __floatundidf
                0x00000000080005f4                __floatdidf
                0x00000000080005f4                __aeabi_l2d
 *(.text*)
 .text.SystemInit
                0x0000000008000650       0x80 build/system_stm32h7xx.o
                0x0000000008000650                SystemInit
 .text.Default_Handler
                0x00000000080006d0        0x4 build/startup_stm32h750xx.o
                0x00000000080006d0                RTC_Alarm_IRQHandler
                0x00000000080006d0                HASH_RNG_IRQHandler
                0x00000000080006d0                EXTI2_IRQHandler
                0x00000000080006d0                TIM8_CC_IRQHandler
                0x00000000080006d0                HRTIM1_Master_IRQHandler
                0x00000000080006d0                DebugMon_Handler
                0x00000000080006d0                UART8_IRQHandler
                0x00000000080006d0                SPI4_IRQHandler
                0x00000000080006d0                TIM1_CC_IRQHandler
                0x00000000080006d0                BDMA_Channel6_IRQHandler
                0x00000000080006d0                DMA2_Stream5_IRQHandler
                0x00000000080006d0                HRTIM1_FLT_IRQHandler
                0x00000000080006d0                JPEG_IRQHandler
                0x00000000080006d0                DMA1_Stream5_IRQHandler
                0x00000000080006d0                BDMA_Channel1_IRQHandler
                0x00000000080006d0                HRTIM1_TIMD_IRQHandler
                0x00000000080006d0                TAMP_STAMP_IRQHandler
                0x00000000080006d0                PendSV_Handler
                0x00000000080006d0                NMI_Handler
                0x00000000080006d0                EXTI3_IRQHandler
                0x00000000080006d0                LPTIM4_IRQHandler
                0x00000000080006d0                TIM8_TRG_COM_TIM14_IRQHandler
                0x00000000080006d0                LPTIM2_IRQHandler
                0x00000000080006d0                DFSDM1_FLT1_IRQHandler
                0x00000000080006d0                DMAMUX2_OVR_IRQHandler
                0x00000000080006d0                TIM8_UP_TIM13_IRQHandler
                0x00000000080006d0                I2C3_ER_IRQHandler
                0x00000000080006d0                DFSDM1_FLT2_IRQHandler
                0x00000000080006d0                MDMA_IRQHandler
                0x00000000080006d0                LPTIM3_IRQHandler
                0x00000000080006d0                HSEM1_IRQHandler
                0x00000000080006d0                EXTI0_IRQHandler
                0x00000000080006d0                FPU_IRQHandler
                0x00000000080006d0                OTG_HS_WKUP_IRQHandler
                0x00000000080006d0                FDCAN1_IT1_IRQHandler
                0x00000000080006d0                UsageFault_Handler
                0x00000000080006d0                LTDC_ER_IRQHandler
                0x00000000080006d0                DMA2_Stream2_IRQHandler
                0x00000000080006d0                HRTIM1_TIME_IRQHandler
                0x00000000080006d0                SPI1_IRQHandler
                0x00000000080006d0                TIM6_DAC_IRQHandler
                0x00000000080006d0                DCMI_IRQHandler
                0x00000000080006d0                HRTIM1_TIMC_IRQHandler
                0x00000000080006d0                DMA2_Stream3_IRQHandler
                0x00000000080006d0                SAI2_IRQHandler
                0x00000000080006d0                DFSDM1_FLT3_IRQHandler
                0x00000000080006d0                USART6_IRQHandler
                0x00000000080006d0                TIM17_IRQHandler
                0x00000000080006d0                USART3_IRQHandler
                0x00000000080006d0                CRYP_IRQHandler
                0x00000000080006d0                BDMA_Channel7_IRQHandler
                0x00000000080006d0                LPTIM5_IRQHandler
                0x00000000080006d0                UART5_IRQHandler
                0x00000000080006d0                ADC3_IRQHandler
                0x00000000080006d0                DMA2_Stream0_IRQHandler
                0x00000000080006d0                TIM4_IRQHandler
                0x00000000080006d0                BDMA_Channel2_IRQHandler
                0x00000000080006d0                DMAMUX1_OVR_IRQHandler
                0x00000000080006d0                TIM16_IRQHandler
                0x00000000080006d0                UART4_IRQHandler
                0x00000000080006d0                BDMA_Channel5_IRQHandler
                0x00000000080006d0                TIM3_IRQHandler
                0x00000000080006d0                RCC_IRQHandler
                0x00000000080006d0                TIM8_BRK_TIM12_IRQHandler
                0x00000000080006d0                TIM1_TRG_COM_IRQHandler
                0x00000000080006d0                Default_Handler
                0x00000000080006d0                ECC_IRQHandler
                0x00000000080006d0                CEC_IRQHandler
                0x00000000080006d0                EXTI15_10_IRQHandler
                0x00000000080006d0                BDMA_Channel0_IRQHandler
                0x00000000080006d0                ADC_IRQHandler
                0x00000000080006d0                DMA1_Stream7_IRQHandler
                0x00000000080006d0                HRTIM1_TIMA_IRQHandler
                0x00000000080006d0                SPI5_IRQHandler
                0x00000000080006d0                TIM7_IRQHandler
                0x00000000080006d0                SDMMC1_IRQHandler
                0x00000000080006d0                TIM5_IRQHandler
                0x00000000080006d0                DMA2_Stream7_IRQHandler
                0x00000000080006d0                TIM15_IRQHandler
                0x00000000080006d0                PVD_AVD_IRQHandler
                0x00000000080006d0                EXTI9_5_IRQHandler
                0x00000000080006d0                RTC_WKUP_IRQHandler
                0x00000000080006d0                LTDC_IRQHandler
                0x00000000080006d0                SAI3_IRQHandler
                0x00000000080006d0                ETH_WKUP_IRQHandler
                0x00000000080006d0                SPDIF_RX_IRQHandler
                0x00000000080006d0                SPI2_IRQHandler
                0x00000000080006d0                OTG_HS_EP1_IN_IRQHandler
                0x00000000080006d0                MemManage_Handler
                0x00000000080006d0                SVC_Handler
                0x00000000080006d0                CRS_IRQHandler
                0x00000000080006d0                EXTI4_IRQHandler
                0x00000000080006d0                HRTIM1_TIMB_IRQHandler
                0x00000000080006d0                FDCAN2_IT1_IRQHandler
                0x00000000080006d0                ETH_IRQHandler
                0x00000000080006d0                TIM1_UP_IRQHandler
                0x00000000080006d0                BDMA_Channel4_IRQHandler
                0x00000000080006d0                OTG_HS_EP1_OUT_IRQHandler
                0x00000000080006d0                WWDG_IRQHandler
                0x00000000080006d0                SPI6_IRQHandler
                0x00000000080006d0                I2C4_EV_IRQHandler
                0x00000000080006d0                MDIOS_IRQHandler
                0x00000000080006d0                FDCAN2_IT0_IRQHandler
                0x00000000080006d0                LPUART1_IRQHandler
                0x00000000080006d0                FDCAN1_IT0_IRQHandler
                0x00000000080006d0                TIM2_IRQHandler
                0x00000000080006d0                OTG_FS_WKUP_IRQHandler
                0x00000000080006d0                OTG_HS_IRQHandler
                0x00000000080006d0                DMA2D_IRQHandler
                0x00000000080006d0                TIM1_BRK_IRQHandler
                0x00000000080006d0                EXTI1_IRQHandler
                0x00000000080006d0                SDMMC2_IRQHandler
                0x00000000080006d0                OTG_FS_EP1_OUT_IRQHandler
                0x00000000080006d0                BDMA_Channel3_IRQHandler
                0x00000000080006d0                UART7_IRQHandler
                0x00000000080006d0                MDIOS_WKUP_IRQHandler
                0x00000000080006d0                USART2_IRQHandler
                0x00000000080006d0                DFSDM1_FLT0_IRQHandler
                0x00000000080006d0                SAI4_IRQHandler
                0x00000000080006d0                I2C2_ER_IRQHandler
                0x00000000080006d0                DMA2_Stream1_IRQHandler
                0x00000000080006d0                FLASH_IRQHandler
                0x00000000080006d0                DMA2_Stream4_IRQHandler
                0x00000000080006d0                BusFault_Handler
                0x00000000080006d0                USART1_IRQHandler
                0x00000000080006d0                OTG_FS_IRQHandler
                0x00000000080006d0                SPI3_IRQHandler
                0x00000000080006d0                WAKEUP_PIN_IRQHandler
                0x00000000080006d0                OTG_FS_EP1_IN_IRQHandler
                0x00000000080006d0                I2C1_ER_IRQHandler
                0x00000000080006d0                FMC_IRQHandler
                0x00000000080006d0                FDCAN_CAL_IRQHandler
                0x00000000080006d0                SWPMI1_IRQHandler
                0x00000000080006d0                COMP1_IRQHandler
                0x00000000080006d0                LPTIM1_IRQHandler
                0x00000000080006d0                I2C4_ER_IRQHandler
                0x00000000080006d0                DMA2_Stream6_IRQHandler
                0x00000000080006d0                SAI1_IRQHandler
 .text.Reset_Handler
                0x00000000080006d4       0x4c build/startup_stm32h750xx.o
                0x00000000080006d4                Reset_Handler
 .text._ZN5daisy10DaisyFieldD2Ev
                0x0000000008000720        0x4 build/main.o
                0x0000000008000720                daisy::DaisyField::~DaisyField()
                0x0000000008000720                daisy::DaisyField::~DaisyField()
 .text._ZN7daisysp10OscillatorD2Ev
                0x0000000008000724        0x4 build/main.o
                0x0000000008000724                daisysp::Oscillator::~Oscillator()
                0x0000000008000724                daisysp::Oscillator::~Oscillator()
 .text._ZN7daisysp6PhasorD2Ev
                0x0000000008000728        0x4 build/main.o
                0x0000000008000728                daisysp::Phasor::~Phasor()
                0x0000000008000728                daisysp::Phasor::~Phasor()
 .text._ZL13AudioCallbackPfS_j
                0x000000000800072c       0x64 build/main.o
 .text.startup.main
                0x0000000008000790       0xa8 build/main.o
                0x0000000008000790                main
 .text.startup._GLOBAL__sub_I_hw
                0x0000000008000838       0x5c build/main.o
 .text._ZN5daisy10DaisyField4InitEv
                0x0000000008000894      0x34c /mnt/c/Users/usman/Documents/GitHub/Marguerite/DaisyExamples/libDaisy/build/libdaisy.a(daisy_field.o)
                0x0000000008000894                daisy::DaisyField::Init()
 .text._ZN5daisy10DaisyField10StartAudioEPFvPfS1_jE
                0x0000000008000be0        0x4 /mnt/c/Users/usman/Documents/GitHub/Marguerite/DaisyExamples/libDaisy/build/libdaisy.a(daisy_field.o)
                0x0000000008000be0                daisy::DaisyField::StartAudio(void (*)(float*, float*, unsigned int))
 .text._ZN5daisy10DaisyField15AudioSampleRateEv
                0x0000000008000be4        0x4 /mnt/c/Users/usman/Documents/GitHub/Marguerite/DaisyExamples/libDaisy/build/libdaisy.a(daisy_field.o)
                0x0000000008000be4                daisy::DaisyField::AudioSampleRate()
 .text.startup._GLOBAL__sub_I__ZN5daisy10DaisyField4InitEv
                0x0000000008000be8       0x18 /mnt/c/Users/usman/Documents/GitHub/Marguerite/DaisyExamples/libDaisy/build/libdaisy.a(daisy_field.o)
 .text._ZN5daisy9DaisySeed9ConfigureEv
                0x0000000008000c00       0x50 /mnt/c/Users/usman/Documents/GitHub/Marguerite/DaisyExamples/libDaisy/build/libdaisy.a(daisy_seed.o)
                0x0000000008000c00                daisy::DaisySeed::Configure()
 .text._ZN5daisy9DaisySeed6GetPinEh
                0x0000000008000c50       0x2c /mnt/c/Users/usman/Documents/GitHub/Marguerite/DaisyExamples/libDaisy/build/libdaisy.a(daisy_seed.o)
                0x0000000008000c50                daisy::DaisySeed::GetPin(unsigned char)
 .text._ZN5daisy9DaisySeed10StartAudioEPFvPfS1_jE
                0x0000000008000c7c        0x8 /mnt/c/Users/usman/Documents/GitHub/Marguerite/DaisyExamples/libDaisy/build/libdaisy.a(daisy_seed.o)
                0x0000000008000c7c                daisy::DaisySeed::StartAudio(void (*)(float*, float*, unsigned int))
 .text._ZN5daisy9DaisySeed15AudioSampleRateEv
                0x0000000008000c84        0x8 /mnt/c/Users/usman/Documents/GitHub/Marguerite/DaisyExamples/libDaisy/build/libdaisy.a(daisy_seed.o)
                0x0000000008000c84                daisy::DaisySeed::AudioSampleRate()
 .text._ZN5daisy9DaisySeed17SetAudioBlockSizeEj
                0x0000000008000c8c       0x38 /mnt/c/Users/usman/Documents/GitHub/Marguerite/DaisyExamples/libDaisy/build/libdaisy.a(daisy_seed.o)
                0x0000000008000c8c                daisy::DaisySeed::SetAudioBlockSize(unsigned int)
 .text._ZNK5daisy9DaisySeed17AudioCallbackRateEv
                0x0000000008000cc4        0x8 /mnt/c/Users/usman/Documents/GitHub/Marguerite/DaisyExamples/libDaisy/build/libdaisy.a(daisy_seed.o)
                0x0000000008000cc4                daisy::DaisySeed::AudioCallbackRate() const
 .text._ZN5daisy9DaisySeed14ConfigureAudioEv
                0x0000000008000ccc       0x70 /mnt/c/Users/usman/Documents/GitHub/Marguerite/DaisyExamples/libDaisy/build/libdaisy.a(daisy_seed.o)
                0x0000000008000ccc                daisy::DaisySeed::ConfigureAudio()
 .text._ZN5daisy9DaisySeed4InitEv
                0x0000000008000d3c       0x60 /mnt/c/Users/usman/Documents/GitHub/Marguerite/DaisyExamples/libDaisy/build/libdaisy.a(daisy_seed.o)
                0x0000000008000d3c                daisy::DaisySeed::Init()
 .text.codec_ak4556_init
                0x0000000008000d9c       0x44 /mnt/c/Users/usman/Documents/GitHub/Marguerite/DaisyExamples/libDaisy/build/libdaisy.a(codec_ak4556.o)
                0x0000000008000d9c                codec_ak4556_init
 .text.dsy_sdram_init
                0x0000000008000de0      0x120 /mnt/c/Users/usman/Documents/GitHub/Marguerite/DaisyExamples/libDaisy/build/libdaisy.a(sdram.o)
                0x0000000008000de0                dsy_sdram_init
 .text.HAL_SDRAM_MspInit
                0x0000000008000f00      0x1cc /mnt/c/Users/usman/Documents/GitHub/Marguerite/DaisyExamples/libDaisy/build/libdaisy.a(sdram.o)
                0x0000000008000f00                HAL_SDRAM_MspInit
 .text.dsy_sr_4021_init
                0x00000000080010cc       0x64 /mnt/c/Users/usman/Documents/GitHub/Marguerite/DaisyExamples/libDaisy/build/libdaisy.a(sr_4021.o)
                0x00000000080010cc                dsy_sr_4021_init
 .text._ZN5daisy11AudioHandle4Impl16InternalCallbackEPlS2_j
                0x0000000008001130      0xc68 /mnt/c/Users/usman/Documents/GitHub/Marguerite/DaisyExamples/libDaisy/build/libdaisy.a(audio.o)
                0x0000000008001130                daisy::AudioHandle::Impl::InternalCallback(long*, long*, unsigned int)
 .text._ZN5daisy11AudioHandle4InitERKNS0_6ConfigENS_9SaiHandleE
                0x0000000008001d98       0x68 /mnt/c/Users/usman/Documents/GitHub/Marguerite/DaisyExamples/libDaisy/build/libdaisy.a(audio.o)
                0x0000000008001d98                daisy::AudioHandle::Init(daisy::AudioHandle::Config const&, daisy::SaiHandle)
 .text._ZNK5daisy11AudioHandle9GetConfigEv
                0x0000000008001e00        0x8 /mnt/c/Users/usman/Documents/GitHub/Marguerite/DaisyExamples/libDaisy/build/libdaisy.a(audio.o)
                0x0000000008001e00                daisy::AudioHandle::GetConfig() const
 .text._ZN5daisy11AudioHandle12SetBlockSizeEj
                0x0000000008001e08       0x1c /mnt/c/Users/usman/Documents/GitHub/Marguerite/DaisyExamples/libDaisy/build/libdaisy.a(audio.o)
                0x0000000008001e08                daisy::AudioHandle::SetBlockSize(unsigned int)
 .text._ZN5daisy11AudioHandle13GetSampleRateEv
                0x0000000008001e24        0x8 /mnt/c/Users/usman/Documents/GitHub/Marguerite/DaisyExamples/libDaisy/build/libdaisy.a(audio.o)
                0x0000000008001e24                daisy::AudioHandle::GetSampleRate()
 .text._ZN5daisy11AudioHandle5StartEPFvPfS1_jE
                0x0000000008001e2c       0x2c /mnt/c/Users/usman/Documents/GitHub/Marguerite/DaisyExamples/libDaisy/build/libdaisy.a(audio.o)
                0x0000000008001e2c                daisy::AudioHandle::Start(void (*)(float*, float*, unsigned int))
 .text.startup._GLOBAL__sub_I__ZN5daisy11AudioHandle4Impl4InitENS0_6ConfigENS_9SaiHandleE
                0x0000000008001e58       0x10 /mnt/c/Users/usman/Documents/GitHub/Marguerite/DaisyExamples/libDaisy/build/libdaisy.a(audio.o)
 .text._ZN5daisy13AnalogControl4InitEPtfbbf
                0x0000000008001e68       0x34 /mnt/c/Users/usman/Documents/GitHub/Marguerite/DaisyExamples/libDaisy/build/libdaisy.a(ctrl.o)
                0x0000000008001e68                daisy::AnalogControl::Init(unsigned short*, float, bool, bool, float)
 .text._ZN5daisy13AnalogControl13InitBipolarCvEPtf
                0x0000000008001e9c       0x44 /mnt/c/Users/usman/Documents/GitHub/Marguerite/DaisyExamples/libDaisy/build/libdaisy.a(ctrl.o)
                0x0000000008001e9c                daisy::AnalogControl::InitBipolarCv(unsigned short*, float)
 .text._ZN5daisy6GateIn4InitEP12dsy_gpio_pin
                0x0000000008001ee0       0x10 /mnt/c/Users/usman/Documents/GitHub/Marguerite/DaisyExamples/libDaisy/build/libdaisy.a(gatein.o)
                0x0000000008001ee0                daisy::GateIn::Init(dsy_gpio_pin*)
 .text._ZN5daisy9SpiHandleD2Ev
                0x0000000008001ef0        0x4 /mnt/c/Users/usman/Documents/GitHub/Marguerite/DaisyExamples/libDaisy/build/libdaisy.a(oled_display.o)
                0x0000000008001ef0                daisy::SpiHandle::~SpiHandle()
                0x0000000008001ef0                daisy::SpiHandle::~SpiHandle()
 .text._ZN5daisy11OledDisplay6UpdateEv
                0x0000000008001ef4       0x8c /mnt/c/Users/usman/Documents/GitHub/Marguerite/DaisyExamples/libDaisy/build/libdaisy.a(oled_display.o)
                0x0000000008001ef4                daisy::OledDisplay::Update()
 .text._ZN5daisy11OledDisplay4InitEP12dsy_gpio_pin
                0x0000000008001f80      0x328 /mnt/c/Users/usman/Documents/GitHub/Marguerite/DaisyExamples/libDaisy/build/libdaisy.a(oled_display.o)
                0x0000000008001f80                daisy::OledDisplay::Init(dsy_gpio_pin*)
 .text.startup._GLOBAL__sub_I__ZN5daisy11OledDisplay4InitEP12dsy_gpio_pin
                0x00000000080022a8       0x18 /mnt/c/Users/usman/Documents/GitHub/Marguerite/DaisyExamples/libDaisy/build/libdaisy.a(oled_display.o)
 .text._ZN5daisy6Switch4InitE12dsy_gpio_pinf
                0x00000000080022c0       0x38 /mnt/c/Users/usman/Documents/GitHub/Marguerite/DaisyExamples/libDaisy/build/libdaisy.a(switch.o)
                0x00000000080022c0                daisy::Switch::Init(dsy_gpio_pin, float)
 .text._ZN5daisy16AdcChannelConfig10InitSingleE12dsy_gpio_pin
                0x00000000080022f8       0x1c /mnt/c/Users/usman/Documents/GitHub/Marguerite/DaisyExamples/libDaisy/build/libdaisy.a(adc.o)
                0x00000000080022f8                daisy::AdcChannelConfig::InitSingle(dsy_gpio_pin)
 .text._ZN5daisy16AdcChannelConfig7InitMuxE12dsy_gpio_pinjS1_S1_S1_
                0x0000000008002314       0x74 /mnt/c/Users/usman/Documents/GitHub/Marguerite/DaisyExamples/libDaisy/build/libdaisy.a(adc.o)
                0x0000000008002314                daisy::AdcChannelConfig::InitMux(dsy_gpio_pin, unsigned int, dsy_gpio_pin, dsy_gpio_pin, dsy_gpio_pin)
 .text._ZN5daisy9AdcHandle4InitEPNS_16AdcChannelConfigEjNS0_12OverSamplingE
                0x0000000008002388      0x5f8 /mnt/c/Users/usman/Documents/GitHub/Marguerite/DaisyExamples/libDaisy/build/libdaisy.a(adc.o)
                0x0000000008002388                daisy::AdcHandle::Init(daisy::AdcChannelConfig*, unsigned int, daisy::AdcHandle::OverSampling)
 .text._ZN5daisy9AdcHandle5StartEv
                0x0000000008002980       0x38 /mnt/c/Users/usman/Documents/GitHub/Marguerite/DaisyExamples/libDaisy/build/libdaisy.a(adc.o)
                0x0000000008002980                daisy::AdcHandle::Start()
 .text._ZNK5daisy9AdcHandle6GetPtrEh
                0x00000000080029b8       0x14 /mnt/c/Users/usman/Documents/GitHub/Marguerite/DaisyExamples/libDaisy/build/libdaisy.a(adc.o)
                0x00000000080029b8                daisy::AdcHandle::GetPtr(unsigned char) const
 .text._ZNK5daisy9AdcHandle9GetMuxPtrEhh
                0x00000000080029cc       0x18 /mnt/c/Users/usman/Documents/GitHub/Marguerite/DaisyExamples/libDaisy/build/libdaisy.a(adc.o)
                0x00000000080029cc                daisy::AdcHandle::GetMuxPtr(unsigned char, unsigned char) const
 .text.HAL_ADC_MspInit
                0x00000000080029e4       0x8c /mnt/c/Users/usman/Documents/GitHub/Marguerite/DaisyExamples/libDaisy/build/libdaisy.a(adc.o)
                0x00000000080029e4                HAL_ADC_MspInit
 .text.DMA1_Stream2_IRQHandler
                0x0000000008002a70        0xc /mnt/c/Users/usman/Documents/GitHub/Marguerite/DaisyExamples/libDaisy/build/libdaisy.a(adc.o)
                0x0000000008002a70                DMA1_Stream2_IRQHandler
 .text.HAL_ADC_ConvHalfCpltCallback
                0x0000000008002a7c       0xb4 /mnt/c/Users/usman/Documents/GitHub/Marguerite/DaisyExamples/libDaisy/build/libdaisy.a(adc.o)
                0x0000000008002a7c                HAL_ADC_ConvHalfCpltCallback
 .text.dsy_dac_init
                0x0000000008002b30       0x6c /mnt/c/Users/usman/Documents/GitHub/Marguerite/DaisyExamples/libDaisy/build/libdaisy.a(dac.o)
                0x0000000008002b30                dsy_dac_init
 .text.HAL_DAC_MspInit
                0x0000000008002b9c       0xb0 /mnt/c/Users/usman/Documents/GitHub/Marguerite/DaisyExamples/libDaisy/build/libdaisy.a(dac.o)
                0x0000000008002b9c                HAL_DAC_MspInit
 .text.dsy_gpio_init
                0x0000000008002c4c      0x1b8 /mnt/c/Users/usman/Documents/GitHub/Marguerite/DaisyExamples/libDaisy/build/libdaisy.a(gpio.o)
                0x0000000008002c4c                dsy_gpio_init
 .text.dsy_gpio_write
                0x0000000008002e04       0x24 /mnt/c/Users/usman/Documents/GitHub/Marguerite/DaisyExamples/libDaisy/build/libdaisy.a(gpio.o)
                0x0000000008002e04                dsy_gpio_write
 .text._ZN5daisy9I2CHandle4Impl8InitPinsEv
                0x0000000008002e28       0x58 /mnt/c/Users/usman/Documents/GitHub/Marguerite/DaisyExamples/libDaisy/build/libdaisy.a(i2c.o)
                0x0000000008002e28                daisy::I2CHandle::Impl::InitPins()
 .text.HAL_I2C_MspInit
                0x0000000008002e80      0x1b4 /mnt/c/Users/usman/Documents/GitHub/Marguerite/DaisyExamples/libDaisy/build/libdaisy.a(i2c.o)
                0x0000000008002e80                HAL_I2C_MspInit
 .text.dsy_i2c_global_init
                0x0000000008003034       0x70 /mnt/c/Users/usman/Documents/GitHub/Marguerite/DaisyExamples/libDaisy/build/libdaisy.a(i2c.o)
                0x0000000008003034                dsy_i2c_global_init
 .text.DMA1_Stream6_IRQHandler
                0x00000000080030a4       0x24 /mnt/c/Users/usman/Documents/GitHub/Marguerite/DaisyExamples/libDaisy/build/libdaisy.a(i2c.o)
                0x00000000080030a4                DMA1_Stream6_IRQHandler
 .text.I2C1_EV_IRQHandler
                0x00000000080030c8        0xc /mnt/c/Users/usman/Documents/GitHub/Marguerite/DaisyExamples/libDaisy/build/libdaisy.a(i2c.o)
                0x00000000080030c8                I2C1_EV_IRQHandler
 .text.I2C2_EV_IRQHandler
                0x00000000080030d4        0xc /mnt/c/Users/usman/Documents/GitHub/Marguerite/DaisyExamples/libDaisy/build/libdaisy.a(i2c.o)
                0x00000000080030d4                I2C2_EV_IRQHandler
 .text.I2C3_EV_IRQHandler
                0x00000000080030e0        0xc /mnt/c/Users/usman/Documents/GitHub/Marguerite/DaisyExamples/libDaisy/build/libdaisy.a(i2c.o)
                0x00000000080030e0                I2C3_EV_IRQHandler
 .text._ZN5daisy9I2CHandle4InitERKNS0_6ConfigE
                0x00000000080030ec       0xbc /mnt/c/Users/usman/Documents/GitHub/Marguerite/DaisyExamples/libDaisy/build/libdaisy.a(i2c.o)
                0x00000000080030ec                daisy::I2CHandle::Init(daisy::I2CHandle::Config const&)
 .text._ZN5daisy9I2CHandle16TransmitBlockingEtPhtm
                0x00000000080031a8       0x34 /mnt/c/Users/usman/Documents/GitHub/Marguerite/DaisyExamples/libDaisy/build/libdaisy.a(i2c.o)
                0x00000000080031a8                daisy::I2CHandle::TransmitBlocking(unsigned short, unsigned char*, unsigned short, unsigned long)
 .text.dsy_qspi_init
                0x00000000080031dc      0x390 /mnt/c/Users/usman/Documents/GitHub/Marguerite/DaisyExamples/libDaisy/build/libdaisy.a(qspi.o)
                0x00000000080031dc                dsy_qspi_init
 .text.HAL_QSPI_MspInit
                0x000000000800356c      0x10c /mnt/c/Users/usman/Documents/GitHub/Marguerite/DaisyExamples/libDaisy/build/libdaisy.a(qspi.o)
                0x000000000800356c                HAL_QSPI_MspInit
 .text.HAL_QSPI_MspDeInit
                0x0000000008003678       0x58 /mnt/c/Users/usman/Documents/GitHub/Marguerite/DaisyExamples/libDaisy/build/libdaisy.a(qspi.o)
                0x0000000008003678                HAL_QSPI_MspDeInit
 .text.QUADSPI_IRQHandler
                0x00000000080036d0        0xc /mnt/c/Users/usman/Documents/GitHub/Marguerite/DaisyExamples/libDaisy/build/libdaisy.a(qspi.o)
                0x00000000080036d0                QUADSPI_IRQHandler
 .text._ZN5daisy9SaiHandle4Impl7InitDmaENS1_15PeripheralBlockE
                0x00000000080036dc       0xa0 /mnt/c/Users/usman/Documents/GitHub/Marguerite/DaisyExamples/libDaisy/build/libdaisy.a(sai.o)
                0x00000000080036dc                daisy::SaiHandle::Impl::InitDma(daisy::SaiHandle::Impl::PeripheralBlock)
 .text._ZN5daisy9SaiHandle4Impl8InitPinsEv
                0x000000000800377c       0xa8 /mnt/c/Users/usman/Documents/GitHub/Marguerite/DaisyExamples/libDaisy/build/libdaisy.a(sai.o)
                0x000000000800377c                daisy::SaiHandle::Impl::InitPins()
 .text.HAL_SAI_MspInit
                0x0000000008003824      0x134 /mnt/c/Users/usman/Documents/GitHub/Marguerite/DaisyExamples/libDaisy/build/libdaisy.a(sai.o)
                0x0000000008003824                HAL_SAI_MspInit
 .text.DMA1_Stream0_IRQHandler
                0x0000000008003958        0xc /mnt/c/Users/usman/Documents/GitHub/Marguerite/DaisyExamples/libDaisy/build/libdaisy.a(sai.o)
                0x0000000008003958                DMA1_Stream0_IRQHandler
 .text.DMA1_Stream1_IRQHandler
                0x0000000008003964        0xc /mnt/c/Users/usman/Documents/GitHub/Marguerite/DaisyExamples/libDaisy/build/libdaisy.a(sai.o)
                0x0000000008003964                DMA1_Stream1_IRQHandler
 .text.DMA1_Stream3_IRQHandler
                0x0000000008003970        0xc /mnt/c/Users/usman/Documents/GitHub/Marguerite/DaisyExamples/libDaisy/build/libdaisy.a(sai.o)
                0x0000000008003970                DMA1_Stream3_IRQHandler
 .text.DMA1_Stream4_IRQHandler
                0x000000000800397c        0xc /mnt/c/Users/usman/Documents/GitHub/Marguerite/DaisyExamples/libDaisy/build/libdaisy.a(sai.o)
                0x000000000800397c                DMA1_Stream4_IRQHandler
 .text.HAL_SAI_RxHalfCpltCallback
                0x0000000008003988       0x78 /mnt/c/Users/usman/Documents/GitHub/Marguerite/DaisyExamples/libDaisy/build/libdaisy.a(sai.o)
                0x0000000008003988                HAL_SAI_RxHalfCpltCallback
 .text.HAL_SAI_RxCpltCallback
                0x0000000008003a00       0x70 /mnt/c/Users/usman/Documents/GitHub/Marguerite/DaisyExamples/libDaisy/build/libdaisy.a(sai.o)
                0x0000000008003a00                HAL_SAI_RxCpltCallback
 .text._ZN5daisy9SaiHandle4InitERKNS0_6ConfigE
                0x0000000008003a70      0x1e0 /mnt/c/Users/usman/Documents/GitHub/Marguerite/DaisyExamples/libDaisy/build/libdaisy.a(sai.o)
                0x0000000008003a70                daisy::SaiHandle::Init(daisy::SaiHandle::Config const&)
 .text._ZNK5daisy9SaiHandle9GetConfigEv
                0x0000000008003c50        0x4 /mnt/c/Users/usman/Documents/GitHub/Marguerite/DaisyExamples/libDaisy/build/libdaisy.a(sai.o)
                0x0000000008003c50                daisy::SaiHandle::GetConfig() const
 .text._ZN5daisy9SaiHandle8StartDmaEPlS1_jPFvS1_S1_jE
                0x0000000008003c54       0x68 /mnt/c/Users/usman/Documents/GitHub/Marguerite/DaisyExamples/libDaisy/build/libdaisy.a(sai.o)
                0x0000000008003c54                daisy::SaiHandle::StartDma(long*, long*, unsigned int, void (*)(long*, long*, unsigned int))
 .text._ZN5daisy9SaiHandle13GetSampleRateEv
                0x0000000008003cbc       0x24 /mnt/c/Users/usman/Documents/GitHub/Marguerite/DaisyExamples/libDaisy/build/libdaisy.a(sai.o)
                0x0000000008003cbc                daisy::SaiHandle::GetSampleRate()
 .text._ZNK5daisy9SaiHandle9GetOffsetEv
                0x0000000008003ce0        0x8 /mnt/c/Users/usman/Documents/GitHub/Marguerite/DaisyExamples/libDaisy/build/libdaisy.a(sai.o)
                0x0000000008003ce0                daisy::SaiHandle::GetOffset() const
 .text._ZN5daisy9SpiHandle4InitEv
                0x0000000008003ce8       0x58 /mnt/c/Users/usman/Documents/GitHub/Marguerite/DaisyExamples/libDaisy/build/libdaisy.a(spi.o)
                0x0000000008003ce8                daisy::SpiHandle::Init()
 .text._ZN5daisy9SpiHandle16BlockingTransmitEPhj
                0x0000000008003d40       0x10 /mnt/c/Users/usman/Documents/GitHub/Marguerite/DaisyExamples/libDaisy/build/libdaisy.a(spi.o)
                0x0000000008003d40                daisy::SpiHandle::BlockingTransmit(unsigned char*, unsigned int)
 .text.HAL_SPI_MspInit
                0x0000000008003d50       0xdc /mnt/c/Users/usman/Documents/GitHub/Marguerite/DaisyExamples/libDaisy/build/libdaisy.a(spi.o)
                0x0000000008003d50                HAL_SPI_MspInit
 .text.dsy_tim_init
                0x0000000008003e2c       0x70 /mnt/c/Users/usman/Documents/GitHub/Marguerite/DaisyExamples/libDaisy/build/libdaisy.a(tim.o)
                0x0000000008003e2c                dsy_tim_init
 .text.dsy_tim_start
                0x0000000008003e9c        0xc /mnt/c/Users/usman/Documents/GitHub/Marguerite/DaisyExamples/libDaisy/build/libdaisy.a(tim.o)
                0x0000000008003e9c                dsy_tim_start
 .text.dsy_tim_delay_ms
                0x0000000008003ea8       0x1c /mnt/c/Users/usman/Documents/GitHub/Marguerite/DaisyExamples/libDaisy/build/libdaisy.a(tim.o)
                0x0000000008003ea8                dsy_tim_delay_ms
 .text.HAL_TIM_Base_MspInit
                0x0000000008003ec4       0x30 /mnt/c/Users/usman/Documents/GitHub/Marguerite/DaisyExamples/libDaisy/build/libdaisy.a(tim.o)
                0x0000000008003ec4                HAL_TIM_Base_MspInit
 *fill*         0x0000000008003ef4        0x4 
 .text.SystemClock_Config
                0x0000000008003ef8      0x17c /mnt/c/Users/usman/Documents/GitHub/Marguerite/DaisyExamples/libDaisy/build/libdaisy.a(system.o)
 .text.SysTick_Handler
                0x0000000008004074       0x10 /mnt/c/Users/usman/Documents/GitHub/Marguerite/DaisyExamples/libDaisy/build/libdaisy.a(system.o)
                0x0000000008004074                SysTick_Handler
 .text.HardFault_Handler
                0x0000000008004084        0x4 /mnt/c/Users/usman/Documents/GitHub/Marguerite/DaisyExamples/libDaisy/build/libdaisy.a(system.o)
                0x0000000008004084                HardFault_Handler
 .text.dsy_system_init
                0x0000000008004088       0xe0 /mnt/c/Users/usman/Documents/GitHub/Marguerite/DaisyExamples/libDaisy/build/libdaisy.a(system.o)
                0x0000000008004088                dsy_system_init
 .text.dsy_system_delay
                0x0000000008004168        0x4 /mnt/c/Users/usman/Documents/GitHub/Marguerite/DaisyExamples/libDaisy/build/libdaisy.a(system.o)
                0x0000000008004168                dsy_system_delay
 .text.dsy_hal_map_get_port
                0x000000000800416c       0x10 /mnt/c/Users/usman/Documents/GitHub/Marguerite/DaisyExamples/libDaisy/build/libdaisy.a(hal_map.o)
                0x000000000800416c                dsy_hal_map_get_port
 .text.dsy_hal_map_get_pin
                0x000000000800417c       0x10 /mnt/c/Users/usman/Documents/GitHub/Marguerite/DaisyExamples/libDaisy/build/libdaisy.a(hal_map.o)
                0x000000000800417c                dsy_hal_map_get_pin
 .text.HAL_MspInit
                0x000000000800418c        0x4 /mnt/c/Users/usman/Documents/GitHub/Marguerite/DaisyExamples/libDaisy/build/libdaisy.a(stm32h7xx_hal.o)
                0x000000000800418c                HAL_MspInit
 .text.HAL_InitTick
                0x0000000008004190       0x4c /mnt/c/Users/usman/Documents/GitHub/Marguerite/DaisyExamples/libDaisy/build/libdaisy.a(stm32h7xx_hal.o)
                0x0000000008004190                HAL_InitTick
 .text.HAL_Init
                0x00000000080041dc       0x5c /mnt/c/Users/usman/Documents/GitHub/Marguerite/DaisyExamples/libDaisy/build/libdaisy.a(stm32h7xx_hal.o)
                0x00000000080041dc                HAL_Init
 .text.HAL_IncTick
                0x0000000008004238       0x18 /mnt/c/Users/usman/Documents/GitHub/Marguerite/DaisyExamples/libDaisy/build/libdaisy.a(stm32h7xx_hal.o)
                0x0000000008004238                HAL_IncTick
 .text.HAL_GetTick
                0x0000000008004250        0xc /mnt/c/Users/usman/Documents/GitHub/Marguerite/DaisyExamples/libDaisy/build/libdaisy.a(stm32h7xx_hal.o)
                0x0000000008004250                HAL_GetTick
 .text.HAL_Delay
                0x000000000800425c       0x24 /mnt/c/Users/usman/Documents/GitHub/Marguerite/DaisyExamples/libDaisy/build/libdaisy.a(stm32h7xx_hal.o)
                0x000000000800425c                HAL_Delay
 .text.HAL_GetREVID
                0x0000000008004280        0xc /mnt/c/Users/usman/Documents/GitHub/Marguerite/DaisyExamples/libDaisy/build/libdaisy.a(stm32h7xx_hal.o)
                0x0000000008004280                HAL_GetREVID
 .text.HAL_ADC_ConvCpltCallback
                0x000000000800428c        0x4 /mnt/c/Users/usman/Documents/GitHub/Marguerite/DaisyExamples/libDaisy/build/libdaisy.a(stm32h7xx_hal_adc.o)
                0x000000000800428c                HAL_ADC_ConvCpltCallback
 .text.ADC_DMAHalfConvCplt
                0x0000000008004290        0xc /mnt/c/Users/usman/Documents/GitHub/Marguerite/DaisyExamples/libDaisy/build/libdaisy.a(stm32h7xx_hal_adc.o)
                0x0000000008004290                ADC_DMAHalfConvCplt
 .text.HAL_ADC_ErrorCallback
                0x000000000800429c        0x4 /mnt/c/Users/usman/Documents/GitHub/Marguerite/DaisyExamples/libDaisy/build/libdaisy.a(stm32h7xx_hal_adc.o)
                0x000000000800429c                HAL_ADC_ErrorCallback
 .text.ADC_DMAConvCplt
                0x00000000080042a0       0x6c /mnt/c/Users/usman/Documents/GitHub/Marguerite/DaisyExamples/libDaisy/build/libdaisy.a(stm32h7xx_hal_adc.o)
                0x00000000080042a0                ADC_DMAConvCplt
 .text.ADC_DMAError
                0x000000000800430c       0x1c /mnt/c/Users/usman/Documents/GitHub/Marguerite/DaisyExamples/libDaisy/build/libdaisy.a(stm32h7xx_hal_adc.o)
                0x000000000800430c                ADC_DMAError
 .text.HAL_ADC_ConfigChannel
                0x0000000008004328      0x3fc /mnt/c/Users/usman/Documents/GitHub/Marguerite/DaisyExamples/libDaisy/build/libdaisy.a(stm32h7xx_hal_adc.o)
                0x0000000008004328                HAL_ADC_ConfigChannel
 .text.ADC_Enable
                0x0000000008004724       0xac /mnt/c/Users/usman/Documents/GitHub/Marguerite/DaisyExamples/libDaisy/build/libdaisy.a(stm32h7xx_hal_adc.o)
                0x0000000008004724                ADC_Enable
 .text.HAL_ADC_Start_DMA
                0x00000000080047d0      0x118 /mnt/c/Users/usman/Documents/GitHub/Marguerite/DaisyExamples/libDaisy/build/libdaisy.a(stm32h7xx_hal_adc.o)
                0x00000000080047d0                HAL_ADC_Start_DMA
 .text.ADC_Disable
                0x00000000080048e8       0x68 /mnt/c/Users/usman/Documents/GitHub/Marguerite/DaisyExamples/libDaisy/build/libdaisy.a(stm32h7xx_hal_adc.o)
                0x00000000080048e8                ADC_Disable
 .text.ADC_ConfigureBoostMode
                0x0000000008004950      0x190 /mnt/c/Users/usman/Documents/GitHub/Marguerite/DaisyExamples/libDaisy/build/libdaisy.a(stm32h7xx_hal_adc.o)
                0x0000000008004950                ADC_ConfigureBoostMode
 .text.HAL_ADC_Init
                0x0000000008004ae0      0x214 /mnt/c/Users/usman/Documents/GitHub/Marguerite/DaisyExamples/libDaisy/build/libdaisy.a(stm32h7xx_hal_adc.o)
                0x0000000008004ae0                HAL_ADC_Init
 .text.HAL_ADCEx_Calibration_Start
                0x0000000008004cf4       0xa4 /mnt/c/Users/usman/Documents/GitHub/Marguerite/DaisyExamples/libDaisy/build/libdaisy.a(stm32h7xx_hal_adc_ex.o)
                0x0000000008004cf4                HAL_ADCEx_Calibration_Start
 .text.HAL_ADCEx_MultiModeConfigChannel
                0x0000000008004d98       0xc4 /mnt/c/Users/usman/Documents/GitHub/Marguerite/DaisyExamples/libDaisy/build/libdaisy.a(stm32h7xx_hal_adc_ex.o)
                0x0000000008004d98                HAL_ADCEx_MultiModeConfigChannel
 .text.HAL_NVIC_SetPriorityGrouping
                0x0000000008004e5c       0x28 /mnt/c/Users/usman/Documents/GitHub/Marguerite/DaisyExamples/libDaisy/build/libdaisy.a(stm32h7xx_hal_cortex.o)
                0x0000000008004e5c                HAL_NVIC_SetPriorityGrouping
 .text.HAL_NVIC_SetPriority
                0x0000000008004e84       0x74 /mnt/c/Users/usman/Documents/GitHub/Marguerite/DaisyExamples/libDaisy/build/libdaisy.a(stm32h7xx_hal_cortex.o)
                0x0000000008004e84                HAL_NVIC_SetPriority
 .text.HAL_NVIC_EnableIRQ
                0x0000000008004ef8       0x1c /mnt/c/Users/usman/Documents/GitHub/Marguerite/DaisyExamples/libDaisy/build/libdaisy.a(stm32h7xx_hal_cortex.o)
                0x0000000008004ef8                HAL_NVIC_EnableIRQ
 .text.HAL_NVIC_DisableIRQ
                0x0000000008004f14       0x28 /mnt/c/Users/usman/Documents/GitHub/Marguerite/DaisyExamples/libDaisy/build/libdaisy.a(stm32h7xx_hal_cortex.o)
                0x0000000008004f14                HAL_NVIC_DisableIRQ
 .text.HAL_SYSTICK_Config
                0x0000000008004f3c       0x30 /mnt/c/Users/usman/Documents/GitHub/Marguerite/DaisyExamples/libDaisy/build/libdaisy.a(stm32h7xx_hal_cortex.o)
                0x0000000008004f3c                HAL_SYSTICK_Config
 .text.HAL_MPU_Disable
                0x0000000008004f6c       0x20 /mnt/c/Users/usman/Documents/GitHub/Marguerite/DaisyExamples/libDaisy/build/libdaisy.a(stm32h7xx_hal_cortex.o)
                0x0000000008004f6c                HAL_MPU_Disable
 .text.HAL_MPU_Enable
                0x0000000008004f8c       0x24 /mnt/c/Users/usman/Documents/GitHub/Marguerite/DaisyExamples/libDaisy/build/libdaisy.a(stm32h7xx_hal_cortex.o)
                0x0000000008004f8c                HAL_MPU_Enable
 .text.HAL_MPU_ConfigRegion
                0x0000000008004fb0       0x50 /mnt/c/Users/usman/Documents/GitHub/Marguerite/DaisyExamples/libDaisy/build/libdaisy.a(stm32h7xx_hal_cortex.o)
                0x0000000008004fb0                HAL_MPU_ConfigRegion
 .text.HAL_SYSTICK_Callback
                0x0000000008005000        0x4 /mnt/c/Users/usman/Documents/GitHub/Marguerite/DaisyExamples/libDaisy/build/libdaisy.a(stm32h7xx_hal_cortex.o)
                0x0000000008005000                HAL_SYSTICK_Callback
 .text.HAL_SYSTICK_IRQHandler
                0x0000000008005004        0x8 /mnt/c/Users/usman/Documents/GitHub/Marguerite/DaisyExamples/libDaisy/build/libdaisy.a(stm32h7xx_hal_cortex.o)
                0x0000000008005004                HAL_SYSTICK_IRQHandler
 .text.HAL_DAC_Init
                0x000000000800500c       0x2c /mnt/c/Users/usman/Documents/GitHub/Marguerite/DaisyExamples/libDaisy/build/libdaisy.a(stm32h7xx_hal_dac.o)
                0x000000000800500c                HAL_DAC_Init
 .text.HAL_DAC_ConfigChannel
                0x0000000008005038      0x140 /mnt/c/Users/usman/Documents/GitHub/Marguerite/DaisyExamples/libDaisy/build/libdaisy.a(stm32h7xx_hal_dac.o)
                0x0000000008005038                HAL_DAC_ConfigChannel
 .text.DMA_CalcBaseAndBitshift
                0x0000000008005178       0xf8 /mnt/c/Users/usman/Documents/GitHub/Marguerite/DaisyExamples/libDaisy/build/libdaisy.a(stm32h7xx_hal_dma.o)
 .text.DMA_CalcDMAMUXChannelBaseAndMask
                0x0000000008005270       0xd8 /mnt/c/Users/usman/Documents/GitHub/Marguerite/DaisyExamples/libDaisy/build/libdaisy.a(stm32h7xx_hal_dma.o)
 .text.HAL_DMA_Init
                0x0000000008005348      0x394 /mnt/c/Users/usman/Documents/GitHub/Marguerite/DaisyExamples/libDaisy/build/libdaisy.a(stm32h7xx_hal_dma.o)
                0x0000000008005348                HAL_DMA_Init
 .text.HAL_DMA_Start_IT
                0x00000000080056dc      0x250 /mnt/c/Users/usman/Documents/GitHub/Marguerite/DaisyExamples/libDaisy/build/libdaisy.a(stm32h7xx_hal_dma.o)
                0x00000000080056dc                HAL_DMA_Start_IT
 .text.HAL_DMA_IRQHandler
                0x000000000800592c      0x6bc /mnt/c/Users/usman/Documents/GitHub/Marguerite/DaisyExamples/libDaisy/build/libdaisy.a(stm32h7xx_hal_dma.o)
                0x000000000800592c                HAL_DMA_IRQHandler
 .text.HAL_DMA_GetError
                0x0000000008005fe8        0x4 /mnt/c/Users/usman/Documents/GitHub/Marguerite/DaisyExamples/libDaisy/build/libdaisy.a(stm32h7xx_hal_dma.o)
                0x0000000008005fe8                HAL_DMA_GetError
 .text.HAL_GPIO_Init
                0x0000000008005fec      0x248 /mnt/c/Users/usman/Documents/GitHub/Marguerite/DaisyExamples/libDaisy/build/libdaisy.a(stm32h7xx_hal_gpio.o)
                0x0000000008005fec                HAL_GPIO_Init
 .text.HAL_GPIO_DeInit
                0x0000000008006234      0x19c /mnt/c/Users/usman/Documents/GitHub/Marguerite/DaisyExamples/libDaisy/build/libdaisy.a(stm32h7xx_hal_gpio.o)
                0x0000000008006234                HAL_GPIO_DeInit
 .text.HAL_GPIO_WritePin
                0x00000000080063d0        0x8 /mnt/c/Users/usman/Documents/GitHub/Marguerite/DaisyExamples/libDaisy/build/libdaisy.a(stm32h7xx_hal_gpio.o)
                0x00000000080063d0                HAL_GPIO_WritePin
 .text.I2C_WaitOnTXISFlagUntilTimeout
                0x00000000080063d8       0xb8 /mnt/c/Users/usman/Documents/GitHub/Marguerite/DaisyExamples/libDaisy/build/libdaisy.a(stm32h7xx_hal_i2c.o)
 .text.I2C_WaitOnSTOPFlagUntilTimeout
                0x0000000008006490       0xac /mnt/c/Users/usman/Documents/GitHub/Marguerite/DaisyExamples/libDaisy/build/libdaisy.a(stm32h7xx_hal_i2c.o)
 .text.HAL_I2C_Init
                0x000000000800653c       0xa8 /mnt/c/Users/usman/Documents/GitHub/Marguerite/DaisyExamples/libDaisy/build/libdaisy.a(stm32h7xx_hal_i2c.o)
                0x000000000800653c                HAL_I2C_Init
 .text.HAL_I2C_Master_Transmit
                0x00000000080065e4      0x1b4 /mnt/c/Users/usman/Documents/GitHub/Marguerite/DaisyExamples/libDaisy/build/libdaisy.a(stm32h7xx_hal_i2c.o)
                0x00000000080065e4                HAL_I2C_Master_Transmit
 .text.HAL_I2C_EV_IRQHandler
                0x0000000008006798       0x10 /mnt/c/Users/usman/Documents/GitHub/Marguerite/DaisyExamples/libDaisy/build/libdaisy.a(stm32h7xx_hal_i2c.o)
                0x0000000008006798                HAL_I2C_EV_IRQHandler
 .text.HAL_I2C_GetState
                0x00000000080067a8        0x8 /mnt/c/Users/usman/Documents/GitHub/Marguerite/DaisyExamples/libDaisy/build/libdaisy.a(stm32h7xx_hal_i2c.o)
                0x00000000080067a8                HAL_I2C_GetState
 .text.HAL_I2CEx_ConfigAnalogFilter
                0x00000000080067b0       0x58 /mnt/c/Users/usman/Documents/GitHub/Marguerite/DaisyExamples/libDaisy/build/libdaisy.a(stm32h7xx_hal_i2c_ex.o)
                0x00000000080067b0                HAL_I2CEx_ConfigAnalogFilter
 .text.HAL_I2CEx_ConfigDigitalFilter
                0x0000000008006808       0x54 /mnt/c/Users/usman/Documents/GitHub/Marguerite/DaisyExamples/libDaisy/build/libdaisy.a(stm32h7xx_hal_i2c_ex.o)
                0x0000000008006808                HAL_I2CEx_ConfigDigitalFilter
 .text.HAL_PWREx_ConfigSupply
                0x000000000800685c       0x4c /mnt/c/Users/usman/Documents/GitHub/Marguerite/DaisyExamples/libDaisy/build/libdaisy.a(stm32h7xx_hal_pwr_ex.o)
                0x000000000800685c                HAL_PWREx_ConfigSupply
 .text.HAL_PWREx_EnableUSBVoltageDetector
                0x00000000080068a8       0x10 /mnt/c/Users/usman/Documents/GitHub/Marguerite/DaisyExamples/libDaisy/build/libdaisy.a(stm32h7xx_hal_pwr_ex.o)
                0x00000000080068a8                HAL_PWREx_EnableUSBVoltageDetector
 .text.QSPI_Config
                0x00000000080068b8      0x1d4 /mnt/c/Users/usman/Documents/GitHub/Marguerite/DaisyExamples/libDaisy/build/libdaisy.a(stm32h7xx_hal_qspi.o)
 .text.HAL_QSPI_Init
                0x0000000008006a8c       0xd8 /mnt/c/Users/usman/Documents/GitHub/Marguerite/DaisyExamples/libDaisy/build/libdaisy.a(stm32h7xx_hal_qspi.o)
                0x0000000008006a8c                HAL_QSPI_Init
 .text.HAL_QSPI_DeInit
                0x0000000008006b64       0x3c /mnt/c/Users/usman/Documents/GitHub/Marguerite/DaisyExamples/libDaisy/build/libdaisy.a(stm32h7xx_hal_qspi.o)
                0x0000000008006b64                HAL_QSPI_DeInit
 .text.HAL_QSPI_Command
                0x0000000008006ba0       0xd4 /mnt/c/Users/usman/Documents/GitHub/Marguerite/DaisyExamples/libDaisy/build/libdaisy.a(stm32h7xx_hal_qspi.o)
                0x0000000008006ba0                HAL_QSPI_Command
 .text.HAL_QSPI_Transmit
                0x0000000008006c74       0xfc /mnt/c/Users/usman/Documents/GitHub/Marguerite/DaisyExamples/libDaisy/build/libdaisy.a(stm32h7xx_hal_qspi.o)
                0x0000000008006c74                HAL_QSPI_Transmit
 .text.HAL_QSPI_Receive
                0x0000000008006d70      0x108 /mnt/c/Users/usman/Documents/GitHub/Marguerite/DaisyExamples/libDaisy/build/libdaisy.a(stm32h7xx_hal_qspi.o)
                0x0000000008006d70                HAL_QSPI_Receive
 .text.HAL_QSPI_AutoPolling
                0x0000000008006e78       0xe8 /mnt/c/Users/usman/Documents/GitHub/Marguerite/DaisyExamples/libDaisy/build/libdaisy.a(stm32h7xx_hal_qspi.o)
                0x0000000008006e78                HAL_QSPI_AutoPolling
 .text.HAL_QSPI_MemoryMapped
                0x0000000008006f60       0xb8 /mnt/c/Users/usman/Documents/GitHub/Marguerite/DaisyExamples/libDaisy/build/libdaisy.a(stm32h7xx_hal_qspi.o)
                0x0000000008006f60                HAL_QSPI_MemoryMapped
 .text.HAL_QSPI_ErrorCallback
                0x0000000008007018        0x4 /mnt/c/Users/usman/Documents/GitHub/Marguerite/DaisyExamples/libDaisy/build/libdaisy.a(stm32h7xx_hal_qspi.o)
                0x0000000008007018                HAL_QSPI_ErrorCallback
 .text.QSPI_DMAAbortCplt
                0x000000000800701c       0x38 /mnt/c/Users/usman/Documents/GitHub/Marguerite/DaisyExamples/libDaisy/build/libdaisy.a(stm32h7xx_hal_qspi.o)
 .text.HAL_QSPI_AbortCpltCallback
                0x0000000008007054        0x4 /mnt/c/Users/usman/Documents/GitHub/Marguerite/DaisyExamples/libDaisy/build/libdaisy.a(stm32h7xx_hal_qspi.o)
                0x0000000008007054                HAL_QSPI_AbortCpltCallback
 .text.HAL_QSPI_CmdCpltCallback
                0x0000000008007058        0x4 /mnt/c/Users/usman/Documents/GitHub/Marguerite/DaisyExamples/libDaisy/build/libdaisy.a(stm32h7xx_hal_qspi.o)
                0x0000000008007058                HAL_QSPI_CmdCpltCallback
 .text.HAL_QSPI_RxCpltCallback
                0x000000000800705c        0x4 /mnt/c/Users/usman/Documents/GitHub/Marguerite/DaisyExamples/libDaisy/build/libdaisy.a(stm32h7xx_hal_qspi.o)
                0x000000000800705c                HAL_QSPI_RxCpltCallback
 .text.HAL_QSPI_TxCpltCallback
                0x0000000008007060        0x4 /mnt/c/Users/usman/Documents/GitHub/Marguerite/DaisyExamples/libDaisy/build/libdaisy.a(stm32h7xx_hal_qspi.o)
                0x0000000008007060                HAL_QSPI_TxCpltCallback
 .text.HAL_QSPI_FifoThresholdCallback
                0x0000000008007064        0x4 /mnt/c/Users/usman/Documents/GitHub/Marguerite/DaisyExamples/libDaisy/build/libdaisy.a(stm32h7xx_hal_qspi.o)
                0x0000000008007064                HAL_QSPI_FifoThresholdCallback
 .text.HAL_QSPI_StatusMatchCallback
                0x0000000008007068        0x4 /mnt/c/Users/usman/Documents/GitHub/Marguerite/DaisyExamples/libDaisy/build/libdaisy.a(stm32h7xx_hal_qspi.o)
                0x0000000008007068                HAL_QSPI_StatusMatchCallback
 .text.HAL_QSPI_TimeOutCallback
                0x000000000800706c        0x4 /mnt/c/Users/usman/Documents/GitHub/Marguerite/DaisyExamples/libDaisy/build/libdaisy.a(stm32h7xx_hal_qspi.o)
                0x000000000800706c                HAL_QSPI_TimeOutCallback
 .text.HAL_QSPI_IRQHandler
                0x0000000008007070      0x210 /mnt/c/Users/usman/Documents/GitHub/Marguerite/DaisyExamples/libDaisy/build/libdaisy.a(stm32h7xx_hal_qspi.o)
                0x0000000008007070                HAL_QSPI_IRQHandler
 .text.HAL_RCC_OscConfig
                0x0000000008007280      0x538 /mnt/c/Users/usman/Documents/GitHub/Marguerite/DaisyExamples/libDaisy/build/libdaisy.a(stm32h7xx_hal_rcc.o)
                0x0000000008007280                HAL_RCC_OscConfig
 .text.HAL_RCC_GetSysClockFreq
                0x00000000080077b8      0x140 /mnt/c/Users/usman/Documents/GitHub/Marguerite/DaisyExamples/libDaisy/build/libdaisy.a(stm32h7xx_hal_rcc.o)
                0x00000000080077b8                HAL_RCC_GetSysClockFreq
 .text.HAL_RCC_ClockConfig
                0x00000000080078f8      0x234 /mnt/c/Users/usman/Documents/GitHub/Marguerite/DaisyExamples/libDaisy/build/libdaisy.a(stm32h7xx_hal_rcc.o)
                0x00000000080078f8                HAL_RCC_ClockConfig
 .text.HAL_RCC_GetHCLKFreq
                0x0000000008007b2c       0x2c /mnt/c/Users/usman/Documents/GitHub/Marguerite/DaisyExamples/libDaisy/build/libdaisy.a(stm32h7xx_hal_rcc.o)
                0x0000000008007b2c                HAL_RCC_GetHCLKFreq
 .text.RCCEx_PLL2_Config
                0x0000000008007b58       0xf8 /mnt/c/Users/usman/Documents/GitHub/Marguerite/DaisyExamples/libDaisy/build/libdaisy.a(stm32h7xx_hal_rcc_ex.o)
 .text.RCCEx_PLL3_Config
                0x0000000008007c50       0xf8 /mnt/c/Users/usman/Documents/GitHub/Marguerite/DaisyExamples/libDaisy/build/libdaisy.a(stm32h7xx_hal_rcc_ex.o)
 .text.HAL_RCCEx_PeriphCLKConfig
                0x0000000008007d48      0xa7c /mnt/c/Users/usman/Documents/GitHub/Marguerite/DaisyExamples/libDaisy/build/libdaisy.a(stm32h7xx_hal_rcc_ex.o)
                0x0000000008007d48                HAL_RCCEx_PeriphCLKConfig
 .text.HAL_RCCEx_GetPLL2ClockFreq
                0x00000000080087c4      0x17c /mnt/c/Users/usman/Documents/GitHub/Marguerite/DaisyExamples/libDaisy/build/libdaisy.a(stm32h7xx_hal_rcc_ex.o)
                0x00000000080087c4                HAL_RCCEx_GetPLL2ClockFreq
 .text.HAL_RCCEx_GetPLL3ClockFreq
                0x0000000008008940      0x17c /mnt/c/Users/usman/Documents/GitHub/Marguerite/DaisyExamples/libDaisy/build/libdaisy.a(stm32h7xx_hal_rcc_ex.o)
                0x0000000008008940                HAL_RCCEx_GetPLL3ClockFreq
 .text.HAL_RCCEx_GetPLL1ClockFreq
                0x0000000008008abc      0x17c /mnt/c/Users/usman/Documents/GitHub/Marguerite/DaisyExamples/libDaisy/build/libdaisy.a(stm32h7xx_hal_rcc_ex.o)
                0x0000000008008abc                HAL_RCCEx_GetPLL1ClockFreq
 .text.HAL_RCCEx_GetPeriphCLKFreq
                0x0000000008008c38      0x198 /mnt/c/Users/usman/Documents/GitHub/Marguerite/DaisyExamples/libDaisy/build/libdaisy.a(stm32h7xx_hal_rcc_ex.o)
                0x0000000008008c38                HAL_RCCEx_GetPeriphCLKFreq
 .text.HAL_RCCEx_GetD1SysClockFreq
                0x0000000008008dd0       0x2c /mnt/c/Users/usman/Documents/GitHub/Marguerite/DaisyExamples/libDaisy/build/libdaisy.a(stm32h7xx_hal_rcc_ex.o)
                0x0000000008008dd0                HAL_RCCEx_GetD1SysClockFreq
 .text.HAL_SAI_Init.part.0
                0x0000000008008dfc      0x364 /mnt/c/Users/usman/Documents/GitHub/Marguerite/DaisyExamples/libDaisy/build/libdaisy.a(stm32h7xx_hal_sai.o)
 .text.HAL_SAI_InitProtocol
                0x0000000008009160      0x184 /mnt/c/Users/usman/Documents/GitHub/Marguerite/DaisyExamples/libDaisy/build/libdaisy.a(stm32h7xx_hal_sai.o)
                0x0000000008009160                HAL_SAI_InitProtocol
 .text.HAL_SAI_Transmit_DMA
                0x00000000080092e4      0x124 /mnt/c/Users/usman/Documents/GitHub/Marguerite/DaisyExamples/libDaisy/build/libdaisy.a(stm32h7xx_hal_sai.o)
                0x00000000080092e4                HAL_SAI_Transmit_DMA
 .text.HAL_SAI_Receive_DMA
                0x0000000008009408       0xcc /mnt/c/Users/usman/Documents/GitHub/Marguerite/DaisyExamples/libDaisy/build/libdaisy.a(stm32h7xx_hal_sai.o)
                0x0000000008009408                HAL_SAI_Receive_DMA
 .text.HAL_SAI_TxCpltCallback
                0x00000000080094d4        0x4 /mnt/c/Users/usman/Documents/GitHub/Marguerite/DaisyExamples/libDaisy/build/libdaisy.a(stm32h7xx_hal_sai.o)
                0x00000000080094d4                HAL_SAI_TxCpltCallback
 .text.SAI_DMATxCplt
                0x00000000080094d8       0x60 /mnt/c/Users/usman/Documents/GitHub/Marguerite/DaisyExamples/libDaisy/build/libdaisy.a(stm32h7xx_hal_sai.o)
 .text.HAL_SAI_TxHalfCpltCallback
                0x0000000008009538        0x4 /mnt/c/Users/usman/Documents/GitHub/Marguerite/DaisyExamples/libDaisy/build/libdaisy.a(stm32h7xx_hal_sai.o)
                0x0000000008009538                HAL_SAI_TxHalfCpltCallback
 .text.SAI_DMATxHalfCplt
                0x000000000800953c        0xc /mnt/c/Users/usman/Documents/GitHub/Marguerite/DaisyExamples/libDaisy/build/libdaisy.a(stm32h7xx_hal_sai.o)
 .text.SAI_DMARxCplt
                0x0000000008009548       0x60 /mnt/c/Users/usman/Documents/GitHub/Marguerite/DaisyExamples/libDaisy/build/libdaisy.a(stm32h7xx_hal_sai.o)
 .text.SAI_DMARxHalfCplt
                0x00000000080095a8        0xc /mnt/c/Users/usman/Documents/GitHub/Marguerite/DaisyExamples/libDaisy/build/libdaisy.a(stm32h7xx_hal_sai.o)
 .text.HAL_SAI_ErrorCallback
                0x00000000080095b4        0x4 /mnt/c/Users/usman/Documents/GitHub/Marguerite/DaisyExamples/libDaisy/build/libdaisy.a(stm32h7xx_hal_sai.o)
                0x00000000080095b4                HAL_SAI_ErrorCallback
 .text.SAI_DMAError
                0x00000000080095b8       0x6c /mnt/c/Users/usman/Documents/GitHub/Marguerite/DaisyExamples/libDaisy/build/libdaisy.a(stm32h7xx_hal_sai.o)
 .text.HAL_SDRAM_Init
                0x0000000008009624       0x54 /mnt/c/Users/usman/Documents/GitHub/Marguerite/DaisyExamples/libDaisy/build/libdaisy.a(stm32h7xx_hal_sdram.o)
                0x0000000008009624                HAL_SDRAM_Init
 .text.HAL_SDRAM_SendCommand
                0x0000000008009678       0x40 /mnt/c/Users/usman/Documents/GitHub/Marguerite/DaisyExamples/libDaisy/build/libdaisy.a(stm32h7xx_hal_sdram.o)
                0x0000000008009678                HAL_SDRAM_SendCommand
 .text.HAL_SDRAM_ProgramRefreshRate
                0x00000000080096b8       0x30 /mnt/c/Users/usman/Documents/GitHub/Marguerite/DaisyExamples/libDaisy/build/libdaisy.a(stm32h7xx_hal_sdram.o)
                0x00000000080096b8                HAL_SDRAM_ProgramRefreshRate
 .text.SPI_CloseTransfer
                0x00000000080096e8       0xb8 /mnt/c/Users/usman/Documents/GitHub/Marguerite/DaisyExamples/libDaisy/build/libdaisy.a(stm32h7xx_hal_spi.o)
 .text.HAL_SPI_Init
                0x00000000080097a0      0x168 /mnt/c/Users/usman/Documents/GitHub/Marguerite/DaisyExamples/libDaisy/build/libdaisy.a(stm32h7xx_hal_spi.o)
                0x00000000080097a0                HAL_SPI_Init
 .text.HAL_SPI_Transmit
                0x0000000008009908      0x32c /mnt/c/Users/usman/Documents/GitHub/Marguerite/DaisyExamples/libDaisy/build/libdaisy.a(stm32h7xx_hal_spi.o)
                0x0000000008009908                HAL_SPI_Transmit
 .text.HAL_TIM_Base_Init
                0x0000000008009c34      0x130 /mnt/c/Users/usman/Documents/GitHub/Marguerite/DaisyExamples/libDaisy/build/libdaisy.a(stm32h7xx_hal_tim.o)
                0x0000000008009c34                HAL_TIM_Base_Init
 .text.HAL_TIM_Base_Start
                0x0000000008009d64       0x38 /mnt/c/Users/usman/Documents/GitHub/Marguerite/DaisyExamples/libDaisy/build/libdaisy.a(stm32h7xx_hal_tim.o)
                0x0000000008009d64                HAL_TIM_Base_Start
 .text.HAL_TIM_ConfigClockSource
                0x0000000008009d9c      0x17c /mnt/c/Users/usman/Documents/GitHub/Marguerite/DaisyExamples/libDaisy/build/libdaisy.a(stm32h7xx_hal_tim.o)
                0x0000000008009d9c                HAL_TIM_ConfigClockSource
 .text.HAL_TIMEx_MasterConfigSynchronization
                0x0000000008009f18       0x60 /mnt/c/Users/usman/Documents/GitHub/Marguerite/DaisyExamples/libDaisy/build/libdaisy.a(stm32h7xx_hal_tim_ex.o)
                0x0000000008009f18                HAL_TIMEx_MasterConfigSynchronization
 .text.FMC_SDRAM_Init
                0x0000000008009f78       0x78 /mnt/c/Users/usman/Documents/GitHub/Marguerite/DaisyExamples/libDaisy/build/libdaisy.a(stm32h7xx_ll_fmc.o)
                0x0000000008009f78                FMC_SDRAM_Init
 .text.FMC_SDRAM_Timing_Init
                0x0000000008009ff0       0x98 /mnt/c/Users/usman/Documents/GitHub/Marguerite/DaisyExamples/libDaisy/build/libdaisy.a(stm32h7xx_ll_fmc.o)
                0x0000000008009ff0                FMC_SDRAM_Timing_Init
 .text.FMC_SDRAM_SendCommand
                0x000000000800a088       0x24 /mnt/c/Users/usman/Documents/GitHub/Marguerite/DaisyExamples/libDaisy/build/libdaisy.a(stm32h7xx_ll_fmc.o)
                0x000000000800a088                FMC_SDRAM_SendCommand
 .text.FMC_SDRAM_ProgramRefreshRate
                0x000000000800a0ac       0x1c /mnt/c/Users/usman/Documents/GitHub/Marguerite/DaisyExamples/libDaisy/build/libdaisy.a(stm32h7xx_ll_fmc.o)
                0x000000000800a0ac                FMC_SDRAM_ProgramRefreshRate
 .text.dsy_dma_init
                0x000000000800a0c8       0x98 /mnt/c/Users/usman/Documents/GitHub/Marguerite/DaisyExamples/libDaisy/build/libdaisy.a(dma.o)
                0x000000000800a0c8                dsy_dma_init
 .text.HAL_MDMA_Abort_IT
                0x000000000800a160       0x2c /mnt/c/Users/usman/Documents/GitHub/Marguerite/DaisyExamples/libDaisy/build/libdaisy.a(stm32h7xx_hal_mdma.o)
                0x000000000800a160                HAL_MDMA_Abort_IT
 .text._ZN7daisysp10Oscillator7ProcessEv
                0x000000000800a18c      0x3c4 /mnt/c/Users/usman/Documents/GitHub/Marguerite/DaisyExamples/DaisySP/build/libdaisysp.a(oscillator.o)
                0x000000000800a18c                daisysp::Oscillator::Process()
 .text._ZN7daisysp10Oscillator12CalcPhaseIncEf
                0x000000000800a550       0x18 /mnt/c/Users/usman/Documents/GitHub/Marguerite/DaisyExamples/DaisySP/build/libdaisysp.a(oscillator.o)
                0x000000000800a550                daisysp::Oscillator::CalcPhaseInc(float)
 .text._ZN7daisysp6Phasor7SetFreqEf
                0x000000000800a568       0x20 /mnt/c/Users/usman/Documents/GitHub/Marguerite/DaisyExamples/DaisySP/build/libdaisysp.a(phasor.o)
                0x000000000800a568                daisysp::Phasor::SetFreq(float)
 .text._ZN7daisysp6Phasor7ProcessEv
                0x000000000800a588       0x3c /mnt/c/Users/usman/Documents/GitHub/Marguerite/DaisyExamples/DaisySP/build/libdaisysp.a(phasor.o)
                0x000000000800a588                daisysp::Phasor::Process()
 .text.__aeabi_atexit
                0x000000000800a5c4        0xa /home/ujamil/development/gcc-arm-none-eabi-9-2020-q2-update/bin/../lib/gcc/arm-none-eabi/9.3.1/../../../../arm-none-eabi/lib/thumb/v7e-m+dp/hard/libstdc++_nano.a(atexit_arm.o)
                0x000000000800a5c4                __aeabi_atexit
 *fill*         0x000000000800a5ce        0x2 
 .text.sinf     0x000000000800a5d0      0x214 /home/ujamil/development/gcc-arm-none-eabi-9-2020-q2-update/bin/../lib/gcc/arm-none-eabi/9.3.1/../../../../arm-none-eabi/lib/thumb/v7e-m+dp/hard/libm.a(lib_a-sinf.o)
                0x000000000800a5d0                sinf
 .text.fmodf    0x000000000800a7e4       0x60 /home/ujamil/development/gcc-arm-none-eabi-9-2020-q2-update/bin/../lib/gcc/arm-none-eabi/9.3.1/../../../../arm-none-eabi/lib/thumb/v7e-m+dp/hard/libm.a(lib_a-wf_fmod.o)
                0x000000000800a7e4                fmodf
 .text.__ieee754_fmodf
                0x000000000800a844      0x120 /home/ujamil/development/gcc-arm-none-eabi-9-2020-q2-update/bin/../lib/gcc/arm-none-eabi/9.3.1/../../../../arm-none-eabi/lib/thumb/v7e-m+dp/hard/libm.a(lib_a-ef_fmod.o)
                0x000000000800a844                __ieee754_fmodf
 .text.with_errnof
                0x000000000800a964       0x18 /home/ujamil/development/gcc-arm-none-eabi-9-2020-q2-update/bin/../lib/gcc/arm-none-eabi/9.3.1/../../../../arm-none-eabi/lib/thumb/v7e-m+dp/hard/libm.a(lib_a-math_errf.o)
 .text.__math_invalidf
                0x000000000800a97c       0x20 /home/ujamil/development/gcc-arm-none-eabi-9-2020-q2-update/bin/../lib/gcc/arm-none-eabi/9.3.1/../../../../arm-none-eabi/lib/thumb/v7e-m+dp/hard/libm.a(lib_a-math_errf.o)
                0x000000000800a97c                __math_invalidf
 .text.__cxa_atexit
                0x000000000800a99c       0x1c /home/ujamil/development/gcc-arm-none-eabi-9-2020-q2-update/bin/../lib/gcc/arm-none-eabi/9.3.1/../../../../arm-none-eabi/lib/thumb/v7e-m+dp/hard/libc_nano.a(lib_a-cxa_atexit.o)
                0x000000000800a99c                __cxa_atexit
 .text.__errno  0x000000000800a9b8        0xc /home/ujamil/development/gcc-arm-none-eabi-9-2020-q2-update/bin/../lib/gcc/arm-none-eabi/9.3.1/../../../../arm-none-eabi/lib/thumb/v7e-m+dp/hard/libc_nano.a(lib_a-errno.o)
                0x000000000800a9b8                __errno
 .text.__libc_init_array
                0x000000000800a9c4       0x48 /home/ujamil/development/gcc-arm-none-eabi-9-2020-q2-update/bin/../lib/gcc/arm-none-eabi/9.3.1/../../../../arm-none-eabi/lib/thumb/v7e-m+dp/hard/libc_nano.a(lib_a-init.o)
                0x000000000800a9c4                __libc_init_array
 .text.memcpy   0x000000000800aa0c       0x1c /home/ujamil/development/gcc-arm-none-eabi-9-2020-q2-update/bin/../lib/gcc/arm-none-eabi/9.3.1/../../../../arm-none-eabi/lib/thumb/v7e-m+dp/hard/libc_nano.a(lib_a-memcpy-stub.o)
                0x000000000800aa0c                memcpy
 .text.memset   0x000000000800aa28       0x10 /home/ujamil/development/gcc-arm-none-eabi-9-2020-q2-update/bin/../lib/gcc/arm-none-eabi/9.3.1/../../../../arm-none-eabi/lib/thumb/v7e-m+dp/hard/libc_nano.a(lib_a-memset.o)
                0x000000000800aa28                memset
 *(.rodata)
 .rodata        0x000000000800aa38      0x200 build/main.o
 .rodata        0x000000000800ac38       0x20 /mnt/c/Users/usman/Documents/GitHub/Marguerite/DaisyExamples/libDaisy/build/libdaisy.a(daisy_field.o)
 .rodata        0x000000000800ac58       0x10 /mnt/c/Users/usman/Documents/GitHub/Marguerite/DaisyExamples/libDaisy/build/libdaisy.a(i2c.o)
 *(.rodata*)
 .rodata.D1CorePrescTable
                0x000000000800ac68       0x10 build/system_stm32h7xx.o
                0x000000000800ac68                D1CorePrescTable
 .rodata._ZN5daisy10DaisyField4InitEv.str1.4
                0x000000000800ac78        0x6 /mnt/c/Users/usman/Documents/GitHub/Marguerite/DaisyExamples/libDaisy/build/libdaisy.a(daisy_field.o)
 *fill*         0x000000000800ac7e        0x2 
 .rodata._ZL20field_led_i2c_config
                0x000000000800ac80        0xc /mnt/c/Users/usman/Documents/GitHub/Marguerite/DaisyExamples/libDaisy/build/libdaisy.a(daisy_field.o)
 .rodata._ZL8seedgpio
                0x000000000800ac8c       0x3e /mnt/c/Users/usman/Documents/GitHub/Marguerite/DaisyExamples/libDaisy/build/libdaisy.a(daisy_seed.o)
 *fill*         0x000000000800acca        0x2 
 .rodata._ZL16dsy_adc_rank_map
                0x000000000800accc       0x40 /mnt/c/Users/usman/Documents/GitHub/Marguerite/DaisyExamples/libDaisy/build/libdaisy.a(adc.o)
 .rodata.HAL_QSPI_MspInit.str1.4
                0x000000000800ad0c        0x7 /mnt/c/Users/usman/Documents/GitHub/Marguerite/DaisyExamples/libDaisy/build/libdaisy.a(qspi.o)
 *fill*         0x000000000800ad13        0x1 
 .rodata.CSWTCH.31
                0x000000000800ad14        0x3 /mnt/c/Users/usman/Documents/GitHub/Marguerite/DaisyExamples/libDaisy/build/libdaisy.a(sai.o)
 *fill*         0x000000000800ad17        0x1 
 .rodata.CSWTCH.32
                0x000000000800ad18        0xc /mnt/c/Users/usman/Documents/GitHub/Marguerite/DaisyExamples/libDaisy/build/libdaisy.a(sai.o)
 .rodata.CSWTCH.39
                0x000000000800ad24       0x14 /mnt/c/Users/usman/Documents/GitHub/Marguerite/DaisyExamples/libDaisy/build/libdaisy.a(sai.o)
 .rodata.gpio_hal_pin_map
                0x000000000800ad38       0x20 /mnt/c/Users/usman/Documents/GitHub/Marguerite/DaisyExamples/libDaisy/build/libdaisy.a(hal_map.o)
 .rodata.gpio_hal_port_map
                0x000000000800ad58       0x30 /mnt/c/Users/usman/Documents/GitHub/Marguerite/DaisyExamples/libDaisy/build/libdaisy.a(hal_map.o)
 .rodata.flagBitshiftOffset.17888
                0x000000000800ad88        0x8 /mnt/c/Users/usman/Documents/GitHub/Marguerite/DaisyExamples/libDaisy/build/libdaisy.a(stm32h7xx_hal_dma.o)
 .rodata.Zero   0x000000000800ad90        0x8 /home/ujamil/development/gcc-arm-none-eabi-9-2020-q2-update/bin/../lib/gcc/arm-none-eabi/9.3.1/../../../../arm-none-eabi/lib/thumb/v7e-m+dp/hard/libm.a(lib_a-ef_fmod.o)
 .rodata.__inv_pio4
                0x000000000800ad98       0x60 /home/ujamil/development/gcc-arm-none-eabi-9-2020-q2-update/bin/../lib/gcc/arm-none-eabi/9.3.1/../../../../arm-none-eabi/lib/thumb/v7e-m+dp/hard/libm.a(lib_a-sincosf_data.o)
                0x000000000800ad98                __inv_pio4
 .rodata.__sincosf_table
                0x000000000800adf8       0xe0 /home/ujamil/development/gcc-arm-none-eabi-9-2020-q2-update/bin/../lib/gcc/arm-none-eabi/9.3.1/../../../../arm-none-eabi/lib/thumb/v7e-m+dp/hard/libm.a(lib_a-sincosf_data.o)
                0x000000000800adf8                __sincosf_table
 *(.glue_7)
 .glue_7        0x000000000800aed8        0x0 linker stubs
 *(.glue_7t)
 .glue_7t       0x000000000800aed8        0x0 linker stubs
 *(.init)
 .init          0x000000000800aed8        0x4 /home/ujamil/development/gcc-arm-none-eabi-9-2020-q2-update/bin/../lib/gcc/arm-none-eabi/9.3.1/thumb/v7e-m+dp/hard/crti.o
                0x000000000800aed8                _init
 .init          0x000000000800aedc        0x8 /home/ujamil/development/gcc-arm-none-eabi-9-2020-q2-update/bin/../lib/gcc/arm-none-eabi/9.3.1/thumb/v7e-m+dp/hard/crtn.o
 *(.fini)
 .fini          0x000000000800aee4        0x4 /home/ujamil/development/gcc-arm-none-eabi-9-2020-q2-update/bin/../lib/gcc/arm-none-eabi/9.3.1/thumb/v7e-m+dp/hard/crti.o
                0x000000000800aee4                _fini
 .fini          0x000000000800aee8        0x8 /home/ujamil/development/gcc-arm-none-eabi-9-2020-q2-update/bin/../lib/gcc/arm-none-eabi/9.3.1/thumb/v7e-m+dp/hard/crtn.o
                0x000000000800aef0                . = ALIGN (0x4)
                0x000000000800aef0                _etext = .

.eh_frame       0x000000000800aef0        0x0
 .eh_frame      0x000000000800aef0        0x0 /home/ujamil/development/gcc-arm-none-eabi-9-2020-q2-update/bin/../lib/gcc/arm-none-eabi/9.3.1/thumb/v7e-m+dp/hard/crtbegin.o

.vfp11_veneer   0x000000000800aef0        0x0
 .vfp11_veneer  0x000000000800aef0        0x0 linker stubs

.v4_bx          0x000000000800aef0        0x0
 .v4_bx         0x000000000800aef0        0x0 linker stubs

.iplt           0x000000000800aef0        0x0
 .iplt          0x000000000800aef0        0x0 /home/ujamil/development/gcc-arm-none-eabi-9-2020-q2-update/bin/../lib/gcc/arm-none-eabi/9.3.1/thumb/v7e-m+dp/hard/crtbegin.o

.rel.dyn        0x000000000800aef0        0x0
 .rel.iplt      0x000000000800aef0        0x0 /home/ujamil/development/gcc-arm-none-eabi-9-2020-q2-update/bin/../lib/gcc/arm-none-eabi/9.3.1/thumb/v7e-m+dp/hard/crtbegin.o

.ARM.extab      0x000000000800aef0        0x0
                0x000000000800aef0                . = ALIGN (0x4)
 *(.ARM.extab)
 *(.gnu.linkonce.armextab.*)
                0x000000000800aef0                . = ALIGN (0x4)

.exidx          0x000000000800aef0        0x0
                0x000000000800aef0                . = ALIGN (0x4)
                [!provide]                        PROVIDE (__exidx_start = .)
 *(.ARM.exidx*)
                0x000000000800aef0                . = ALIGN (0x4)
                [!provide]                        PROVIDE (__exidx_end = .)

.ARM.attributes
                0x000000000800aef0       0x2e
 *(.ARM.attributes)
 .ARM.attributes
                0x000000000800aef0       0x1e /home/ujamil/development/gcc-arm-none-eabi-9-2020-q2-update/bin/../lib/gcc/arm-none-eabi/9.3.1/thumb/v7e-m+dp/hard/crti.o
 .ARM.attributes
                0x000000000800af0e       0x32 /home/ujamil/development/gcc-arm-none-eabi-9-2020-q2-update/bin/../lib/gcc/arm-none-eabi/9.3.1/thumb/v7e-m+dp/hard/crtbegin.o
 .ARM.attributes
                0x000000000800af40       0x32 build/system_stm32h7xx.o
 .ARM.attributes
                0x000000000800af72       0x32 build/startup_stm32h750xx.o
 .ARM.attributes
                0x000000000800afa4       0x32 build/main.o
 .ARM.attributes
                0x000000000800afd6       0x32 /mnt/c/Users/usman/Documents/GitHub/Marguerite/DaisyExamples/libDaisy/build/libdaisy.a(daisy_field.o)
 .ARM.attributes
                0x000000000800b008       0x32 /mnt/c/Users/usman/Documents/GitHub/Marguerite/DaisyExamples/libDaisy/build/libdaisy.a(daisy_seed.o)
 .ARM.attributes
                0x000000000800b03a       0x32 /mnt/c/Users/usman/Documents/GitHub/Marguerite/DaisyExamples/libDaisy/build/libdaisy.a(codec_ak4556.o)
 .ARM.attributes
                0x000000000800b06c       0x32 /mnt/c/Users/usman/Documents/GitHub/Marguerite/DaisyExamples/libDaisy/build/libdaisy.a(sdram.o)
 .ARM.attributes
                0x000000000800b09e       0x32 /mnt/c/Users/usman/Documents/GitHub/Marguerite/DaisyExamples/libDaisy/build/libdaisy.a(sr_4021.o)
 .ARM.attributes
                0x000000000800b0d0       0x32 /mnt/c/Users/usman/Documents/GitHub/Marguerite/DaisyExamples/libDaisy/build/libdaisy.a(audio.o)
 .ARM.attributes
                0x000000000800b102       0x32 /mnt/c/Users/usman/Documents/GitHub/Marguerite/DaisyExamples/libDaisy/build/libdaisy.a(ctrl.o)
 .ARM.attributes
                0x000000000800b134       0x32 /mnt/c/Users/usman/Documents/GitHub/Marguerite/DaisyExamples/libDaisy/build/libdaisy.a(gatein.o)
 .ARM.attributes
                0x000000000800b166       0x32 /mnt/c/Users/usman/Documents/GitHub/Marguerite/DaisyExamples/libDaisy/build/libdaisy.a(oled_display.o)
 .ARM.attributes
                0x000000000800b198       0x32 /mnt/c/Users/usman/Documents/GitHub/Marguerite/DaisyExamples/libDaisy/build/libdaisy.a(switch.o)
 .ARM.attributes
                0x000000000800b1ca       0x32 /mnt/c/Users/usman/Documents/GitHub/Marguerite/DaisyExamples/libDaisy/build/libdaisy.a(adc.o)
 .ARM.attributes
                0x000000000800b1fc       0x32 /mnt/c/Users/usman/Documents/GitHub/Marguerite/DaisyExamples/libDaisy/build/libdaisy.a(dac.o)
 .ARM.attributes
                0x000000000800b22e       0x32 /mnt/c/Users/usman/Documents/GitHub/Marguerite/DaisyExamples/libDaisy/build/libdaisy.a(gpio.o)
 .ARM.attributes
                0x000000000800b260       0x32 /mnt/c/Users/usman/Documents/GitHub/Marguerite/DaisyExamples/libDaisy/build/libdaisy.a(i2c.o)
 .ARM.attributes
                0x000000000800b292       0x32 /mnt/c/Users/usman/Documents/GitHub/Marguerite/DaisyExamples/libDaisy/build/libdaisy.a(qspi.o)
 .ARM.attributes
                0x000000000800b2c4       0x32 /mnt/c/Users/usman/Documents/GitHub/Marguerite/DaisyExamples/libDaisy/build/libdaisy.a(sai.o)
 .ARM.attributes
                0x000000000800b2f6       0x32 /mnt/c/Users/usman/Documents/GitHub/Marguerite/DaisyExamples/libDaisy/build/libdaisy.a(spi.o)
 .ARM.attributes
                0x000000000800b328       0x32 /mnt/c/Users/usman/Documents/GitHub/Marguerite/DaisyExamples/libDaisy/build/libdaisy.a(tim.o)
 .ARM.attributes
                0x000000000800b35a       0x32 /mnt/c/Users/usman/Documents/GitHub/Marguerite/DaisyExamples/libDaisy/build/libdaisy.a(system.o)
 .ARM.attributes
                0x000000000800b38c       0x32 /mnt/c/Users/usman/Documents/GitHub/Marguerite/DaisyExamples/libDaisy/build/libdaisy.a(hal_map.o)
 .ARM.attributes
                0x000000000800b3be       0x32 /mnt/c/Users/usman/Documents/GitHub/Marguerite/DaisyExamples/libDaisy/build/libdaisy.a(stm32h7xx_hal.o)
 .ARM.attributes
                0x000000000800b3f0       0x32 /mnt/c/Users/usman/Documents/GitHub/Marguerite/DaisyExamples/libDaisy/build/libdaisy.a(stm32h7xx_hal_adc.o)
 .ARM.attributes
                0x000000000800b422       0x32 /mnt/c/Users/usman/Documents/GitHub/Marguerite/DaisyExamples/libDaisy/build/libdaisy.a(stm32h7xx_hal_adc_ex.o)
 .ARM.attributes
                0x000000000800b454       0x32 /mnt/c/Users/usman/Documents/GitHub/Marguerite/DaisyExamples/libDaisy/build/libdaisy.a(stm32h7xx_hal_cortex.o)
 .ARM.attributes
                0x000000000800b486       0x32 /mnt/c/Users/usman/Documents/GitHub/Marguerite/DaisyExamples/libDaisy/build/libdaisy.a(stm32h7xx_hal_dac.o)
 .ARM.attributes
                0x000000000800b4b8       0x32 /mnt/c/Users/usman/Documents/GitHub/Marguerite/DaisyExamples/libDaisy/build/libdaisy.a(stm32h7xx_hal_dma.o)
 .ARM.attributes
                0x000000000800b4ea       0x32 /mnt/c/Users/usman/Documents/GitHub/Marguerite/DaisyExamples/libDaisy/build/libdaisy.a(stm32h7xx_hal_gpio.o)
 .ARM.attributes
                0x000000000800b51c       0x32 /mnt/c/Users/usman/Documents/GitHub/Marguerite/DaisyExamples/libDaisy/build/libdaisy.a(stm32h7xx_hal_i2c.o)
 .ARM.attributes
                0x000000000800b54e       0x32 /mnt/c/Users/usman/Documents/GitHub/Marguerite/DaisyExamples/libDaisy/build/libdaisy.a(stm32h7xx_hal_i2c_ex.o)
 .ARM.attributes
                0x000000000800b580       0x32 /mnt/c/Users/usman/Documents/GitHub/Marguerite/DaisyExamples/libDaisy/build/libdaisy.a(stm32h7xx_hal_pwr_ex.o)
 .ARM.attributes
                0x000000000800b5b2       0x32 /mnt/c/Users/usman/Documents/GitHub/Marguerite/DaisyExamples/libDaisy/build/libdaisy.a(stm32h7xx_hal_qspi.o)
 .ARM.attributes
                0x000000000800b5e4       0x32 /mnt/c/Users/usman/Documents/GitHub/Marguerite/DaisyExamples/libDaisy/build/libdaisy.a(stm32h7xx_hal_rcc.o)
 .ARM.attributes
                0x000000000800b616       0x32 /mnt/c/Users/usman/Documents/GitHub/Marguerite/DaisyExamples/libDaisy/build/libdaisy.a(stm32h7xx_hal_rcc_ex.o)
 .ARM.attributes
                0x000000000800b648       0x32 /mnt/c/Users/usman/Documents/GitHub/Marguerite/DaisyExamples/libDaisy/build/libdaisy.a(stm32h7xx_hal_sai.o)
 .ARM.attributes
                0x000000000800b67a       0x32 /mnt/c/Users/usman/Documents/GitHub/Marguerite/DaisyExamples/libDaisy/build/libdaisy.a(stm32h7xx_hal_sdram.o)
 .ARM.attributes
                0x000000000800b6ac       0x32 /mnt/c/Users/usman/Documents/GitHub/Marguerite/DaisyExamples/libDaisy/build/libdaisy.a(stm32h7xx_hal_spi.o)
 .ARM.attributes
                0x000000000800b6de       0x32 /mnt/c/Users/usman/Documents/GitHub/Marguerite/DaisyExamples/libDaisy/build/libdaisy.a(stm32h7xx_hal_tim.o)
 .ARM.attributes
                0x000000000800b710       0x32 /mnt/c/Users/usman/Documents/GitHub/Marguerite/DaisyExamples/libDaisy/build/libdaisy.a(stm32h7xx_hal_tim_ex.o)
 .ARM.attributes
                0x000000000800b742       0x32 /mnt/c/Users/usman/Documents/GitHub/Marguerite/DaisyExamples/libDaisy/build/libdaisy.a(stm32h7xx_ll_fmc.o)
 .ARM.attributes
                0x000000000800b774       0x32 /mnt/c/Users/usman/Documents/GitHub/Marguerite/DaisyExamples/libDaisy/build/libdaisy.a(dma.o)
 .ARM.attributes
                0x000000000800b7a6       0x32 /mnt/c/Users/usman/Documents/GitHub/Marguerite/DaisyExamples/libDaisy/build/libdaisy.a(stm32h7xx_hal_mdma.o)
 .ARM.attributes
                0x000000000800b7d8       0x32 /mnt/c/Users/usman/Documents/GitHub/Marguerite/DaisyExamples/DaisySP/build/libdaisysp.a(oscillator.o)
 .ARM.attributes
                0x000000000800b80a       0x32 /mnt/c/Users/usman/Documents/GitHub/Marguerite/DaisyExamples/DaisySP/build/libdaisysp.a(phasor.o)
 .ARM.attributes
                0x000000000800b83c       0x32 /home/ujamil/development/gcc-arm-none-eabi-9-2020-q2-update/bin/../lib/gcc/arm-none-eabi/9.3.1/../../../../arm-none-eabi/lib/thumb/v7e-m+dp/hard/libstdc++_nano.a(atexit_arm.o)
 .ARM.attributes
                0x000000000800b86e       0x32 /home/ujamil/development/gcc-arm-none-eabi-9-2020-q2-update/bin/../lib/gcc/arm-none-eabi/9.3.1/../../../../arm-none-eabi/lib/thumb/v7e-m+dp/hard/libm.a(lib_a-sinf.o)
 .ARM.attributes
                0x000000000800b8a0       0x32 /home/ujamil/development/gcc-arm-none-eabi-9-2020-q2-update/bin/../lib/gcc/arm-none-eabi/9.3.1/../../../../arm-none-eabi/lib/thumb/v7e-m+dp/hard/libm.a(lib_a-wf_fmod.o)
 .ARM.attributes
                0x000000000800b8d2       0x32 /home/ujamil/development/gcc-arm-none-eabi-9-2020-q2-update/bin/../lib/gcc/arm-none-eabi/9.3.1/../../../../arm-none-eabi/lib/thumb/v7e-m+dp/hard/libm.a(lib_a-ef_fmod.o)
 .ARM.attributes
                0x000000000800b904       0x32 /home/ujamil/development/gcc-arm-none-eabi-9-2020-q2-update/bin/../lib/gcc/arm-none-eabi/9.3.1/../../../../arm-none-eabi/lib/thumb/v7e-m+dp/hard/libm.a(lib_a-math_errf.o)
 .ARM.attributes
                0x000000000800b936       0x30 /home/ujamil/development/gcc-arm-none-eabi-9-2020-q2-update/bin/../lib/gcc/arm-none-eabi/9.3.1/../../../../arm-none-eabi/lib/thumb/v7e-m+dp/hard/libm.a(lib_a-s_lib_ver.o)
 .ARM.attributes
                0x000000000800b966       0x30 /home/ujamil/development/gcc-arm-none-eabi-9-2020-q2-update/bin/../lib/gcc/arm-none-eabi/9.3.1/../../../../arm-none-eabi/lib/thumb/v7e-m+dp/hard/libm.a(lib_a-sincosf_data.o)
 .ARM.attributes
                0x000000000800b996       0x32 /home/ujamil/development/gcc-arm-none-eabi-9-2020-q2-update/bin/../lib/gcc/arm-none-eabi/9.3.1/../../../../arm-none-eabi/lib/thumb/v7e-m+dp/hard/libc_nano.a(lib_a-cxa_atexit.o)
 .ARM.attributes
                0x000000000800b9c8       0x32 /home/ujamil/development/gcc-arm-none-eabi-9-2020-q2-update/bin/../lib/gcc/arm-none-eabi/9.3.1/../../../../arm-none-eabi/lib/thumb/v7e-m+dp/hard/libc_nano.a(lib_a-errno.o)
 .ARM.attributes
                0x000000000800b9fa       0x30 /home/ujamil/development/gcc-arm-none-eabi-9-2020-q2-update/bin/../lib/gcc/arm-none-eabi/9.3.1/../../../../arm-none-eabi/lib/thumb/v7e-m+dp/hard/libc_nano.a(lib_a-impure.o)
 .ARM.attributes
                0x000000000800ba2a       0x32 /home/ujamil/development/gcc-arm-none-eabi-9-2020-q2-update/bin/../lib/gcc/arm-none-eabi/9.3.1/../../../../arm-none-eabi/lib/thumb/v7e-m+dp/hard/libc_nano.a(lib_a-init.o)
 .ARM.attributes
                0x000000000800ba5c       0x32 /home/ujamil/development/gcc-arm-none-eabi-9-2020-q2-update/bin/../lib/gcc/arm-none-eabi/9.3.1/../../../../arm-none-eabi/lib/thumb/v7e-m+dp/hard/libc_nano.a(lib_a-memcpy-stub.o)
 .ARM.attributes
                0x000000000800ba8e       0x32 /home/ujamil/development/gcc-arm-none-eabi-9-2020-q2-update/bin/../lib/gcc/arm-none-eabi/9.3.1/../../../../arm-none-eabi/lib/thumb/v7e-m+dp/hard/libc_nano.a(lib_a-memset.o)
 .ARM.attributes
                0x000000000800bac0       0x1e /home/ujamil/development/gcc-arm-none-eabi-9-2020-q2-update/bin/../lib/gcc/arm-none-eabi/9.3.1/thumb/v7e-m+dp/hard/libgcc.a(_arm_addsubdf3.o)
 .ARM.attributes
                0x000000000800bade       0x1e /home/ujamil/development/gcc-arm-none-eabi-9-2020-q2-update/bin/../lib/gcc/arm-none-eabi/9.3.1/thumb/v7e-m+dp/hard/crtn.o

.preinit_array  0x000000000800aef0        0x0
                0x000000000800aef0                PROVIDE (__preinit_array_start = .)
 *(.preinit_array*)
                0x000000000800aef0                PROVIDE (__preinit_array_end = .)

.init_array     0x000000000800aef0       0x14
                0x000000000800aef0                PROVIDE (__init_array_start = .)
 *(SORT_BY_NAME(.init_array.*))
 *(.init_array*)
 .init_array    0x000000000800aef0        0x4 /home/ujamil/development/gcc-arm-none-eabi-9-2020-q2-update/bin/../lib/gcc/arm-none-eabi/9.3.1/thumb/v7e-m+dp/hard/crtbegin.o
 .init_array    0x000000000800aef4        0x4 build/main.o
 .init_array    0x000000000800aef8        0x4 /mnt/c/Users/usman/Documents/GitHub/Marguerite/DaisyExamples/libDaisy/build/libdaisy.a(daisy_field.o)
 .init_array    0x000000000800aefc        0x4 /mnt/c/Users/usman/Documents/GitHub/Marguerite/DaisyExamples/libDaisy/build/libdaisy.a(audio.o)
 .init_array    0x000000000800af00        0x4 /mnt/c/Users/usman/Documents/GitHub/Marguerite/DaisyExamples/libDaisy/build/libdaisy.a(oled_display.o)
                0x000000000800af04                PROVIDE (__init_array_end = .)

.fini_array     0x000000000800af04        0x4
                [!provide]                        PROVIDE (__fini_array_start = .)
 *(.fini_array*)
 .fini_array    0x000000000800af04        0x4 /home/ujamil/development/gcc-arm-none-eabi-9-2020-q2-update/bin/../lib/gcc/arm-none-eabi/9.3.1/thumb/v7e-m+dp/hard/crtbegin.o
 *(SORT_BY_NAME(.fini_array.*))
                [!provide]                        PROVIDE (__fini_array_end = .)

.data           0x0000000024000000       0x7c load address 0x000000000800af08
                0x0000000024000000                . = ALIGN (0x4)
                0x0000000024000000                _sdata = .
                [!provide]                        PROVIDE (__data_start__ = _sdata)
 *(.data)
 .data          0x0000000024000000        0x4 /home/ujamil/development/gcc-arm-none-eabi-9-2020-q2-update/bin/../lib/gcc/arm-none-eabi/9.3.1/thumb/v7e-m+dp/hard/crtbegin.o
                0x0000000024000000                __dso_handle
 *(.data*)
 .data.SystemCoreClock
                0x0000000024000004        0x4 build/system_stm32h7xx.o
                0x0000000024000004                SystemCoreClock
 .data.SystemD2Clock
                0x0000000024000008        0x4 build/system_stm32h7xx.o
                0x0000000024000008                SystemD2Clock
 .data.uwTickFreq
                0x000000002400000c        0x1 /mnt/c/Users/usman/Documents/GitHub/Marguerite/DaisyExamples/libDaisy/build/libdaisy.a(stm32h7xx_hal.o)
 *fill*         0x000000002400000d        0x3 
 .data.uwTickPrio
                0x0000000024000010        0x4 /mnt/c/Users/usman/Documents/GitHub/Marguerite/DaisyExamples/libDaisy/build/libdaisy.a(stm32h7xx_hal.o)
 .data.__fdlib_version
                0x0000000024000014        0x1 /home/ujamil/development/gcc-arm-none-eabi-9-2020-q2-update/bin/../lib/gcc/arm-none-eabi/9.3.1/../../../../arm-none-eabi/lib/thumb/v7e-m+dp/hard/libm.a(lib_a-s_lib_ver.o)
                0x0000000024000014                __fdlib_version
 *fill*         0x0000000024000015        0x3 
 .data._impure_ptr
                0x0000000024000018        0x4 /home/ujamil/development/gcc-arm-none-eabi-9-2020-q2-update/bin/../lib/gcc/arm-none-eabi/9.3.1/../../../../arm-none-eabi/lib/thumb/v7e-m+dp/hard/libc_nano.a(lib_a-impure.o)
                0x0000000024000018                _impure_ptr
 .data.impure_data
                0x000000002400001c       0x60 /home/ujamil/development/gcc-arm-none-eabi-9-2020-q2-update/bin/../lib/gcc/arm-none-eabi/9.3.1/../../../../arm-none-eabi/lib/thumb/v7e-m+dp/hard/libc_nano.a(lib_a-impure.o)
                0x000000002400007c                . = ALIGN (0x4)
                0x000000002400007c                _edata = .
                [!provide]                        PROVIDE (__data_end__ = _edata)
                0x000000000800af08                _sidata = LOADADDR (.data)

.igot.plt       0x000000002400007c        0x0 load address 0x000000000800af84
 .igot.plt      0x000000002400007c        0x0 /home/ujamil/development/gcc-arm-none-eabi-9-2020-q2-update/bin/../lib/gcc/arm-none-eabi/9.3.1/thumb/v7e-m+dp/hard/crtbegin.o

.bss            0x0000000024000080     0x1478 load address 0x000000000800af84
                0x0000000024000080                . = ALIGN (0x4)
                0x0000000024000080                _sbss = .
                0x0000000024000080                PROVIDE (__bss_start__ = _sbss)
 *(.bss)
 .bss           0x0000000024000080       0x1c /home/ujamil/development/gcc-arm-none-eabi-9-2020-q2-update/bin/../lib/gcc/arm-none-eabi/9.3.1/thumb/v7e-m+dp/hard/crtbegin.o
 *(.bss*)
 .bss._ZL4ramp  0x000000002400009c       0x10 build/main.o
 .bss._ZL8osc_sine
                0x00000000240000ac       0x28 build/main.o
 .bss.hw        0x00000000240000d4      0x40c build/main.o
                0x00000000240000d4                hw
 .bss.FMC_Initialized
                0x00000000240004e0        0x4 /mnt/c/Users/usman/Documents/GitHub/Marguerite/DaisyExamples/libDaisy/build/libdaisy.a(sdram.o)
 *fill*         0x00000000240004e4        0x4 
 .bss.dsy_sdram
                0x00000000240004e8       0x3c /mnt/c/Users/usman/Documents/GitHub/Marguerite/DaisyExamples/libDaisy/build/libdaisy.a(sdram.o)
 .bss._ZN5daisyL12audio_handleE
                0x0000000024000524       0x30 /mnt/c/Users/usman/Documents/GitHub/Marguerite/DaisyExamples/libDaisy/build/libdaisy.a(audio.o)
 .bss._ZL14SSD1309_Buffer
                0x0000000024000554      0x400 /mnt/c/Users/usman/Documents/GitHub/Marguerite/DaisyExamples/libDaisy/build/libdaisy.a(oled_display.o)
 .bss._ZL5h_spi
                0x0000000024000954        0x1 /mnt/c/Users/usman/Documents/GitHub/Marguerite/DaisyExamples/libDaisy/build/libdaisy.a(oled_display.o)
 *fill*         0x0000000024000955        0x3 
 .bss._ZL6pin_dc
                0x0000000024000958        0x4 /mnt/c/Users/usman/Documents/GitHub/Marguerite/DaisyExamples/libDaisy/build/libdaisy.a(oled_display.o)
 .bss._ZL7SSD1309
                0x000000002400095c        0x6 /mnt/c/Users/usman/Documents/GitHub/Marguerite/DaisyExamples/libDaisy/build/libdaisy.a(oled_display.o)
 *fill*         0x0000000024000962        0x2 
 .bss._ZL9pin_reset
                0x0000000024000964        0x4 /mnt/c/Users/usman/Documents/GitHub/Marguerite/DaisyExamples/libDaisy/build/libdaisy.a(oled_display.o)
 .bss._ZL3adc   0x0000000024000968      0x210 /mnt/c/Users/usman/Documents/GitHub/Marguerite/DaisyExamples/libDaisy/build/libdaisy.a(adc.o)
 .bss.dac       0x0000000024000b78       0x1c /mnt/c/Users/usman/Documents/GitHub/Marguerite/DaisyExamples/libDaisy/build/libdaisy.a(dac.o)
 .bss._ZN5daisy9I2CHandle4Impl21queued_dma_transfers_E
                0x0000000024000b94       0x3c /mnt/c/Users/usman/Documents/GitHub/Marguerite/DaisyExamples/libDaisy/build/libdaisy.a(i2c.o)
                0x0000000024000b94                daisy::I2CHandle::Impl::queued_dma_transfers_
 .bss._ZN5daisy9I2CHandle4Impl22dma_active_peripheral_E
                0x0000000024000bd0        0x1 /mnt/c/Users/usman/Documents/GitHub/Marguerite/DaisyExamples/libDaisy/build/libdaisy.a(i2c.o)
                0x0000000024000bd0                daisy::I2CHandle::Impl::dma_active_peripheral_
 *fill*         0x0000000024000bd1        0x3 
 .bss._ZN5daisyL11i2c_handlesE
                0x0000000024000bd4      0x340 /mnt/c/Users/usman/Documents/GitHub/Marguerite/DaisyExamples/libDaisy/build/libdaisy.a(i2c.o)
 .bss.qspi_handle
                0x0000000024000f14       0x54 /mnt/c/Users/usman/Documents/GitHub/Marguerite/DaisyExamples/libDaisy/build/libdaisy.a(qspi.o)
 .bss._ZN5daisyL11sai_handlesE
                0x0000000024000f68      0x4b8 /mnt/c/Users/usman/Documents/GitHub/Marguerite/DaisyExamples/libDaisy/build/libdaisy.a(sai.o)
 .bss._ZL5hspi1
                0x0000000024001420       0x88 /mnt/c/Users/usman/Documents/GitHub/Marguerite/DaisyExamples/libDaisy/build/libdaisy.a(spi.o)
 .bss.tim       0x00000000240014a8       0x4c /mnt/c/Users/usman/Documents/GitHub/Marguerite/DaisyExamples/libDaisy/build/libdaisy.a(tim.o)